2026-08-10 17:19:45,704 | INFO | gpu_worker_1 | Worker 1 started on cuda:1
2026-08-10 17:19:45,706 | INFO | gpu_worker_1 | Starting task benchmark_gpu_1 (benchmark)
2026-08-10 17:19:52,328 | INFO | gpu_worker_1 | Starting task initialize_gpu_1 (initialize)
2026-08-10 17:20:09,008 | INFO | gpu_worker_1 | Starting task round_001_gpu_1 (train_round)
2026-08-10 17:31:12,970 | INFO | gpu_worker_1 | Starting task client_test_round_001_gpu_1 (evaluate_clients)
2026-08-10 17:33:49,154 | INFO | gpu_worker_1 | Starting task round_002_gpu_1 (train_round)
2026-08-10 17:44:54,035 | INFO | gpu_worker_1 | Starting task client_test_round_002_gpu_1 (evaluate_clients)
2026-08-10 17:47:29,916 | INFO | gpu_worker_1 | Starting task round_003_gpu_1 (train_round)
2026-08-10 17:58:34,949 | INFO | gpu_worker_1 | Starting task client_test_round_003_gpu_1 (evaluate_clients)
2026-08-10 18:01:11,319 | INFO | gpu_worker_1 | Starting task round_004_gpu_1 (train_round)
2026-08-10 18:12:16,878 | INFO | gpu_worker_1 | Starting task client_test_round_004_gpu_1 (evaluate_clients)
2026-08-10 18:14:52,901 | INFO | gpu_worker_1 | Starting task round_005_gpu_1 (train_round)
2026-08-10 18:25:55,986 | INFO | gpu_worker_1 | Starting task client_test_round_005_gpu_1 (evaluate_clients)
2026-08-10 18:28:31,764 | INFO | gpu_worker_1 | Starting task round_006_gpu_1 (train_round)
2026-08-10 18:39:35,063 | INFO | gpu_worker_1 | Starting task client_test_round_006_gpu_1 (evaluate_clients)
2026-08-10 18:42:10,907 | INFO | gpu_worker_1 | Starting task round_007_gpu_1 (train_round)
2026-08-10 18:53:13,388 | INFO | gpu_worker_1 | Starting task client_test_round_007_gpu_1 (evaluate_clients)
2026-08-10 18:55:49,474 | INFO | gpu_worker_1 | Starting task round_008_gpu_1 (train_round)
2026-08-10 19:06:45,959 | INFO | gpu_worker_1 | Starting task client_test_round_008_gpu_1 (evaluate_clients)
2026-08-10 19:09:21,918 | INFO | gpu_worker_1 | Starting task round_009_gpu_1 (train_round)
2026-08-10 19:20:16,817 | INFO | gpu_worker_1 | Starting task client_test_round_009_gpu_1 (evaluate_clients)
2026-08-10 19:22:52,687 | INFO | gpu_worker_1 | Starting task round_010_gpu_1 (train_round)
2026-08-10 19:33:50,125 | INFO | gpu_worker_1 | Starting task client_test_round_010_gpu_1 (evaluate_clients)
2026-08-10 19:36:28,006 | INFO | gpu_worker_1 | Starting task shutdown_gpu_1 (shutdown)
2026-08-10 19:36:28,006 | INFO | gpu_worker_1 | Worker 1 shutting down
