2026-08-10 07:29:26,568 | INFO | gpu_worker_0 | Worker 0 started on cuda:0
2026-08-10 07:29:26,572 | INFO | gpu_worker_0 | Starting task benchmark_gpu_0 (benchmark)
2026-08-10 07:29:32,287 | INFO | gpu_worker_0 | Starting task server_pretrain (pretrain)
2026-08-10 07:31:46,503 | INFO | gpu_worker_0 | Starting task initialize_gpu_0 (initialize)
2026-08-10 07:32:06,349 | INFO | gpu_worker_0 | Starting task round_001_gpu_0 (train_round)
2026-08-10 07:33:28,592 | INFO | gpu_worker_0 | Starting task client_test_round_001_gpu_0 (evaluate_clients)
2026-08-10 07:34:10,619 | INFO | gpu_worker_0 | Starting task server_test_round_001_gpu_0 (evaluate_server)
2026-08-10 07:34:14,949 | INFO | gpu_worker_0 | Starting task round_002_gpu_0 (train_round)
2026-08-10 07:35:38,246 | INFO | gpu_worker_0 | Starting task client_test_round_002_gpu_0 (evaluate_clients)
2026-08-10 07:36:19,989 | INFO | gpu_worker_0 | Starting task server_test_round_002_gpu_0 (evaluate_server)
2026-08-10 07:36:24,304 | INFO | gpu_worker_0 | Starting task round_003_gpu_0 (train_round)
2026-08-10 07:37:49,455 | INFO | gpu_worker_0 | Starting task client_test_round_003_gpu_0 (evaluate_clients)
2026-08-10 07:38:31,216 | INFO | gpu_worker_0 | Starting task server_test_round_003_gpu_0 (evaluate_server)
2026-08-10 07:38:35,532 | INFO | gpu_worker_0 | Starting task round_004_gpu_0 (train_round)
2026-08-10 07:39:58,842 | INFO | gpu_worker_0 | Starting task client_test_round_004_gpu_0 (evaluate_clients)
2026-08-10 07:40:40,604 | INFO | gpu_worker_0 | Starting task server_test_round_004_gpu_0 (evaluate_server)
2026-08-10 07:40:44,914 | INFO | gpu_worker_0 | Starting task round_005_gpu_0 (train_round)
2026-08-10 07:42:07,875 | INFO | gpu_worker_0 | Starting task client_test_round_005_gpu_0 (evaluate_clients)
2026-08-10 07:42:49,647 | INFO | gpu_worker_0 | Starting task server_test_round_005_gpu_0 (evaluate_server)
2026-08-10 07:42:53,958 | INFO | gpu_worker_0 | Starting task round_006_gpu_0 (train_round)
2026-08-10 07:44:17,090 | INFO | gpu_worker_0 | Starting task client_test_round_006_gpu_0 (evaluate_clients)
2026-08-10 07:44:58,852 | INFO | gpu_worker_0 | Starting task server_test_round_006_gpu_0 (evaluate_server)
2026-08-10 07:45:03,169 | INFO | gpu_worker_0 | Starting task round_007_gpu_0 (train_round)
2026-08-10 07:46:26,301 | INFO | gpu_worker_0 | Starting task client_test_round_007_gpu_0 (evaluate_clients)
2026-08-10 07:47:08,085 | INFO | gpu_worker_0 | Starting task server_test_round_007_gpu_0 (evaluate_server)
2026-08-10 07:47:12,405 | INFO | gpu_worker_0 | Starting task round_008_gpu_0 (train_round)
2026-08-10 07:48:35,370 | INFO | gpu_worker_0 | Starting task client_test_round_008_gpu_0 (evaluate_clients)
2026-08-10 07:49:17,163 | INFO | gpu_worker_0 | Starting task server_test_round_008_gpu_0 (evaluate_server)
2026-08-10 07:49:21,490 | INFO | gpu_worker_0 | Starting task round_009_gpu_0 (train_round)
2026-08-10 07:50:43,903 | INFO | gpu_worker_0 | Starting task client_test_round_009_gpu_0 (evaluate_clients)
2026-08-10 07:51:25,700 | INFO | gpu_worker_0 | Starting task server_test_round_009_gpu_0 (evaluate_server)
2026-08-10 07:51:30,050 | INFO | gpu_worker_0 | Starting task round_010_gpu_0 (train_round)
2026-08-10 07:52:53,309 | INFO | gpu_worker_0 | Starting task client_test_round_010_gpu_0 (evaluate_clients)
2026-08-10 07:53:35,114 | INFO | gpu_worker_0 | Starting task server_test_round_010_gpu_0 (evaluate_server)
2026-08-10 07:53:41,315 | INFO | gpu_worker_0 | Starting task shutdown_gpu_0 (shutdown)
2026-08-10 07:53:41,315 | INFO | gpu_worker_0 | Worker 0 shutting down
