2026-08-10 07:29:26,568 | INFO | gpu_worker_1 | Worker 1 started on cuda:1
2026-08-10 07:29:26,572 | INFO | gpu_worker_1 | Starting task benchmark_gpu_1 (benchmark)
2026-08-10 07:31:46,502 | INFO | gpu_worker_1 | Starting task initialize_gpu_1 (initialize)
2026-08-10 07:32:06,308 | INFO | gpu_worker_1 | Starting task round_001_gpu_1 (train_round)
2026-08-10 07:33:28,584 | INFO | gpu_worker_1 | Starting task client_test_round_001_gpu_1 (evaluate_clients)
2026-08-10 07:34:10,619 | INFO | gpu_worker_1 | Starting task server_test_round_001_gpu_1 (evaluate_server)
2026-08-10 07:34:14,896 | INFO | gpu_worker_1 | Starting task round_002_gpu_1 (train_round)
2026-08-10 07:35:38,246 | INFO | gpu_worker_1 | Starting task client_test_round_002_gpu_1 (evaluate_clients)
2026-08-10 07:36:19,989 | INFO | gpu_worker_1 | Starting task server_test_round_002_gpu_1 (evaluate_server)
2026-08-10 07:36:24,251 | INFO | gpu_worker_1 | Starting task round_003_gpu_1 (train_round)
2026-08-10 07:37:49,453 | INFO | gpu_worker_1 | Starting task client_test_round_003_gpu_1 (evaluate_clients)
2026-08-10 07:38:31,215 | INFO | gpu_worker_1 | Starting task server_test_round_003_gpu_1 (evaluate_server)
2026-08-10 07:38:35,480 | INFO | gpu_worker_1 | Starting task round_004_gpu_1 (train_round)
2026-08-10 07:39:58,841 | INFO | gpu_worker_1 | Starting task client_test_round_004_gpu_1 (evaluate_clients)
2026-08-10 07:40:40,604 | INFO | gpu_worker_1 | Starting task server_test_round_004_gpu_1 (evaluate_server)
2026-08-10 07:40:44,861 | INFO | gpu_worker_1 | Starting task round_005_gpu_1 (train_round)
2026-08-10 07:42:07,875 | INFO | gpu_worker_1 | Starting task client_test_round_005_gpu_1 (evaluate_clients)
2026-08-10 07:42:49,646 | INFO | gpu_worker_1 | Starting task server_test_round_005_gpu_1 (evaluate_server)
2026-08-10 07:42:53,906 | INFO | gpu_worker_1 | Starting task round_006_gpu_1 (train_round)
2026-08-10 07:44:17,083 | INFO | gpu_worker_1 | Starting task client_test_round_006_gpu_1 (evaluate_clients)
2026-08-10 07:44:58,853 | INFO | gpu_worker_1 | Starting task server_test_round_006_gpu_1 (evaluate_server)
2026-08-10 07:45:03,119 | INFO | gpu_worker_1 | Starting task round_007_gpu_1 (train_round)
2026-08-10 07:46:26,298 | INFO | gpu_worker_1 | Starting task client_test_round_007_gpu_1 (evaluate_clients)
2026-08-10 07:47:08,085 | INFO | gpu_worker_1 | Starting task server_test_round_007_gpu_1 (evaluate_server)
2026-08-10 07:47:12,355 | INFO | gpu_worker_1 | Starting task round_008_gpu_1 (train_round)
2026-08-10 07:48:35,370 | INFO | gpu_worker_1 | Starting task client_test_round_008_gpu_1 (evaluate_clients)
2026-08-10 07:49:17,163 | INFO | gpu_worker_1 | Starting task server_test_round_008_gpu_1 (evaluate_server)
2026-08-10 07:49:21,432 | INFO | gpu_worker_1 | Starting task round_009_gpu_1 (train_round)
2026-08-10 07:50:43,900 | INFO | gpu_worker_1 | Starting task client_test_round_009_gpu_1 (evaluate_clients)
2026-08-10 07:51:25,700 | INFO | gpu_worker_1 | Starting task server_test_round_009_gpu_1 (evaluate_server)
2026-08-10 07:51:29,998 | INFO | gpu_worker_1 | Starting task round_010_gpu_1 (train_round)
2026-08-10 07:52:53,306 | INFO | gpu_worker_1 | Starting task client_test_round_010_gpu_1 (evaluate_clients)
2026-08-10 07:53:35,114 | INFO | gpu_worker_1 | Starting task server_test_round_010_gpu_1 (evaluate_server)
2026-08-10 07:53:41,315 | INFO | gpu_worker_1 | Starting task shutdown_gpu_1 (shutdown)
2026-08-10 07:53:41,315 | INFO | gpu_worker_1 | Worker 1 shutting down
