2026-08-09 01:30:37,243 | INFO | gpu_worker_1 | Worker 1 started on cuda:1
2026-08-09 01:30:37,245 | INFO | gpu_worker_1 | Starting task benchmark_gpu_1 (benchmark)
2026-08-09 01:30:41,863 | INFO | gpu_worker_1 | Starting task initialize_gpu_1 (initialize)
2026-08-09 01:30:58,392 | INFO | gpu_worker_1 | Starting task round_001_gpu_1 (train_round)
2026-08-09 01:36:39,121 | INFO | gpu_worker_1 | Starting task server_test_round_001_gpu_1 (evaluate_server)
2026-08-09 01:36:55,443 | INFO | gpu_worker_1 | Starting task round_002_gpu_1 (train_round)
2026-08-09 01:42:47,487 | INFO | gpu_worker_1 | Starting task server_test_round_002_gpu_1 (evaluate_server)
2026-08-09 01:43:03,773 | INFO | gpu_worker_1 | Starting task round_003_gpu_1 (train_round)
2026-08-09 01:48:51,520 | INFO | gpu_worker_1 | Starting task server_test_round_003_gpu_1 (evaluate_server)
2026-08-09 01:49:07,798 | INFO | gpu_worker_1 | Starting task round_004_gpu_1 (train_round)
2026-08-09 01:54:58,801 | INFO | gpu_worker_1 | Starting task server_test_round_004_gpu_1 (evaluate_server)
2026-08-09 01:55:15,029 | INFO | gpu_worker_1 | Starting task round_005_gpu_1 (train_round)
2026-08-09 02:01:08,525 | INFO | gpu_worker_1 | Starting task server_test_round_005_gpu_1 (evaluate_server)
2026-08-09 02:01:24,744 | INFO | gpu_worker_1 | Starting task round_006_gpu_1 (train_round)
2026-08-09 02:07:19,310 | INFO | gpu_worker_1 | Starting task server_test_round_006_gpu_1 (evaluate_server)
2026-08-09 02:07:35,538 | INFO | gpu_worker_1 | Starting task round_007_gpu_1 (train_round)
2026-08-09 02:13:32,337 | INFO | gpu_worker_1 | Starting task server_test_round_007_gpu_1 (evaluate_server)
2026-08-09 02:13:48,602 | INFO | gpu_worker_1 | Starting task round_008_gpu_1 (train_round)
2026-08-09 02:19:40,316 | INFO | gpu_worker_1 | Starting task server_test_round_008_gpu_1 (evaluate_server)
2026-08-09 02:19:56,528 | INFO | gpu_worker_1 | Starting task round_009_gpu_1 (train_round)
2026-08-09 02:25:51,905 | INFO | gpu_worker_1 | Starting task server_test_round_009_gpu_1 (evaluate_server)
2026-08-09 02:26:08,225 | INFO | gpu_worker_1 | Starting task round_010_gpu_1 (train_round)
2026-08-09 02:32:09,496 | INFO | gpu_worker_1 | Starting task server_test_round_010_gpu_1 (evaluate_server)
2026-08-09 02:32:27,482 | INFO | gpu_worker_1 | Starting task shutdown_gpu_1 (shutdown)
2026-08-09 02:32:27,483 | INFO | gpu_worker_1 | Worker 1 shutting down
