2026-08-09 01:30:37,240 | INFO | gpu_worker_0 | Worker 0 started on cuda:0
2026-08-09 01:30:37,245 | INFO | gpu_worker_0 | Starting task benchmark_gpu_0 (benchmark)
2026-08-09 01:30:41,863 | INFO | gpu_worker_0 | Starting task initialize_gpu_0 (initialize)
2026-08-09 01:30:58,385 | INFO | gpu_worker_0 | Starting task round_001_gpu_0 (train_round)
2026-08-09 01:36:39,120 | INFO | gpu_worker_0 | Starting task server_test_round_001_gpu_0 (evaluate_server)
2026-08-09 01:36:55,444 | INFO | gpu_worker_0 | Starting task round_002_gpu_0 (train_round)
2026-08-09 01:42:47,487 | INFO | gpu_worker_0 | Starting task server_test_round_002_gpu_0 (evaluate_server)
2026-08-09 01:43:03,772 | INFO | gpu_worker_0 | Starting task round_003_gpu_0 (train_round)
2026-08-09 01:48:51,519 | INFO | gpu_worker_0 | Starting task server_test_round_003_gpu_0 (evaluate_server)
2026-08-09 01:49:07,795 | INFO | gpu_worker_0 | Starting task round_004_gpu_0 (train_round)
2026-08-09 01:54:58,801 | INFO | gpu_worker_0 | Starting task server_test_round_004_gpu_0 (evaluate_server)
2026-08-09 01:55:15,027 | INFO | gpu_worker_0 | Starting task round_005_gpu_0 (train_round)
2026-08-09 02:01:08,526 | INFO | gpu_worker_0 | Starting task server_test_round_005_gpu_0 (evaluate_server)
2026-08-09 02:01:24,745 | INFO | gpu_worker_0 | Starting task round_006_gpu_0 (train_round)
2026-08-09 02:07:19,309 | INFO | gpu_worker_0 | Starting task server_test_round_006_gpu_0 (evaluate_server)
2026-08-09 02:07:35,539 | INFO | gpu_worker_0 | Starting task round_007_gpu_0 (train_round)
2026-08-09 02:13:32,337 | INFO | gpu_worker_0 | Starting task server_test_round_007_gpu_0 (evaluate_server)
2026-08-09 02:13:48,601 | INFO | gpu_worker_0 | Starting task round_008_gpu_0 (train_round)
2026-08-09 02:19:40,315 | INFO | gpu_worker_0 | Starting task server_test_round_008_gpu_0 (evaluate_server)
2026-08-09 02:19:56,528 | INFO | gpu_worker_0 | Starting task round_009_gpu_0 (train_round)
2026-08-09 02:25:51,905 | INFO | gpu_worker_0 | Starting task server_test_round_009_gpu_0 (evaluate_server)
2026-08-09 02:26:08,225 | INFO | gpu_worker_0 | Starting task round_010_gpu_0 (train_round)
2026-08-09 02:32:09,496 | INFO | gpu_worker_0 | Starting task server_test_round_010_gpu_0 (evaluate_server)
2026-08-09 02:32:27,482 | INFO | gpu_worker_0 | Starting task shutdown_gpu_0 (shutdown)
2026-08-09 02:32:27,482 | INFO | gpu_worker_0 | Worker 0 shutting down
