2026-08-09 08:04:29,182 | fedcaps-worker-0 | INFO | Worker 0 process started; binding CUDA device next
2026-08-09 08:04:29,730 | fedcaps-worker-0 | INFO | Worker 0 started on Tesla T4
2026-08-09 08:04:29,735 | fedcaps-worker-0 | INFO | [TASK] GPU 0 task=benchmark_g0 kind=benchmark start
2026-08-09 08:04:34,922 | fedcaps-worker-0 | INFO | [TASK] GPU 0 task=benchmark_g0 kind=benchmark complete seconds=5.19
2026-08-09 08:04:34,985 | fedcaps-worker-0 | INFO | [TASK] GPU 0 task=cache_g0 kind=initialize_cache start
2026-08-09 08:04:43,417 | fedcaps-worker-0 | INFO | GPU 0 cache phase=search clients=[2, 3, 4, 5, 6] planned=1,537,139,756 actual=1,537,139,756 budget=10,945,226,342
2026-08-09 08:04:43,418 | fedcaps-worker-0 | INFO | [TASK] GPU 0 task=cache_g0 kind=initialize_cache complete seconds=8.43
2026-08-09 08:04:46,759 | fedcaps-worker-0 | INFO | [TASK] GPU 0 task=collect_g0 kind=collect_records start
2026-08-09 08:04:46,759 | fedcaps-worker-0 | INFO | [STAGE MARLFS] GPU 0 client=2 family=transformer start epochs=300
2026-08-09 08:04:51,007 | fedcaps-worker-0 | INFO | [STAGE MARLFS] GPU 0 client=2 epoch=1/300 subset=11 micro_f1=0.462790 macro_f1=0.052668 train_loss=2.021826 q_loss=0.207054 candidate_seconds=4.05
2026-08-09 08:05:24,549 | fedcaps-worker-0 | INFO | [STAGE MARLFS] GPU 0 client=2 epoch=10/300 subset=12 micro_f1=0.435770 macro_f1=0.035949 train_loss=2.137866 q_loss=0.126870 candidate_seconds=3.76
2026-08-09 08:06:03,426 | fedcaps-worker-0 | INFO | [STAGE MARLFS] GPU 0 client=2 epoch=20/300 subset=13 micro_f1=0.432790 macro_f1=0.040029 train_loss=2.237027 q_loss=0.056654 candidate_seconds=3.93
2026-08-09 08:06:41,632 | fedcaps-worker-0 | INFO | [STAGE MARLFS] GPU 0 client=2 epoch=30/300 subset=14 micro_f1=0.439610 macro_f1=0.038064 train_loss=2.202388 q_loss=0.036647 candidate_seconds=4.05
2026-08-09 08:07:20,212 | fedcaps-worker-0 | INFO | [STAGE MARLFS] GPU 0 client=2 epoch=40/300 subset=11 micro_f1=0.494780 macro_f1=0.060616 train_loss=2.056030 q_loss=0.021950 candidate_seconds=3.77
2026-08-09 08:08:01,121 | fedcaps-worker-0 | INFO | [STAGE MARLFS] GPU 0 client=2 epoch=50/300 subset=10 micro_f1=0.549200 macro_f1=0.057623 train_loss=1.962182 q_loss=0.023199 candidate_seconds=3.76
2026-08-09 08:08:40,618 | fedcaps-worker-0 | INFO | [STAGE MARLFS] GPU 0 client=2 epoch=60/300 subset=9 micro_f1=0.507660 macro_f1=0.055386 train_loss=2.067055 q_loss=0.020731 candidate_seconds=3.78
2026-08-09 08:09:20,601 | fedcaps-worker-0 | INFO | [STAGE MARLFS] GPU 0 client=2 epoch=70/300 subset=15 micro_f1=0.415810 macro_f1=0.036618 train_loss=2.232047 q_loss=0.025338 candidate_seconds=4.18
2026-08-09 08:09:59,814 | fedcaps-worker-0 | INFO | [STAGE MARLFS] GPU 0 client=2 epoch=80/300 subset=10 micro_f1=0.461980 macro_f1=0.040910 train_loss=2.104441 q_loss=0.021668 candidate_seconds=3.58
2026-08-09 08:10:39,062 | fedcaps-worker-0 | INFO | [STAGE MARLFS] GPU 0 client=2 epoch=90/300 subset=18 micro_f1=0.440880 macro_f1=0.035162 train_loss=2.239588 q_loss=0.034733 candidate_seconds=4.40
2026-08-09 08:11:18,561 | fedcaps-worker-0 | INFO | [STAGE MARLFS] GPU 0 client=2 epoch=100/300 subset=10 micro_f1=0.415550 macro_f1=0.044575 train_loss=2.176866 q_loss=0.100476 candidate_seconds=3.98
2026-08-09 08:11:58,647 | fedcaps-worker-0 | INFO | [STAGE MARLFS] GPU 0 client=2 epoch=110/300 subset=11 micro_f1=0.427970 macro_f1=0.035662 train_loss=2.221344 q_loss=0.010969 candidate_seconds=3.77
2026-08-09 08:12:38,195 | fedcaps-worker-0 | INFO | [STAGE MARLFS] GPU 0 client=2 epoch=120/300 subset=11 micro_f1=0.528960 macro_f1=0.056230 train_loss=2.062758 q_loss=0.006504 candidate_seconds=3.91
2026-08-09 08:13:16,338 | fedcaps-worker-0 | INFO | [STAGE MARLFS] GPU 0 client=2 epoch=130/300 subset=11 micro_f1=0.476360 macro_f1=0.052462 train_loss=2.026205 q_loss=0.023017 candidate_seconds=4.08
2026-08-09 08:13:55,458 | fedcaps-worker-0 | INFO | [STAGE MARLFS] GPU 0 client=2 epoch=140/300 subset=17 micro_f1=0.445180 macro_f1=0.046167 train_loss=2.210732 q_loss=0.040996 candidate_seconds=4.45
2026-08-09 08:14:34,671 | fedcaps-worker-0 | INFO | [STAGE MARLFS] GPU 0 client=2 epoch=150/300 subset=18 micro_f1=0.444940 macro_f1=0.040494 train_loss=2.069216 q_loss=0.042351 candidate_seconds=4.44
2026-08-09 08:15:14,601 | fedcaps-worker-0 | INFO | [STAGE MARLFS] GPU 0 client=2 epoch=160/300 subset=19 micro_f1=0.435280 macro_f1=0.034776 train_loss=2.188829 q_loss=0.058327 candidate_seconds=4.61
2026-08-09 08:15:56,679 | fedcaps-worker-0 | INFO | [STAGE MARLFS] GPU 0 client=2 epoch=170/300 subset=19 micro_f1=0.565720 macro_f1=0.061834 train_loss=2.035628 q_loss=0.033802 candidate_seconds=4.55
2026-08-09 08:16:37,327 | fedcaps-worker-0 | INFO | [STAGE MARLFS] GPU 0 client=2 epoch=180/300 subset=16 micro_f1=0.445320 macro_f1=0.035876 train_loss=2.158843 q_loss=0.010592 candidate_seconds=4.22
2026-08-09 08:17:20,430 | fedcaps-worker-0 | INFO | [STAGE MARLFS] GPU 0 client=2 epoch=190/300 subset=17 micro_f1=0.444510 macro_f1=0.035554 train_loss=2.169278 q_loss=0.011200 candidate_seconds=4.34
2026-08-09 08:18:01,385 | fedcaps-worker-0 | INFO | [STAGE MARLFS] GPU 0 client=2 epoch=200/300 subset=17 micro_f1=0.564750 macro_f1=0.067065 train_loss=1.977940 q_loss=0.056261 candidate_seconds=4.30
2026-08-09 08:18:43,111 | fedcaps-worker-0 | INFO | [STAGE MARLFS] GPU 0 client=2 epoch=210/300 subset=16 micro_f1=0.447550 macro_f1=0.037488 train_loss=2.127595 q_loss=0.013356 candidate_seconds=4.05
2026-08-09 08:19:23,078 | fedcaps-worker-0 | INFO | [STAGE MARLFS] GPU 0 client=2 epoch=220/300 subset=10 micro_f1=0.543170 macro_f1=0.057860 train_loss=1.985788 q_loss=0.010031 candidate_seconds=3.94
2026-08-09 08:20:03,825 | fedcaps-worker-0 | INFO | [STAGE MARLFS] GPU 0 client=2 epoch=230/300 subset=17 micro_f1=0.558240 macro_f1=0.065234 train_loss=1.996274 q_loss=0.001484 candidate_seconds=4.26
2026-08-09 08:20:44,763 | fedcaps-worker-0 | INFO | [STAGE MARLFS] GPU 0 client=2 epoch=240/300 subset=15 micro_f1=0.561310 macro_f1=0.062821 train_loss=1.976052 q_loss=0.002500 candidate_seconds=4.01
2026-08-09 08:21:26,637 | fedcaps-worker-0 | INFO | [STAGE MARLFS] GPU 0 client=2 epoch=250/300 subset=16 micro_f1=0.555400 macro_f1=0.060366 train_loss=2.019098 q_loss=0.006324 candidate_seconds=4.24
2026-08-09 08:22:08,195 | fedcaps-worker-0 | INFO | [STAGE MARLFS] GPU 0 client=2 epoch=260/300 subset=16 micro_f1=0.546310 macro_f1=0.059437 train_loss=1.998676 q_loss=0.004242 candidate_seconds=4.22
2026-08-09 08:22:49,035 | fedcaps-worker-0 | INFO | [STAGE MARLFS] GPU 0 client=2 epoch=270/300 subset=16 micro_f1=0.556710 macro_f1=0.063295 train_loss=1.990477 q_loss=0.013183 candidate_seconds=4.25
2026-08-09 08:23:30,535 | fedcaps-worker-0 | INFO | [STAGE MARLFS] GPU 0 client=2 epoch=280/300 subset=16 micro_f1=0.562920 macro_f1=0.063273 train_loss=2.001713 q_loss=0.003067 candidate_seconds=4.24
2026-08-09 08:24:14,759 | fedcaps-worker-0 | INFO | [STAGE MARLFS] GPU 0 client=2 epoch=290/300 subset=15 micro_f1=0.548330 macro_f1=0.060616 train_loss=2.038853 q_loss=0.010527 candidate_seconds=4.13
2026-08-09 08:24:57,167 | fedcaps-worker-0 | INFO | [STAGE MARLFS] GPU 0 client=2 epoch=300/300 subset=14 micro_f1=0.416310 macro_f1=0.033320 train_loss=2.247605 q_loss=0.005908 candidate_seconds=3.89
2026-08-09 08:24:57,167 | fedcaps-worker-0 | INFO | [STAGE MARLFS] GPU 0 client=2 complete records=300 seconds=1210.41
2026-08-09 08:24:57,167 | fedcaps-worker-0 | INFO | [STAGE MARLFS] GPU 0 client=3 family=transformer start epochs=300
2026-08-09 08:25:00,750 | fedcaps-worker-0 | INFO | [STAGE MARLFS] GPU 0 client=3 epoch=1/300 subset=9 micro_f1=0.560500 macro_f1=0.033494 train_loss=1.436616 q_loss=0.232996 candidate_seconds=3.57
2026-08-09 08:25:34,509 | fedcaps-worker-0 | INFO | [STAGE MARLFS] GPU 0 client=3 epoch=10/300 subset=11 micro_f1=0.569110 macro_f1=0.034427 train_loss=1.447685 q_loss=0.110780 candidate_seconds=3.89
2026-08-09 08:26:13,130 | fedcaps-worker-0 | INFO | [STAGE MARLFS] GPU 0 client=3 epoch=20/300 subset=11 micro_f1=0.824780 macro_f1=0.051910 train_loss=1.060935 q_loss=0.120066 candidate_seconds=3.75
2026-08-09 08:26:51,273 | fedcaps-worker-0 | INFO | [STAGE MARLFS] GPU 0 client=3 epoch=30/300 subset=11 micro_f1=0.722350 macro_f1=0.051398 train_loss=1.378966 q_loss=0.056627 candidate_seconds=3.98
2026-08-09 08:27:29,704 | fedcaps-worker-0 | INFO | [STAGE MARLFS] GPU 0 client=3 epoch=40/300 subset=10 micro_f1=0.719800 macro_f1=0.046123 train_loss=1.347627 q_loss=0.017738 candidate_seconds=3.74
2026-08-09 08:28:09,022 | fedcaps-worker-0 | INFO | [STAGE MARLFS] GPU 0 client=3 epoch=50/300 subset=16 micro_f1=0.488390 macro_f1=0.024929 train_loss=1.466660 q_loss=0.044804 candidate_seconds=4.20
2026-08-09 08:28:48,319 | fedcaps-worker-0 | INFO | [STAGE MARLFS] GPU 0 client=3 epoch=60/300 subset=13 micro_f1=0.800080 macro_f1=0.050198 train_loss=1.185475 q_loss=0.014217 candidate_seconds=4.05
2026-08-09 08:29:27,945 | fedcaps-worker-0 | INFO | [STAGE MARLFS] GPU 0 client=3 epoch=70/300 subset=14 micro_f1=0.601240 macro_f1=0.036465 train_loss=1.364907 q_loss=0.009792 candidate_seconds=4.17
2026-08-09 08:30:07,271 | fedcaps-worker-0 | INFO | [STAGE MARLFS] GPU 0 client=3 epoch=80/300 subset=11 micro_f1=0.783820 macro_f1=0.049261 train_loss=1.254024 q_loss=0.013170 candidate_seconds=3.72
2026-08-09 08:30:46,578 | fedcaps-worker-0 | INFO | [STAGE MARLFS] GPU 0 client=3 epoch=90/300 subset=15 micro_f1=0.808960 macro_f1=0.050843 train_loss=1.203960 q_loss=0.024567 candidate_seconds=4.08
2026-08-09 08:31:26,985 | fedcaps-worker-0 | INFO | [STAGE MARLFS] GPU 0 client=3 epoch=100/300 subset=16 micro_f1=0.798280 macro_f1=0.050136 train_loss=1.260750 q_loss=0.077923 candidate_seconds=4.13
2026-08-09 08:32:07,146 | fedcaps-worker-0 | INFO | [STAGE MARLFS] GPU 0 client=3 epoch=110/300 subset=18 micro_f1=0.567650 macro_f1=0.033569 train_loss=1.413622 q_loss=0.027787 candidate_seconds=4.47
2026-08-09 08:32:48,682 | fedcaps-worker-0 | INFO | [STAGE MARLFS] GPU 0 client=3 epoch=120/300 subset=19 micro_f1=0.797380 macro_f1=0.050042 train_loss=1.230848 q_loss=0.024049 candidate_seconds=4.56
2026-08-09 08:33:28,657 | fedcaps-worker-0 | INFO | [STAGE MARLFS] GPU 0 client=3 epoch=130/300 subset=12 micro_f1=0.613140 macro_f1=0.037675 train_loss=1.428675 q_loss=0.023838 candidate_seconds=3.88
2026-08-09 08:34:10,400 | fedcaps-worker-0 | INFO | [STAGE MARLFS] GPU 0 client=3 epoch=140/300 subset=20 micro_f1=0.536200 macro_f1=0.034048 train_loss=1.412663 q_loss=0.016196 candidate_seconds=4.60
2026-08-09 08:34:50,485 | fedcaps-worker-0 | INFO | [STAGE MARLFS] GPU 0 client=3 epoch=150/300 subset=11 micro_f1=0.826710 macro_f1=0.051988 train_loss=1.105792 q_loss=0.011311 candidate_seconds=3.62
2026-08-09 08:35:30,557 | fedcaps-worker-0 | INFO | [STAGE MARLFS] GPU 0 client=3 epoch=160/300 subset=15 micro_f1=0.796090 macro_f1=0.054273 train_loss=1.227692 q_loss=0.017544 candidate_seconds=4.19
2026-08-09 08:36:10,629 | fedcaps-worker-0 | INFO | [STAGE MARLFS] GPU 0 client=3 epoch=170/300 subset=15 micro_f1=0.812310 macro_f1=0.051097 train_loss=1.197041 q_loss=0.017967 candidate_seconds=4.09
2026-08-09 08:36:51,211 | fedcaps-worker-0 | INFO | [STAGE MARLFS] GPU 0 client=3 epoch=180/300 subset=17 micro_f1=0.824360 macro_f1=0.051857 train_loss=1.128148 q_loss=0.017283 candidate_seconds=4.40
2026-08-09 08:37:32,776 | fedcaps-worker-0 | INFO | [STAGE MARLFS] GPU 0 client=3 epoch=190/300 subset=15 micro_f1=0.801450 macro_f1=0.050451 train_loss=1.179540 q_loss=0.016465 candidate_seconds=4.03
2026-08-09 08:38:16,542 | fedcaps-worker-0 | INFO | [STAGE MARLFS] GPU 0 client=3 epoch=200/300 subset=16 micro_f1=0.806480 macro_f1=0.050745 train_loss=1.164272 q_loss=0.004911 candidate_seconds=4.31
2026-08-09 08:39:00,712 | fedcaps-worker-0 | INFO | [STAGE MARLFS] GPU 0 client=3 epoch=210/300 subset=17 micro_f1=0.799230 macro_f1=0.050222 train_loss=1.256840 q_loss=0.002497 candidate_seconds=4.32
2026-08-09 08:39:42,908 | fedcaps-worker-0 | INFO | [STAGE MARLFS] GPU 0 client=3 epoch=220/300 subset=18 micro_f1=0.568310 macro_f1=0.034349 train_loss=1.416447 q_loss=0.004334 candidate_seconds=4.47
2026-08-09 08:40:25,696 | fedcaps-worker-0 | INFO | [STAGE MARLFS] GPU 0 client=3 epoch=230/300 subset=12 micro_f1=0.818270 macro_f1=0.051467 train_loss=1.149023 q_loss=0.016108 candidate_seconds=3.83
2026-08-09 08:41:09,834 | fedcaps-worker-0 | INFO | [STAGE MARLFS] GPU 0 client=3 epoch=240/300 subset=18 micro_f1=0.806230 macro_f1=0.050674 train_loss=1.184512 q_loss=0.006236 candidate_seconds=4.48
2026-08-09 08:41:54,083 | fedcaps-worker-0 | INFO | [STAGE MARLFS] GPU 0 client=3 epoch=250/300 subset=18 micro_f1=0.806500 macro_f1=0.050682 train_loss=1.184637 q_loss=0.006649 candidate_seconds=4.36
2026-08-09 08:42:38,594 | fedcaps-worker-0 | INFO | [STAGE MARLFS] GPU 0 client=3 epoch=260/300 subset=16 micro_f1=0.806210 macro_f1=0.050686 train_loss=1.144021 q_loss=0.021642 candidate_seconds=4.33
2026-08-09 08:43:20,943 | fedcaps-worker-0 | INFO | [STAGE MARLFS] GPU 0 client=3 epoch=270/300 subset=16 micro_f1=0.709100 macro_f1=0.044315 train_loss=1.397992 q_loss=0.009103 candidate_seconds=4.10
2026-08-09 08:44:05,833 | fedcaps-worker-0 | INFO | [STAGE MARLFS] GPU 0 client=3 epoch=280/300 subset=15 micro_f1=0.517260 macro_f1=0.030256 train_loss=1.446526 q_loss=0.066973 candidate_seconds=4.02
2026-08-09 08:44:47,173 | fedcaps-worker-0 | INFO | [STAGE MARLFS] GPU 0 client=3 epoch=290/300 subset=12 micro_f1=0.812870 macro_f1=0.051142 train_loss=1.194883 q_loss=0.004029 candidate_seconds=3.93
2026-08-09 08:45:26,769 | fedcaps-worker-0 | INFO | [STAGE MARLFS] GPU 0 client=3 epoch=300/300 subset=13 micro_f1=0.811760 macro_f1=0.051088 train_loss=1.166191 q_loss=0.004643 candidate_seconds=3.89
2026-08-09 08:45:26,769 | fedcaps-worker-0 | INFO | [STAGE MARLFS] GPU 0 client=3 complete records=300 seconds=1229.60
2026-08-09 08:45:26,769 | fedcaps-worker-0 | INFO | [STAGE MARLFS] GPU 0 client=4 family=transformer start epochs=300
2026-08-09 08:45:30,664 | fedcaps-worker-0 | INFO | [STAGE MARLFS] GPU 0 client=4 epoch=1/300 subset=13 micro_f1=0.830960 macro_f1=0.027340 train_loss=0.858312 q_loss=0.435329 candidate_seconds=3.88
2026-08-09 08:46:05,990 | fedcaps-worker-0 | INFO | [STAGE MARLFS] GPU 0 client=4 epoch=10/300 subset=11 micro_f1=0.830480 macro_f1=0.026688 train_loss=0.850593 q_loss=0.198654 candidate_seconds=3.84
2026-08-09 08:46:45,708 | fedcaps-worker-0 | INFO | [STAGE MARLFS] GPU 0 client=4 epoch=20/300 subset=16 micro_f1=0.850770 macro_f1=0.038992 train_loss=0.827024 q_loss=0.123622 candidate_seconds=4.08
2026-08-09 08:47:25,594 | fedcaps-worker-0 | INFO | [STAGE MARLFS] GPU 0 client=4 epoch=30/300 subset=14 micro_f1=0.840100 macro_f1=0.033406 train_loss=0.837601 q_loss=0.074137 candidate_seconds=3.92
2026-08-09 08:48:05,704 | fedcaps-worker-0 | INFO | [STAGE MARLFS] GPU 0 client=4 epoch=40/300 subset=13 micro_f1=0.846540 macro_f1=0.035931 train_loss=0.858982 q_loss=0.091471 candidate_seconds=4.10
2026-08-09 08:48:44,567 | fedcaps-worker-0 | INFO | [STAGE MARLFS] GPU 0 client=4 epoch=50/300 subset=11 micro_f1=0.839750 macro_f1=0.032264 train_loss=0.855066 q_loss=0.079354 candidate_seconds=3.84
2026-08-09 08:49:25,161 | fedcaps-worker-0 | INFO | [STAGE MARLFS] GPU 0 client=4 epoch=60/300 subset=12 micro_f1=0.838930 macro_f1=0.030733 train_loss=0.833061 q_loss=0.018735 candidate_seconds=3.70
2026-08-09 08:50:04,660 | fedcaps-worker-0 | INFO | [STAGE MARLFS] GPU 0 client=4 epoch=70/300 subset=14 micro_f1=0.855080 macro_f1=0.040005 train_loss=0.836208 q_loss=0.078776 candidate_seconds=4.01
2026-08-09 08:50:43,983 | fedcaps-worker-0 | INFO | [STAGE MARLFS] GPU 0 client=4 epoch=80/300 subset=13 micro_f1=0.848710 macro_f1=0.038829 train_loss=0.835805 q_loss=0.018704 candidate_seconds=3.93
2026-08-09 08:51:24,839 | fedcaps-worker-0 | INFO | [STAGE MARLFS] GPU 0 client=4 epoch=90/300 subset=15 micro_f1=0.830480 macro_f1=0.026688 train_loss=0.861724 q_loss=0.009485 candidate_seconds=4.14
2026-08-09 08:52:05,110 | fedcaps-worker-0 | INFO | [STAGE MARLFS] GPU 0 client=4 epoch=100/300 subset=17 micro_f1=0.845430 macro_f1=0.036615 train_loss=0.837287 q_loss=0.057635 candidate_seconds=4.29
2026-08-09 08:52:45,173 | fedcaps-worker-0 | INFO | [STAGE MARLFS] GPU 0 client=4 epoch=110/300 subset=12 micro_f1=0.854410 macro_f1=0.039035 train_loss=0.844520 q_loss=0.019768 candidate_seconds=3.74
2026-08-09 08:53:25,380 | fedcaps-worker-0 | INFO | [STAGE MARLFS] GPU 0 client=4 epoch=120/300 subset=14 micro_f1=0.830480 macro_f1=0.026688 train_loss=0.865804 q_loss=0.023400 candidate_seconds=3.92
2026-08-09 08:54:07,725 | fedcaps-worker-0 | INFO | [STAGE MARLFS] GPU 0 client=4 epoch=130/300 subset=17 micro_f1=0.829830 macro_f1=0.028832 train_loss=0.858491 q_loss=0.024452 candidate_seconds=4.40
2026-08-09 08:54:48,658 | fedcaps-worker-0 | INFO | [STAGE MARLFS] GPU 0 client=4 epoch=140/300 subset=17 micro_f1=0.830440 macro_f1=0.026691 train_loss=0.889757 q_loss=0.052230 candidate_seconds=4.28
2026-08-09 08:55:29,010 | fedcaps-worker-0 | INFO | [STAGE MARLFS] GPU 0 client=4 epoch=150/300 subset=16 micro_f1=0.830480 macro_f1=0.026688 train_loss=0.865412 q_loss=0.005504 candidate_seconds=4.07
2026-08-09 08:56:09,093 | fedcaps-worker-0 | INFO | [STAGE MARLFS] GPU 0 client=4 epoch=160/300 subset=10 micro_f1=0.830470 macro_f1=0.026690 train_loss=0.862251 q_loss=0.083314 candidate_seconds=3.73
2026-08-09 08:56:50,887 | fedcaps-worker-0 | INFO | [STAGE MARLFS] GPU 0 client=4 epoch=170/300 subset=19 micro_f1=0.830460 macro_f1=0.026688 train_loss=0.894651 q_loss=0.005378 candidate_seconds=4.55
2026-08-09 08:57:32,913 | fedcaps-worker-0 | INFO | [STAGE MARLFS] GPU 0 client=4 epoch=180/300 subset=17 micro_f1=0.830250 macro_f1=0.026755 train_loss=0.884731 q_loss=0.014963 candidate_seconds=4.24
2026-08-09 08:58:16,703 | fedcaps-worker-0 | INFO | [STAGE MARLFS] GPU 0 client=4 epoch=190/300 subset=15 micro_f1=0.830480 macro_f1=0.026688 train_loss=0.877161 q_loss=0.041980 candidate_seconds=4.12
2026-08-09 08:58:57,630 | fedcaps-worker-0 | INFO | [STAGE MARLFS] GPU 0 client=4 epoch=200/300 subset=14 micro_f1=0.830480 macro_f1=0.026688 train_loss=0.867476 q_loss=0.006201 candidate_seconds=3.99
2026-08-09 08:59:39,223 | fedcaps-worker-0 | INFO | [STAGE MARLFS] GPU 0 client=4 epoch=210/300 subset=15 micro_f1=0.832910 macro_f1=0.029287 train_loss=0.871271 q_loss=0.006142 candidate_seconds=4.06
2026-08-09 09:00:22,341 | fedcaps-worker-0 | INFO | [STAGE MARLFS] GPU 0 client=4 epoch=220/300 subset=17 micro_f1=0.833400 macro_f1=0.029099 train_loss=0.854262 q_loss=0.008470 candidate_seconds=4.27
2026-08-09 09:01:05,829 | fedcaps-worker-0 | INFO | [STAGE MARLFS] GPU 0 client=4 epoch=230/300 subset=17 micro_f1=0.859700 macro_f1=0.040948 train_loss=0.824824 q_loss=0.019011 candidate_seconds=4.24
2026-08-09 09:01:48,718 | fedcaps-worker-0 | INFO | [STAGE MARLFS] GPU 0 client=4 epoch=240/300 subset=17 micro_f1=0.832170 macro_f1=0.028219 train_loss=0.847082 q_loss=0.008852 candidate_seconds=4.44
2026-08-09 09:02:30,812 | fedcaps-worker-0 | INFO | [STAGE MARLFS] GPU 0 client=4 epoch=250/300 subset=11 micro_f1=0.829890 macro_f1=0.027596 train_loss=0.826294 q_loss=0.026777 candidate_seconds=3.66
2026-08-09 09:03:12,594 | fedcaps-worker-0 | INFO | [STAGE MARLFS] GPU 0 client=4 epoch=260/300 subset=20 micro_f1=0.828780 macro_f1=0.027710 train_loss=0.857592 q_loss=0.003750 candidate_seconds=4.58
2026-08-09 09:03:59,804 | fedcaps-worker-0 | INFO | [STAGE MARLFS] GPU 0 client=4 epoch=270/300 subset=21 micro_f1=0.833700 macro_f1=0.030180 train_loss=0.849994 q_loss=0.003764 candidate_seconds=4.96
2026-08-09 09:04:46,833 | fedcaps-worker-0 | INFO | [STAGE MARLFS] GPU 0 client=4 epoch=280/300 subset=19 micro_f1=0.839350 macro_f1=0.033033 train_loss=0.839397 q_loss=0.008883 candidate_seconds=4.48
2026-08-09 09:05:32,396 | fedcaps-worker-0 | INFO | [STAGE MARLFS] GPU 0 client=4 epoch=290/300 subset=21 micro_f1=0.843450 macro_f1=0.035422 train_loss=0.833832 q_loss=0.003219 candidate_seconds=4.83
2026-08-09 09:06:14,089 | fedcaps-worker-0 | INFO | [STAGE MARLFS] GPU 0 client=4 epoch=300/300 subset=15 micro_f1=0.861900 macro_f1=0.041991 train_loss=0.837475 q_loss=0.005291 candidate_seconds=4.02
2026-08-09 09:06:14,089 | fedcaps-worker-0 | INFO | [STAGE MARLFS] GPU 0 client=4 complete records=300 seconds=1247.32
2026-08-09 09:06:14,089 | fedcaps-worker-0 | INFO | [STAGE MARLFS] GPU 0 client=5 family=transformer start epochs=300
2026-08-09 09:06:18,243 | fedcaps-worker-0 | INFO | [STAGE MARLFS] GPU 0 client=5 epoch=1/300 subset=16 micro_f1=0.927810 macro_f1=0.054111 train_loss=0.763279 q_loss=0.519665 candidate_seconds=4.14
2026-08-09 09:06:52,636 | fedcaps-worker-0 | INFO | [STAGE MARLFS] GPU 0 client=5 epoch=10/300 subset=14 micro_f1=0.716160 macro_f1=0.026617 train_loss=0.954966 q_loss=0.120507 candidate_seconds=3.88
2026-08-09 09:07:30,919 | fedcaps-worker-0 | INFO | [STAGE MARLFS] GPU 0 client=5 epoch=20/300 subset=18 micro_f1=0.918590 macro_f1=0.053490 train_loss=0.813179 q_loss=0.185191 candidate_seconds=4.40
2026-08-09 09:08:09,700 | fedcaps-worker-0 | INFO | [STAGE MARLFS] GPU 0 client=5 epoch=30/300 subset=8 micro_f1=0.730630 macro_f1=0.025026 train_loss=0.990788 q_loss=0.017500 candidate_seconds=3.51
2026-08-09 09:08:48,274 | fedcaps-worker-0 | INFO | [STAGE MARLFS] GPU 0 client=5 epoch=40/300 subset=13 micro_f1=0.724600 macro_f1=0.026385 train_loss=0.984916 q_loss=0.014252 candidate_seconds=4.06
2026-08-09 09:09:27,437 | fedcaps-worker-0 | INFO | [STAGE MARLFS] GPU 0 client=5 epoch=50/300 subset=12 micro_f1=0.946130 macro_f1=0.055724 train_loss=0.729559 q_loss=0.034727 candidate_seconds=3.75
2026-08-09 09:10:05,776 | fedcaps-worker-0 | INFO | [STAGE MARLFS] GPU 0 client=5 epoch=60/300 subset=14 micro_f1=0.926920 macro_f1=0.053902 train_loss=0.805961 q_loss=0.074901 candidate_seconds=3.90
2026-08-09 09:10:46,083 | fedcaps-worker-0 | INFO | [STAGE MARLFS] GPU 0 client=5 epoch=70/300 subset=15 micro_f1=0.935240 macro_f1=0.054762 train_loss=0.786153 q_loss=0.023344 candidate_seconds=4.10
2026-08-09 09:11:27,122 | fedcaps-worker-0 | INFO | [STAGE MARLFS] GPU 0 client=5 epoch=80/300 subset=14 micro_f1=0.728590 macro_f1=0.024844 train_loss=0.998288 q_loss=0.019966 candidate_seconds=3.99
2026-08-09 09:12:07,130 | fedcaps-worker-0 | INFO | [STAGE MARLFS] GPU 0 client=5 epoch=90/300 subset=14 micro_f1=0.959410 macro_f1=0.056785 train_loss=0.645999 q_loss=0.013028 candidate_seconds=4.09
2026-08-09 09:12:47,857 | fedcaps-worker-0 | INFO | [STAGE MARLFS] GPU 0 client=5 epoch=100/300 subset=19 micro_f1=0.877860 macro_f1=0.050011 train_loss=0.842883 q_loss=0.023826 candidate_seconds=4.50
2026-08-09 09:13:27,369 | fedcaps-worker-0 | INFO | [STAGE MARLFS] GPU 0 client=5 epoch=110/300 subset=15 micro_f1=0.937520 macro_f1=0.054523 train_loss=0.790636 q_loss=0.028708 candidate_seconds=4.14
2026-08-09 09:14:09,433 | fedcaps-worker-0 | INFO | [STAGE MARLFS] GPU 0 client=5 epoch=120/300 subset=15 micro_f1=0.930220 macro_f1=0.054127 train_loss=0.737725 q_loss=0.019335 candidate_seconds=4.19
2026-08-09 09:14:51,802 | fedcaps-worker-0 | INFO | [STAGE MARLFS] GPU 0 client=5 epoch=130/300 subset=15 micro_f1=0.928760 macro_f1=0.054036 train_loss=0.790893 q_loss=0.019184 candidate_seconds=4.25
2026-08-09 09:15:33,518 | fedcaps-worker-0 | INFO | [STAGE MARLFS] GPU 0 client=5 epoch=140/300 subset=15 micro_f1=0.735110 macro_f1=0.032316 train_loss=0.898975 q_loss=0.027932 candidate_seconds=4.30
2026-08-09 09:16:15,573 | fedcaps-worker-0 | INFO | [STAGE MARLFS] GPU 0 client=5 epoch=150/300 subset=13 micro_f1=0.941260 macro_f1=0.055157 train_loss=0.671189 q_loss=0.018244 candidate_seconds=4.24
2026-08-09 09:16:56,506 | fedcaps-worker-0 | INFO | [STAGE MARLFS] GPU 0 client=5 epoch=160/300 subset=12 micro_f1=0.932090 macro_f1=0.054305 train_loss=0.779031 q_loss=0.015911 candidate_seconds=4.14
2026-08-09 09:17:38,033 | fedcaps-worker-0 | INFO | [STAGE MARLFS] GPU 0 client=5 epoch=170/300 subset=13 micro_f1=0.931320 macro_f1=0.054431 train_loss=0.720995 q_loss=0.028383 candidate_seconds=4.14
2026-08-09 09:18:20,331 | fedcaps-worker-0 | INFO | [STAGE MARLFS] GPU 0 client=5 epoch=180/300 subset=16 micro_f1=0.925350 macro_f1=0.053759 train_loss=0.832561 q_loss=0.027343 candidate_seconds=4.05
2026-08-09 09:19:01,051 | fedcaps-worker-0 | INFO | [STAGE MARLFS] GPU 0 client=5 epoch=190/300 subset=16 micro_f1=0.727800 macro_f1=0.031761 train_loss=0.918713 q_loss=0.013267 candidate_seconds=4.08
2026-08-09 09:19:43,150 | fedcaps-worker-0 | INFO | [STAGE MARLFS] GPU 0 client=5 epoch=200/300 subset=14 micro_f1=0.961120 macro_f1=0.057085 train_loss=0.660592 q_loss=0.016287 candidate_seconds=4.08
2026-08-09 09:20:26,877 | fedcaps-worker-0 | INFO | [STAGE MARLFS] GPU 0 client=5 epoch=210/300 subset=16 micro_f1=0.857390 macro_f1=0.047700 train_loss=0.860024 q_loss=0.010315 candidate_seconds=4.28
2026-08-09 09:21:10,863 | fedcaps-worker-0 | INFO | [STAGE MARLFS] GPU 0 client=5 epoch=220/300 subset=15 micro_f1=0.750820 macro_f1=0.033716 train_loss=0.875669 q_loss=0.024370 candidate_seconds=4.14
2026-08-09 09:21:52,509 | fedcaps-worker-0 | INFO | [STAGE MARLFS] GPU 0 client=5 epoch=230/300 subset=17 micro_f1=0.943320 macro_f1=0.055298 train_loss=0.682107 q_loss=0.019694 candidate_seconds=4.30
2026-08-09 09:22:31,614 | fedcaps-worker-0 | INFO | [STAGE MARLFS] GPU 0 client=5 epoch=240/300 subset=13 micro_f1=0.749900 macro_f1=0.034689 train_loss=0.918615 q_loss=0.012502 candidate_seconds=3.76
2026-08-09 09:23:12,087 | fedcaps-worker-0 | INFO | [STAGE MARLFS] GPU 0 client=5 epoch=250/300 subset=17 micro_f1=0.951130 macro_f1=0.055942 train_loss=0.651764 q_loss=0.010107 candidate_seconds=4.29
2026-08-09 09:23:54,779 | fedcaps-worker-0 | INFO | [STAGE MARLFS] GPU 0 client=5 epoch=260/300 subset=14 micro_f1=0.956420 macro_f1=0.056431 train_loss=0.619455 q_loss=0.018377 candidate_seconds=4.11
2026-08-09 09:24:38,027 | fedcaps-worker-0 | INFO | [STAGE MARLFS] GPU 0 client=5 epoch=270/300 subset=18 micro_f1=0.951690 macro_f1=0.056086 train_loss=0.644393 q_loss=0.002568 candidate_seconds=4.46
2026-08-09 09:25:22,745 | fedcaps-worker-0 | INFO | [STAGE MARLFS] GPU 0 client=5 epoch=280/300 subset=15 micro_f1=0.951520 macro_f1=0.056083 train_loss=0.641272 q_loss=0.005070 candidate_seconds=4.14
2026-08-09 09:26:09,494 | fedcaps-worker-0 | INFO | [STAGE MARLFS] GPU 0 client=5 epoch=290/300 subset=21 micro_f1=0.947290 macro_f1=0.055649 train_loss=0.677949 q_loss=0.000562 candidate_seconds=4.82
2026-08-09 09:26:57,462 | fedcaps-worker-0 | INFO | [STAGE MARLFS] GPU 0 client=5 epoch=300/300 subset=20 micro_f1=0.948250 macro_f1=0.055775 train_loss=0.677432 q_loss=0.000623 candidate_seconds=4.89
2026-08-09 09:26:57,462 | fedcaps-worker-0 | INFO | [STAGE MARLFS] GPU 0 client=5 complete records=300 seconds=1243.37
2026-08-09 09:26:57,462 | fedcaps-worker-0 | INFO | [STAGE MARLFS] GPU 0 client=6 family=transformer start epochs=300
2026-08-09 09:27:02,117 | fedcaps-worker-0 | INFO | [STAGE MARLFS] GPU 0 client=6 epoch=1/300 subset=15 micro_f1=0.982730 macro_f1=0.056879 train_loss=0.650072 q_loss=0.567917 candidate_seconds=4.64
2026-08-09 09:27:37,444 | fedcaps-worker-0 | INFO | [STAGE MARLFS] GPU 0 client=6 epoch=10/300 subset=12 micro_f1=0.990190 macro_f1=0.057792 train_loss=0.570978 q_loss=0.329290 candidate_seconds=3.86
2026-08-09 09:28:15,134 | fedcaps-worker-0 | INFO | [STAGE MARLFS] GPU 0 client=6 epoch=20/300 subset=11 micro_f1=0.846530 macro_f1=0.027505 train_loss=0.830474 q_loss=0.078895 candidate_seconds=3.83
2026-08-09 09:28:54,827 | fedcaps-worker-0 | INFO | [STAGE MARLFS] GPU 0 client=6 epoch=30/300 subset=12 micro_f1=0.983520 macro_f1=0.056979 train_loss=0.616242 q_loss=0.056820 candidate_seconds=3.75
2026-08-09 09:29:36,274 | fedcaps-worker-0 | INFO | [STAGE MARLFS] GPU 0 client=6 epoch=40/300 subset=15 micro_f1=0.988320 macro_f1=0.057575 train_loss=0.596233 q_loss=0.061489 candidate_seconds=4.02
2026-08-09 09:30:15,916 | fedcaps-worker-0 | INFO | [STAGE MARLFS] GPU 0 client=6 epoch=50/300 subset=12 micro_f1=0.992090 macro_f1=0.058021 train_loss=0.586654 q_loss=0.033353 candidate_seconds=3.82
2026-08-09 09:30:58,241 | fedcaps-worker-0 | INFO | [STAGE MARLFS] GPU 0 client=6 epoch=60/300 subset=8 micro_f1=0.991570 macro_f1=0.057946 train_loss=0.551282 q_loss=0.018546 candidate_seconds=3.71
2026-08-09 09:31:39,860 | fedcaps-worker-0 | INFO | [STAGE MARLFS] GPU 0 client=6 epoch=70/300 subset=18 micro_f1=0.846760 macro_f1=0.026972 train_loss=0.789039 q_loss=0.011074 candidate_seconds=4.49
2026-08-09 09:32:19,852 | fedcaps-worker-0 | INFO | [STAGE MARLFS] GPU 0 client=6 epoch=80/300 subset=14 micro_f1=0.980110 macro_f1=0.056577 train_loss=0.669388 q_loss=0.008114 candidate_seconds=4.27
2026-08-09 09:32:59,809 | fedcaps-worker-0 | INFO | [STAGE MARLFS] GPU 0 client=6 epoch=90/300 subset=13 micro_f1=0.986060 macro_f1=0.057285 train_loss=0.591334 q_loss=0.021166 candidate_seconds=4.10
2026-08-09 09:33:37,122 | fedcaps-worker-0 | INFO | [STAGE MARLFS] GPU 0 client=6 epoch=100/300 subset=8 micro_f1=0.983310 macro_f1=0.057011 train_loss=0.631148 q_loss=0.014565 candidate_seconds=3.30
2026-08-09 09:34:14,356 | fedcaps-worker-0 | INFO | [STAGE MARLFS] GPU 0 client=6 epoch=110/300 subset=12 micro_f1=0.980420 macro_f1=0.056604 train_loss=0.705600 q_loss=0.014202 candidate_seconds=3.58
2026-08-09 09:34:52,345 | fedcaps-worker-0 | INFO | [STAGE MARLFS] GPU 0 client=6 epoch=120/300 subset=16 micro_f1=0.980480 macro_f1=0.056605 train_loss=0.664544 q_loss=0.020057 candidate_seconds=3.96
2026-08-09 09:35:30,292 | fedcaps-worker-0 | INFO | [STAGE MARLFS] GPU 0 client=6 epoch=130/300 subset=12 micro_f1=0.991860 macro_f1=0.057974 train_loss=0.572764 q_loss=0.011284 candidate_seconds=3.61
2026-08-09 09:36:08,893 | fedcaps-worker-0 | INFO | [STAGE MARLFS] GPU 0 client=6 epoch=140/300 subset=13 micro_f1=0.981350 macro_f1=0.056765 train_loss=0.702026 q_loss=0.051989 candidate_seconds=3.75
2026-08-09 09:36:49,033 | fedcaps-worker-0 | INFO | [STAGE MARLFS] GPU 0 client=6 epoch=150/300 subset=17 micro_f1=0.983150 macro_f1=0.056959 train_loss=0.669064 q_loss=0.012655 candidate_seconds=4.17
2026-08-09 09:37:28,775 | fedcaps-worker-0 | INFO | [STAGE MARLFS] GPU 0 client=6 epoch=160/300 subset=17 micro_f1=0.983380 macro_f1=0.056970 train_loss=0.625765 q_loss=0.021351 candidate_seconds=4.13
2026-08-09 09:38:10,029 | fedcaps-worker-0 | INFO | [STAGE MARLFS] GPU 0 client=6 epoch=170/300 subset=17 micro_f1=0.988450 macro_f1=0.057586 train_loss=0.607445 q_loss=0.020003 candidate_seconds=4.14
2026-08-09 09:38:52,204 | fedcaps-worker-0 | INFO | [STAGE MARLFS] GPU 0 client=6 epoch=180/300 subset=20 micro_f1=0.982340 macro_f1=0.056844 train_loss=0.619918 q_loss=0.008963 candidate_seconds=4.51
2026-08-09 09:39:34,638 | fedcaps-worker-0 | INFO | [STAGE MARLFS] GPU 0 client=6 epoch=190/300 subset=15 micro_f1=0.980780 macro_f1=0.056644 train_loss=0.666349 q_loss=0.009343 candidate_seconds=4.02
2026-08-09 09:40:17,442 | fedcaps-worker-0 | INFO | [STAGE MARLFS] GPU 0 client=6 epoch=200/300 subset=18 micro_f1=0.980420 macro_f1=0.056609 train_loss=0.686898 q_loss=0.026451 candidate_seconds=4.55
2026-08-09 09:40:59,316 | fedcaps-worker-0 | INFO | [STAGE MARLFS] GPU 0 client=6 epoch=210/300 subset=20 micro_f1=0.983450 macro_f1=0.056978 train_loss=0.636220 q_loss=0.008839 candidate_seconds=4.52
2026-08-09 09:41:41,979 | fedcaps-worker-0 | INFO | [STAGE MARLFS] GPU 0 client=6 epoch=220/300 subset=18 micro_f1=0.980530 macro_f1=0.056618 train_loss=0.680846 q_loss=0.007950 candidate_seconds=4.25
2026-08-09 09:42:26,714 | fedcaps-worker-0 | INFO | [STAGE MARLFS] GPU 0 client=6 epoch=230/300 subset=19 micro_f1=0.981420 macro_f1=0.056727 train_loss=0.662335 q_loss=0.005754 candidate_seconds=4.41
2026-08-09 09:43:10,968 | fedcaps-worker-0 | INFO | [STAGE MARLFS] GPU 0 client=6 epoch=240/300 subset=19 micro_f1=0.981140 macro_f1=0.056693 train_loss=0.636316 q_loss=0.011717 candidate_seconds=4.39
2026-08-09 09:43:52,105 | fedcaps-worker-0 | INFO | [STAGE MARLFS] GPU 0 client=6 epoch=250/300 subset=13 micro_f1=0.982220 macro_f1=0.056843 train_loss=0.671375 q_loss=0.024922 candidate_seconds=3.67
2026-08-09 09:44:34,108 | fedcaps-worker-0 | INFO | [STAGE MARLFS] GPU 0 client=6 epoch=260/300 subset=22 micro_f1=0.930630 macro_f1=0.049214 train_loss=0.732247 q_loss=0.006212 candidate_seconds=4.86
2026-08-09 09:45:15,649 | fedcaps-worker-0 | INFO | [STAGE MARLFS] GPU 0 client=6 epoch=270/300 subset=16 micro_f1=0.986950 macro_f1=0.057404 train_loss=0.624847 q_loss=0.007018 candidate_seconds=3.95
2026-08-09 09:45:57,103 | fedcaps-worker-0 | INFO | [STAGE MARLFS] GPU 0 client=6 epoch=280/300 subset=19 micro_f1=0.979810 macro_f1=0.056537 train_loss=0.696537 q_loss=0.008639 candidate_seconds=4.41
2026-08-09 09:46:38,841 | fedcaps-worker-0 | INFO | [STAGE MARLFS] GPU 0 client=6 epoch=290/300 subset=20 micro_f1=0.979960 macro_f1=0.056548 train_loss=0.718096 q_loss=0.035377 candidate_seconds=4.54
2026-08-09 09:47:22,206 | fedcaps-worker-0 | INFO | [STAGE MARLFS] GPU 0 client=6 epoch=300/300 subset=19 micro_f1=0.984920 macro_f1=0.057152 train_loss=0.641910 q_loss=0.005344 candidate_seconds=4.42
2026-08-09 09:47:22,207 | fedcaps-worker-0 | INFO | [STAGE MARLFS] GPU 0 client=6 complete records=300 seconds=1224.74
2026-08-09 09:47:22,264 | fedcaps-worker-0 | INFO | [TASK] GPU 0 task=collect_g0 kind=collect_records complete seconds=6155.51
2026-08-09 09:47:32,826 | fedcaps-worker-0 | INFO | [TASK] GPU 0 task=train_autoencoder_g0 kind=train_autoencoder start
2026-08-09 09:47:34,159 | fedcaps-worker-0 | INFO | [STAGE encoder] Start augmented_records=75,000 train=67,500 validation=7,500 max_epochs=100 patience=10
2026-08-09 09:48:05,754 | fedcaps-worker-0 | INFO | [STAGE encoder] epoch=1/100 train_nll=0.046634 validation_nll=0.000395 exact_set_accuracy=1.000000 stale=0 seconds=31.59
2026-08-09 09:48:36,798 | fedcaps-worker-0 | INFO | [STAGE encoder] epoch=2/100 train_nll=0.000193 validation_nll=0.000093 exact_set_accuracy=1.000000 stale=0 seconds=31.04
2026-08-09 09:49:07,945 | fedcaps-worker-0 | INFO | [STAGE encoder] epoch=3/100 train_nll=0.000058 validation_nll=0.000036 exact_set_accuracy=1.000000 stale=0 seconds=31.15
2026-08-09 09:49:39,202 | fedcaps-worker-0 | INFO | [STAGE encoder] epoch=4/100 train_nll=0.000024 validation_nll=0.000016 exact_set_accuracy=1.000000 stale=0 seconds=31.26
2026-08-09 09:50:10,113 | fedcaps-worker-0 | INFO | [STAGE encoder] epoch=5/100 train_nll=0.000011 validation_nll=0.000008 exact_set_accuracy=1.000000 stale=0 seconds=30.91
2026-08-09 09:50:41,043 | fedcaps-worker-0 | INFO | [STAGE encoder] epoch=6/100 train_nll=0.000006 validation_nll=0.000004 exact_set_accuracy=1.000000 stale=0 seconds=30.93
2026-08-09 09:51:12,200 | fedcaps-worker-0 | INFO | [STAGE encoder] epoch=7/100 train_nll=0.000003 validation_nll=0.000002 exact_set_accuracy=1.000000 stale=0 seconds=31.16
2026-08-09 09:51:43,257 | fedcaps-worker-0 | INFO | [STAGE encoder] epoch=8/100 train_nll=0.000002 validation_nll=0.000001 exact_set_accuracy=1.000000 stale=0 seconds=31.06
2026-08-09 09:52:14,378 | fedcaps-worker-0 | INFO | [STAGE encoder] epoch=9/100 train_nll=0.000001 validation_nll=0.000001 exact_set_accuracy=1.000000 stale=0 seconds=31.12
2026-08-09 09:52:45,331 | fedcaps-worker-0 | INFO | [STAGE encoder] epoch=10/100 train_nll=0.000000 validation_nll=0.000000 exact_set_accuracy=1.000000 stale=0 seconds=30.95
2026-08-09 09:53:16,331 | fedcaps-worker-0 | INFO | [STAGE encoder] epoch=11/100 train_nll=0.000000 validation_nll=0.000000 exact_set_accuracy=1.000000 stale=0 seconds=31.00
2026-08-09 09:53:47,832 | fedcaps-worker-0 | INFO | [STAGE encoder] epoch=12/100 train_nll=0.000000 validation_nll=0.000000 exact_set_accuracy=1.000000 stale=1 seconds=31.50
2026-08-09 09:54:18,611 | fedcaps-worker-0 | INFO | [STAGE encoder] epoch=13/100 train_nll=0.000000 validation_nll=0.000000 exact_set_accuracy=1.000000 stale=0 seconds=30.78
2026-08-09 09:54:49,533 | fedcaps-worker-0 | INFO | [STAGE encoder] epoch=14/100 train_nll=0.000000 validation_nll=0.000000 exact_set_accuracy=1.000000 stale=1 seconds=30.92
2026-08-09 09:55:20,711 | fedcaps-worker-0 | INFO | [STAGE encoder] epoch=15/100 train_nll=0.000000 validation_nll=0.000000 exact_set_accuracy=1.000000 stale=2 seconds=31.18
2026-08-09 09:55:51,993 | fedcaps-worker-0 | INFO | [STAGE encoder] epoch=16/100 train_nll=0.000000 validation_nll=0.000000 exact_set_accuracy=1.000000 stale=3 seconds=31.28
2026-08-09 09:56:22,935 | fedcaps-worker-0 | INFO | [STAGE encoder] epoch=17/100 train_nll=0.000000 validation_nll=0.000000 exact_set_accuracy=1.000000 stale=4 seconds=30.94
2026-08-09 09:56:54,176 | fedcaps-worker-0 | INFO | [STAGE encoder] epoch=18/100 train_nll=0.000000 validation_nll=0.000000 exact_set_accuracy=1.000000 stale=5 seconds=31.24
2026-08-09 09:57:25,504 | fedcaps-worker-0 | INFO | [STAGE encoder] epoch=19/100 train_nll=0.000000 validation_nll=0.000000 exact_set_accuracy=1.000000 stale=6 seconds=31.33
2026-08-09 09:57:56,465 | fedcaps-worker-0 | INFO | [STAGE encoder] epoch=20/100 train_nll=0.000000 validation_nll=0.000000 exact_set_accuracy=1.000000 stale=7 seconds=30.96
2026-08-09 09:58:27,772 | fedcaps-worker-0 | INFO | [STAGE encoder] epoch=21/100 train_nll=0.000000 validation_nll=0.000000 exact_set_accuracy=1.000000 stale=8 seconds=31.31
2026-08-09 09:58:58,790 | fedcaps-worker-0 | INFO | [STAGE encoder] epoch=22/100 train_nll=0.000000 validation_nll=0.000000 exact_set_accuracy=1.000000 stale=9 seconds=31.02
2026-08-09 09:59:29,888 | fedcaps-worker-0 | INFO | [STAGE encoder] epoch=23/100 train_nll=0.000000 validation_nll=0.000000 exact_set_accuracy=1.000000 stale=10 seconds=31.10
2026-08-09 09:59:29,970 | fedcaps-worker-0 | INFO | [STAGE encoder] Complete best_epoch=13 best_validation_nll=0.000000 invariance_error=0.000007629 seconds=715.81
2026-08-09 09:59:30,041 | fedcaps-worker-0 | INFO | [TASK] GPU 0 task=train_autoencoder_g0 kind=train_autoencoder complete seconds=717.22
2026-08-09 09:59:33,608 | fedcaps-worker-0 | INFO | [TASK] GPU 0 task=ppo_eval_e01_c001_g0 kind=evaluate_subsets start
2026-08-09 09:59:52,151 | fedcaps-worker-0 | INFO | [TASK] GPU 0 task=ppo_eval_e01_c001_g0 kind=evaluate_subsets complete seconds=18.54
2026-08-09 09:59:52,223 | fedcaps-worker-0 | INFO | [TASK] GPU 0 task=ppo_eval_e01_c002_g0 kind=evaluate_subsets start
2026-08-09 10:00:10,818 | fedcaps-worker-0 | INFO | [TASK] GPU 0 task=ppo_eval_e01_c002_g0 kind=evaluate_subsets complete seconds=18.59
2026-08-09 10:00:10,881 | fedcaps-worker-0 | INFO | [TASK] GPU 0 task=ppo_eval_e01_c003_g0 kind=evaluate_subsets start
2026-08-09 10:00:29,109 | fedcaps-worker-0 | INFO | [TASK] GPU 0 task=ppo_eval_e01_c003_g0 kind=evaluate_subsets complete seconds=18.23
2026-08-09 10:00:29,172 | fedcaps-worker-0 | INFO | [TASK] GPU 0 task=ppo_eval_e01_c004_g0 kind=evaluate_subsets start
2026-08-09 10:00:48,145 | fedcaps-worker-0 | INFO | [TASK] GPU 0 task=ppo_eval_e01_c004_g0 kind=evaluate_subsets complete seconds=18.97
2026-08-09 10:00:48,209 | fedcaps-worker-0 | INFO | [TASK] GPU 0 task=ppo_eval_e01_c005_g0 kind=evaluate_subsets start
2026-08-09 10:01:06,739 | fedcaps-worker-0 | INFO | [TASK] GPU 0 task=ppo_eval_e01_c005_g0 kind=evaluate_subsets complete seconds=18.53
2026-08-09 10:01:06,803 | fedcaps-worker-0 | INFO | [TASK] GPU 0 task=ppo_eval_e01_c006_g0 kind=evaluate_subsets start
2026-08-09 10:01:25,459 | fedcaps-worker-0 | INFO | [TASK] GPU 0 task=ppo_eval_e01_c006_g0 kind=evaluate_subsets complete seconds=18.66
2026-08-09 10:01:25,519 | fedcaps-worker-0 | INFO | [TASK] GPU 0 task=ppo_eval_e01_c007_g0 kind=evaluate_subsets start
2026-08-09 10:01:44,716 | fedcaps-worker-0 | INFO | [TASK] GPU 0 task=ppo_eval_e01_c007_g0 kind=evaluate_subsets complete seconds=19.20
2026-08-09 10:01:44,774 | fedcaps-worker-0 | INFO | [TASK] GPU 0 task=ppo_eval_e01_c008_g0 kind=evaluate_subsets start
2026-08-09 10:02:03,525 | fedcaps-worker-0 | INFO | [TASK] GPU 0 task=ppo_eval_e01_c008_g0 kind=evaluate_subsets complete seconds=18.75
2026-08-09 10:02:03,588 | fedcaps-worker-0 | INFO | [TASK] GPU 0 task=ppo_eval_e01_c009_g0 kind=evaluate_subsets start
2026-08-09 10:02:22,832 | fedcaps-worker-0 | INFO | [TASK] GPU 0 task=ppo_eval_e01_c009_g0 kind=evaluate_subsets complete seconds=19.24
2026-08-09 10:02:22,897 | fedcaps-worker-0 | INFO | [TASK] GPU 0 task=ppo_eval_e01_c010_g0 kind=evaluate_subsets start
2026-08-09 10:02:41,817 | fedcaps-worker-0 | INFO | [TASK] GPU 0 task=ppo_eval_e01_c010_g0 kind=evaluate_subsets complete seconds=18.92
2026-08-09 10:02:41,940 | fedcaps-worker-0 | INFO | [TASK] GPU 0 task=ppo_eval_e02_c011_g0 kind=evaluate_subsets start
2026-08-09 10:03:00,779 | fedcaps-worker-0 | INFO | [TASK] GPU 0 task=ppo_eval_e02_c011_g0 kind=evaluate_subsets complete seconds=18.84
2026-08-09 10:03:00,838 | fedcaps-worker-0 | INFO | [TASK] GPU 0 task=ppo_eval_e02_c012_g0 kind=evaluate_subsets start
2026-08-09 10:03:20,008 | fedcaps-worker-0 | INFO | [TASK] GPU 0 task=ppo_eval_e02_c012_g0 kind=evaluate_subsets complete seconds=19.17
2026-08-09 10:03:20,066 | fedcaps-worker-0 | INFO | [TASK] GPU 0 task=ppo_eval_e02_c013_g0 kind=evaluate_subsets start
2026-08-09 10:03:39,463 | fedcaps-worker-0 | INFO | [TASK] GPU 0 task=ppo_eval_e02_c013_g0 kind=evaluate_subsets complete seconds=19.40
2026-08-09 10:03:39,521 | fedcaps-worker-0 | INFO | [TASK] GPU 0 task=ppo_eval_e02_c014_g0 kind=evaluate_subsets start
2026-08-09 10:03:58,644 | fedcaps-worker-0 | INFO | [TASK] GPU 0 task=ppo_eval_e02_c014_g0 kind=evaluate_subsets complete seconds=19.12
2026-08-09 10:03:58,703 | fedcaps-worker-0 | INFO | [TASK] GPU 0 task=ppo_eval_e02_c015_g0 kind=evaluate_subsets start
2026-08-09 10:04:18,183 | fedcaps-worker-0 | INFO | [TASK] GPU 0 task=ppo_eval_e02_c015_g0 kind=evaluate_subsets complete seconds=19.48
2026-08-09 10:04:18,242 | fedcaps-worker-0 | INFO | [TASK] GPU 0 task=ppo_eval_e02_c016_g0 kind=evaluate_subsets start
2026-08-09 10:04:37,670 | fedcaps-worker-0 | INFO | [TASK] GPU 0 task=ppo_eval_e02_c016_g0 kind=evaluate_subsets complete seconds=19.43
2026-08-09 10:04:37,733 | fedcaps-worker-0 | INFO | [TASK] GPU 0 task=ppo_eval_e02_c017_g0 kind=evaluate_subsets start
2026-08-09 10:04:57,556 | fedcaps-worker-0 | INFO | [TASK] GPU 0 task=ppo_eval_e02_c017_g0 kind=evaluate_subsets complete seconds=19.82
2026-08-09 10:04:57,614 | fedcaps-worker-0 | INFO | [TASK] GPU 0 task=ppo_eval_e02_c018_g0 kind=evaluate_subsets start
2026-08-09 10:05:17,172 | fedcaps-worker-0 | INFO | [TASK] GPU 0 task=ppo_eval_e02_c018_g0 kind=evaluate_subsets complete seconds=19.56
2026-08-09 10:05:17,234 | fedcaps-worker-0 | INFO | [TASK] GPU 0 task=ppo_eval_e02_c019_g0 kind=evaluate_subsets start
2026-08-09 10:05:37,405 | fedcaps-worker-0 | INFO | [TASK] GPU 0 task=ppo_eval_e02_c019_g0 kind=evaluate_subsets complete seconds=20.17
2026-08-09 10:05:37,463 | fedcaps-worker-0 | INFO | [TASK] GPU 0 task=ppo_eval_e02_c020_g0 kind=evaluate_subsets start
2026-08-09 10:05:57,817 | fedcaps-worker-0 | INFO | [TASK] GPU 0 task=ppo_eval_e02_c020_g0 kind=evaluate_subsets complete seconds=20.35
2026-08-09 10:05:57,931 | fedcaps-worker-0 | INFO | [TASK] GPU 0 task=ppo_eval_e03_c021_g0 kind=evaluate_subsets start
2026-08-09 10:06:18,202 | fedcaps-worker-0 | INFO | [TASK] GPU 0 task=ppo_eval_e03_c021_g0 kind=evaluate_subsets complete seconds=20.27
2026-08-09 10:06:18,260 | fedcaps-worker-0 | INFO | [TASK] GPU 0 task=ppo_eval_e03_c022_g0 kind=evaluate_subsets start
2026-08-09 10:06:38,564 | fedcaps-worker-0 | INFO | [TASK] GPU 0 task=ppo_eval_e03_c022_g0 kind=evaluate_subsets complete seconds=20.30
2026-08-09 10:06:38,625 | fedcaps-worker-0 | INFO | [TASK] GPU 0 task=ppo_eval_e03_c023_g0 kind=evaluate_subsets start
2026-08-09 10:06:59,259 | fedcaps-worker-0 | INFO | [TASK] GPU 0 task=ppo_eval_e03_c023_g0 kind=evaluate_subsets complete seconds=20.63
2026-08-09 10:06:59,319 | fedcaps-worker-0 | INFO | [TASK] GPU 0 task=ppo_eval_e03_c024_g0 kind=evaluate_subsets start
2026-08-09 10:07:20,897 | fedcaps-worker-0 | INFO | [TASK] GPU 0 task=ppo_eval_e03_c024_g0 kind=evaluate_subsets complete seconds=21.58
2026-08-09 10:07:20,963 | fedcaps-worker-0 | INFO | [TASK] GPU 0 task=ppo_eval_e03_c025_g0 kind=evaluate_subsets start
2026-08-09 10:07:42,931 | fedcaps-worker-0 | INFO | [TASK] GPU 0 task=ppo_eval_e03_c025_g0 kind=evaluate_subsets complete seconds=21.97
2026-08-09 10:07:42,997 | fedcaps-worker-0 | INFO | [TASK] GPU 0 task=ppo_eval_e03_c026_g0 kind=evaluate_subsets start
2026-08-09 10:08:00,899 | fedcaps-worker-0 | INFO | [TASK] GPU 0 task=ppo_eval_e03_c026_g0 kind=evaluate_subsets complete seconds=17.90
2026-08-09 10:08:00,966 | fedcaps-worker-0 | INFO | [TASK] GPU 0 task=ppo_eval_e03_c027_g0 kind=evaluate_subsets start
2026-08-09 10:08:18,620 | fedcaps-worker-0 | INFO | [TASK] GPU 0 task=ppo_eval_e03_c027_g0 kind=evaluate_subsets complete seconds=17.65
2026-08-09 10:08:18,678 | fedcaps-worker-0 | INFO | [TASK] GPU 0 task=ppo_eval_e03_c028_g0 kind=evaluate_subsets start
2026-08-09 10:08:36,190 | fedcaps-worker-0 | INFO | [TASK] GPU 0 task=ppo_eval_e03_c028_g0 kind=evaluate_subsets complete seconds=17.51
2026-08-09 10:08:36,257 | fedcaps-worker-0 | INFO | [TASK] GPU 0 task=ppo_eval_e03_c029_g0 kind=evaluate_subsets start
2026-08-09 10:08:54,546 | fedcaps-worker-0 | INFO | [TASK] GPU 0 task=ppo_eval_e03_c029_g0 kind=evaluate_subsets complete seconds=18.29
2026-08-09 10:08:54,607 | fedcaps-worker-0 | INFO | [TASK] GPU 0 task=ppo_eval_e03_c030_g0 kind=evaluate_subsets start
2026-08-09 10:09:12,216 | fedcaps-worker-0 | INFO | [TASK] GPU 0 task=ppo_eval_e03_c030_g0 kind=evaluate_subsets complete seconds=17.61
2026-08-09 10:09:12,339 | fedcaps-worker-0 | INFO | [TASK] GPU 0 task=ppo_eval_e04_c031_g0 kind=evaluate_subsets start
2026-08-09 10:09:30,163 | fedcaps-worker-0 | INFO | [TASK] GPU 0 task=ppo_eval_e04_c031_g0 kind=evaluate_subsets complete seconds=17.82
2026-08-09 10:09:30,224 | fedcaps-worker-0 | INFO | [TASK] GPU 0 task=ppo_eval_e04_c032_g0 kind=evaluate_subsets start
2026-08-09 10:09:47,862 | fedcaps-worker-0 | INFO | [TASK] GPU 0 task=ppo_eval_e04_c032_g0 kind=evaluate_subsets complete seconds=17.64
2026-08-09 10:09:47,921 | fedcaps-worker-0 | INFO | [TASK] GPU 0 task=ppo_eval_e04_c033_g0 kind=evaluate_subsets start
2026-08-09 10:10:05,574 | fedcaps-worker-0 | INFO | [TASK] GPU 0 task=ppo_eval_e04_c033_g0 kind=evaluate_subsets complete seconds=17.65
2026-08-09 10:10:05,634 | fedcaps-worker-0 | INFO | [TASK] GPU 0 task=ppo_eval_e04_c034_g0 kind=evaluate_subsets start
2026-08-09 10:10:23,564 | fedcaps-worker-0 | INFO | [TASK] GPU 0 task=ppo_eval_e04_c034_g0 kind=evaluate_subsets complete seconds=17.93
2026-08-09 10:10:23,621 | fedcaps-worker-0 | INFO | [TASK] GPU 0 task=ppo_eval_e04_c035_g0 kind=evaluate_subsets start
2026-08-09 10:10:41,352 | fedcaps-worker-0 | INFO | [TASK] GPU 0 task=ppo_eval_e04_c035_g0 kind=evaluate_subsets complete seconds=17.73
2026-08-09 10:10:41,413 | fedcaps-worker-0 | INFO | [TASK] GPU 0 task=ppo_eval_e04_c036_g0 kind=evaluate_subsets start
2026-08-09 10:10:58,890 | fedcaps-worker-0 | INFO | [TASK] GPU 0 task=ppo_eval_e04_c036_g0 kind=evaluate_subsets complete seconds=17.48
2026-08-09 10:10:58,952 | fedcaps-worker-0 | INFO | [TASK] GPU 0 task=ppo_eval_e04_c037_g0 kind=evaluate_subsets start
2026-08-09 10:11:16,983 | fedcaps-worker-0 | INFO | [TASK] GPU 0 task=ppo_eval_e04_c037_g0 kind=evaluate_subsets complete seconds=18.03
2026-08-09 10:11:17,043 | fedcaps-worker-0 | INFO | [TASK] GPU 0 task=ppo_eval_e04_c038_g0 kind=evaluate_subsets start
2026-08-09 10:11:34,428 | fedcaps-worker-0 | INFO | [TASK] GPU 0 task=ppo_eval_e04_c038_g0 kind=evaluate_subsets complete seconds=17.39
2026-08-09 10:11:34,489 | fedcaps-worker-0 | INFO | [TASK] GPU 0 task=ppo_eval_e04_c039_g0 kind=evaluate_subsets start
2026-08-09 10:11:52,503 | fedcaps-worker-0 | INFO | [TASK] GPU 0 task=ppo_eval_e04_c039_g0 kind=evaluate_subsets complete seconds=18.01
2026-08-09 10:11:52,572 | fedcaps-worker-0 | INFO | [TASK] GPU 0 task=ppo_eval_e04_c040_g0 kind=evaluate_subsets start
2026-08-09 10:12:10,318 | fedcaps-worker-0 | INFO | [TASK] GPU 0 task=ppo_eval_e04_c040_g0 kind=evaluate_subsets complete seconds=17.75
2026-08-09 10:12:10,434 | fedcaps-worker-0 | INFO | [TASK] GPU 0 task=ppo_eval_e05_c041_g0 kind=evaluate_subsets start
2026-08-09 10:12:27,749 | fedcaps-worker-0 | INFO | [TASK] GPU 0 task=ppo_eval_e05_c041_g0 kind=evaluate_subsets complete seconds=17.31
2026-08-09 10:12:27,810 | fedcaps-worker-0 | INFO | [TASK] GPU 0 task=ppo_eval_e05_c042_g0 kind=evaluate_subsets start
2026-08-09 10:12:45,978 | fedcaps-worker-0 | INFO | [TASK] GPU 0 task=ppo_eval_e05_c042_g0 kind=evaluate_subsets complete seconds=18.17
2026-08-09 10:12:46,037 | fedcaps-worker-0 | INFO | [TASK] GPU 0 task=ppo_eval_e05_c043_g0 kind=evaluate_subsets start
2026-08-09 10:13:04,418 | fedcaps-worker-0 | INFO | [TASK] GPU 0 task=ppo_eval_e05_c043_g0 kind=evaluate_subsets complete seconds=18.38
2026-08-09 10:13:04,477 | fedcaps-worker-0 | INFO | [TASK] GPU 0 task=ppo_eval_e05_c044_g0 kind=evaluate_subsets start
2026-08-09 10:13:22,982 | fedcaps-worker-0 | INFO | [TASK] GPU 0 task=ppo_eval_e05_c044_g0 kind=evaluate_subsets complete seconds=18.50
2026-08-09 10:13:23,043 | fedcaps-worker-0 | INFO | [TASK] GPU 0 task=ppo_eval_e05_c045_g0 kind=evaluate_subsets start
2026-08-09 10:13:42,152 | fedcaps-worker-0 | INFO | [TASK] GPU 0 task=ppo_eval_e05_c045_g0 kind=evaluate_subsets complete seconds=19.11
2026-08-09 10:13:42,218 | fedcaps-worker-0 | INFO | [TASK] GPU 0 task=ppo_eval_e05_c046_g0 kind=evaluate_subsets start
2026-08-09 10:14:00,040 | fedcaps-worker-0 | INFO | [TASK] GPU 0 task=ppo_eval_e05_c046_g0 kind=evaluate_subsets complete seconds=17.82
2026-08-09 10:14:00,098 | fedcaps-worker-0 | INFO | [TASK] GPU 0 task=ppo_eval_e05_c047_g0 kind=evaluate_subsets start
2026-08-09 10:14:18,922 | fedcaps-worker-0 | INFO | [TASK] GPU 0 task=ppo_eval_e05_c047_g0 kind=evaluate_subsets complete seconds=18.82
2026-08-09 10:14:18,986 | fedcaps-worker-0 | INFO | [TASK] GPU 0 task=ppo_eval_e05_c048_g0 kind=evaluate_subsets start
2026-08-09 10:14:37,961 | fedcaps-worker-0 | INFO | [TASK] GPU 0 task=ppo_eval_e05_c048_g0 kind=evaluate_subsets complete seconds=18.98
2026-08-09 10:14:38,021 | fedcaps-worker-0 | INFO | [TASK] GPU 0 task=ppo_eval_e05_c049_g0 kind=evaluate_subsets start
2026-08-09 10:14:55,440 | fedcaps-worker-0 | INFO | [TASK] GPU 0 task=ppo_eval_e05_c049_g0 kind=evaluate_subsets complete seconds=17.42
2026-08-09 10:14:55,506 | fedcaps-worker-0 | INFO | [TASK] GPU 0 task=ppo_eval_e05_c050_g0 kind=evaluate_subsets start
2026-08-09 10:15:13,802 | fedcaps-worker-0 | INFO | [TASK] GPU 0 task=ppo_eval_e05_c050_g0 kind=evaluate_subsets complete seconds=18.30
2026-08-09 10:15:13,933 | fedcaps-worker-0 | INFO | [TASK] GPU 0 task=ppo_eval_e06_c051_g0 kind=evaluate_subsets start
2026-08-09 10:15:32,112 | fedcaps-worker-0 | INFO | [TASK] GPU 0 task=ppo_eval_e06_c051_g0 kind=evaluate_subsets complete seconds=18.18
2026-08-09 10:15:32,176 | fedcaps-worker-0 | INFO | [TASK] GPU 0 task=ppo_eval_e06_c052_g0 kind=evaluate_subsets start
2026-08-09 10:15:52,255 | fedcaps-worker-0 | INFO | [TASK] GPU 0 task=ppo_eval_e06_c052_g0 kind=evaluate_subsets complete seconds=20.08
2026-08-09 10:15:52,320 | fedcaps-worker-0 | INFO | [TASK] GPU 0 task=ppo_eval_e06_c053_g0 kind=evaluate_subsets start
2026-08-09 10:16:11,326 | fedcaps-worker-0 | INFO | [TASK] GPU 0 task=ppo_eval_e06_c053_g0 kind=evaluate_subsets complete seconds=19.01
2026-08-09 10:16:11,384 | fedcaps-worker-0 | INFO | [TASK] GPU 0 task=ppo_eval_e06_c054_g0 kind=evaluate_subsets start
2026-08-09 10:16:29,082 | fedcaps-worker-0 | INFO | [TASK] GPU 0 task=ppo_eval_e06_c054_g0 kind=evaluate_subsets complete seconds=17.70
2026-08-09 10:16:29,144 | fedcaps-worker-0 | INFO | [TASK] GPU 0 task=ppo_eval_e06_c055_g0 kind=evaluate_subsets start
2026-08-09 10:16:47,298 | fedcaps-worker-0 | INFO | [TASK] GPU 0 task=ppo_eval_e06_c055_g0 kind=evaluate_subsets complete seconds=18.15
2026-08-09 10:16:47,360 | fedcaps-worker-0 | INFO | [TASK] GPU 0 task=ppo_eval_e06_c056_g0 kind=evaluate_subsets start
2026-08-09 10:17:04,756 | fedcaps-worker-0 | INFO | [TASK] GPU 0 task=ppo_eval_e06_c056_g0 kind=evaluate_subsets complete seconds=17.40
2026-08-09 10:17:04,819 | fedcaps-worker-0 | INFO | [TASK] GPU 0 task=ppo_eval_e06_c057_g0 kind=evaluate_subsets start
2026-08-09 10:17:22,387 | fedcaps-worker-0 | INFO | [TASK] GPU 0 task=ppo_eval_e06_c057_g0 kind=evaluate_subsets complete seconds=17.57
2026-08-09 10:17:22,447 | fedcaps-worker-0 | INFO | [TASK] GPU 0 task=ppo_eval_e06_c058_g0 kind=evaluate_subsets start
2026-08-09 10:17:40,126 | fedcaps-worker-0 | INFO | [TASK] GPU 0 task=ppo_eval_e06_c058_g0 kind=evaluate_subsets complete seconds=17.68
2026-08-09 10:17:40,186 | fedcaps-worker-0 | INFO | [TASK] GPU 0 task=ppo_eval_e06_c059_g0 kind=evaluate_subsets start
2026-08-09 10:17:58,080 | fedcaps-worker-0 | INFO | [TASK] GPU 0 task=ppo_eval_e06_c059_g0 kind=evaluate_subsets complete seconds=17.89
2026-08-09 10:17:58,144 | fedcaps-worker-0 | INFO | [TASK] GPU 0 task=ppo_eval_e06_c060_g0 kind=evaluate_subsets start
2026-08-09 10:18:16,223 | fedcaps-worker-0 | INFO | [TASK] GPU 0 task=ppo_eval_e06_c060_g0 kind=evaluate_subsets complete seconds=18.08
2026-08-09 10:18:16,336 | fedcaps-worker-0 | INFO | [TASK] GPU 0 task=ppo_eval_e07_c061_g0 kind=evaluate_subsets start
2026-08-09 10:18:33,956 | fedcaps-worker-0 | INFO | [TASK] GPU 0 task=ppo_eval_e07_c061_g0 kind=evaluate_subsets complete seconds=17.62
2026-08-09 10:18:34,015 | fedcaps-worker-0 | INFO | [TASK] GPU 0 task=ppo_eval_e07_c062_g0 kind=evaluate_subsets start
2026-08-09 10:18:51,903 | fedcaps-worker-0 | INFO | [TASK] GPU 0 task=ppo_eval_e07_c062_g0 kind=evaluate_subsets complete seconds=17.89
2026-08-09 10:18:51,963 | fedcaps-worker-0 | INFO | [TASK] GPU 0 task=ppo_eval_e07_c063_g0 kind=evaluate_subsets start
2026-08-09 10:19:09,532 | fedcaps-worker-0 | INFO | [TASK] GPU 0 task=ppo_eval_e07_c063_g0 kind=evaluate_subsets complete seconds=17.57
2026-08-09 10:19:09,600 | fedcaps-worker-0 | INFO | [TASK] GPU 0 task=ppo_eval_e07_c064_g0 kind=evaluate_subsets start
2026-08-09 10:19:27,041 | fedcaps-worker-0 | INFO | [TASK] GPU 0 task=ppo_eval_e07_c064_g0 kind=evaluate_subsets complete seconds=17.44
2026-08-09 10:19:27,106 | fedcaps-worker-0 | INFO | [TASK] GPU 0 task=ppo_eval_e07_c065_g0 kind=evaluate_subsets start
2026-08-09 10:19:45,294 | fedcaps-worker-0 | INFO | [TASK] GPU 0 task=ppo_eval_e07_c065_g0 kind=evaluate_subsets complete seconds=18.19
2026-08-09 10:19:45,353 | fedcaps-worker-0 | INFO | [TASK] GPU 0 task=ppo_eval_e07_c066_g0 kind=evaluate_subsets start
2026-08-09 10:20:03,255 | fedcaps-worker-0 | INFO | [TASK] GPU 0 task=ppo_eval_e07_c066_g0 kind=evaluate_subsets complete seconds=17.90
2026-08-09 10:20:03,312 | fedcaps-worker-0 | INFO | [TASK] GPU 0 task=ppo_eval_e07_c067_g0 kind=evaluate_subsets start
2026-08-09 10:20:21,318 | fedcaps-worker-0 | INFO | [TASK] GPU 0 task=ppo_eval_e07_c067_g0 kind=evaluate_subsets complete seconds=18.01
2026-08-09 10:20:21,381 | fedcaps-worker-0 | INFO | [TASK] GPU 0 task=ppo_eval_e07_c068_g0 kind=evaluate_subsets start
2026-08-09 10:20:39,313 | fedcaps-worker-0 | INFO | [TASK] GPU 0 task=ppo_eval_e07_c068_g0 kind=evaluate_subsets complete seconds=17.93
2026-08-09 10:20:39,370 | fedcaps-worker-0 | INFO | [TASK] GPU 0 task=ppo_eval_e07_c069_g0 kind=evaluate_subsets start
2026-08-09 10:20:57,266 | fedcaps-worker-0 | INFO | [TASK] GPU 0 task=ppo_eval_e07_c069_g0 kind=evaluate_subsets complete seconds=17.90
2026-08-09 10:20:57,330 | fedcaps-worker-0 | INFO | [TASK] GPU 0 task=ppo_eval_e07_c070_g0 kind=evaluate_subsets start
2026-08-09 10:21:15,022 | fedcaps-worker-0 | INFO | [TASK] GPU 0 task=ppo_eval_e07_c070_g0 kind=evaluate_subsets complete seconds=17.69
2026-08-09 10:21:15,135 | fedcaps-worker-0 | INFO | [TASK] GPU 0 task=ppo_eval_e08_c071_g0 kind=evaluate_subsets start
2026-08-09 10:21:32,866 | fedcaps-worker-0 | INFO | [TASK] GPU 0 task=ppo_eval_e08_c071_g0 kind=evaluate_subsets complete seconds=17.73
2026-08-09 10:21:32,924 | fedcaps-worker-0 | INFO | [TASK] GPU 0 task=ppo_eval_e08_c072_g0 kind=evaluate_subsets start
2026-08-09 10:21:50,672 | fedcaps-worker-0 | INFO | [TASK] GPU 0 task=ppo_eval_e08_c072_g0 kind=evaluate_subsets complete seconds=17.75
2026-08-09 10:21:50,733 | fedcaps-worker-0 | INFO | [TASK] GPU 0 task=ppo_eval_e08_c073_g0 kind=evaluate_subsets start
2026-08-09 10:22:08,321 | fedcaps-worker-0 | INFO | [TASK] GPU 0 task=ppo_eval_e08_c073_g0 kind=evaluate_subsets complete seconds=17.59
2026-08-09 10:22:08,384 | fedcaps-worker-0 | INFO | [TASK] GPU 0 task=ppo_eval_e08_c074_g0 kind=evaluate_subsets start
2026-08-09 10:22:28,514 | fedcaps-worker-0 | INFO | [TASK] GPU 0 task=ppo_eval_e08_c074_g0 kind=evaluate_subsets complete seconds=20.13
2026-08-09 10:22:28,573 | fedcaps-worker-0 | INFO | [TASK] GPU 0 task=ppo_eval_e08_c075_g0 kind=evaluate_subsets start
2026-08-09 10:22:46,856 | fedcaps-worker-0 | INFO | [TASK] GPU 0 task=ppo_eval_e08_c075_g0 kind=evaluate_subsets complete seconds=18.28
2026-08-09 10:22:46,919 | fedcaps-worker-0 | INFO | [TASK] GPU 0 task=ppo_eval_e08_c076_g0 kind=evaluate_subsets start
2026-08-09 10:23:05,685 | fedcaps-worker-0 | INFO | [TASK] GPU 0 task=ppo_eval_e08_c076_g0 kind=evaluate_subsets complete seconds=18.77
2026-08-09 10:23:05,747 | fedcaps-worker-0 | INFO | [TASK] GPU 0 task=ppo_eval_e08_c077_g0 kind=evaluate_subsets start
2026-08-09 10:23:24,297 | fedcaps-worker-0 | INFO | [TASK] GPU 0 task=ppo_eval_e08_c077_g0 kind=evaluate_subsets complete seconds=18.55
2026-08-09 10:23:24,359 | fedcaps-worker-0 | INFO | [TASK] GPU 0 task=ppo_eval_e08_c078_g0 kind=evaluate_subsets start
2026-08-09 10:23:44,116 | fedcaps-worker-0 | INFO | [TASK] GPU 0 task=ppo_eval_e08_c078_g0 kind=evaluate_subsets complete seconds=19.76
2026-08-09 10:23:44,181 | fedcaps-worker-0 | INFO | [TASK] GPU 0 task=ppo_eval_e08_c079_g0 kind=evaluate_subsets start
2026-08-09 10:24:03,164 | fedcaps-worker-0 | INFO | [TASK] GPU 0 task=ppo_eval_e08_c079_g0 kind=evaluate_subsets complete seconds=18.98
2026-08-09 10:24:03,225 | fedcaps-worker-0 | INFO | [TASK] GPU 0 task=ppo_eval_e08_c080_g0 kind=evaluate_subsets start
2026-08-09 10:24:21,167 | fedcaps-worker-0 | INFO | [TASK] GPU 0 task=ppo_eval_e08_c080_g0 kind=evaluate_subsets complete seconds=17.94
2026-08-09 10:24:21,282 | fedcaps-worker-0 | INFO | [TASK] GPU 0 task=ppo_eval_e09_c081_g0 kind=evaluate_subsets start
2026-08-09 10:24:38,887 | fedcaps-worker-0 | INFO | [TASK] GPU 0 task=ppo_eval_e09_c081_g0 kind=evaluate_subsets complete seconds=17.60
2026-08-09 10:24:38,947 | fedcaps-worker-0 | INFO | [TASK] GPU 0 task=ppo_eval_e09_c082_g0 kind=evaluate_subsets start
2026-08-09 10:24:56,936 | fedcaps-worker-0 | INFO | [TASK] GPU 0 task=ppo_eval_e09_c082_g0 kind=evaluate_subsets complete seconds=17.99
2026-08-09 10:24:56,995 | fedcaps-worker-0 | INFO | [TASK] GPU 0 task=ppo_eval_e09_c083_g0 kind=evaluate_subsets start
2026-08-09 10:25:15,102 | fedcaps-worker-0 | INFO | [TASK] GPU 0 task=ppo_eval_e09_c083_g0 kind=evaluate_subsets complete seconds=18.11
2026-08-09 10:25:15,163 | fedcaps-worker-0 | INFO | [TASK] GPU 0 task=ppo_eval_e09_c084_g0 kind=evaluate_subsets start
2026-08-09 10:25:33,141 | fedcaps-worker-0 | INFO | [TASK] GPU 0 task=ppo_eval_e09_c084_g0 kind=evaluate_subsets complete seconds=17.98
2026-08-09 10:25:33,200 | fedcaps-worker-0 | INFO | [TASK] GPU 0 task=ppo_eval_e09_c085_g0 kind=evaluate_subsets start
2026-08-09 10:25:51,577 | fedcaps-worker-0 | INFO | [TASK] GPU 0 task=ppo_eval_e09_c085_g0 kind=evaluate_subsets complete seconds=18.38
2026-08-09 10:25:51,637 | fedcaps-worker-0 | INFO | [TASK] GPU 0 task=ppo_eval_e09_c086_g0 kind=evaluate_subsets start
2026-08-09 10:26:09,436 | fedcaps-worker-0 | INFO | [TASK] GPU 0 task=ppo_eval_e09_c086_g0 kind=evaluate_subsets complete seconds=17.80
2026-08-09 10:26:09,496 | fedcaps-worker-0 | INFO | [TASK] GPU 0 task=ppo_eval_e09_c087_g0 kind=evaluate_subsets start
2026-08-09 10:26:27,312 | fedcaps-worker-0 | INFO | [TASK] GPU 0 task=ppo_eval_e09_c087_g0 kind=evaluate_subsets complete seconds=17.82
2026-08-09 10:26:27,373 | fedcaps-worker-0 | INFO | [TASK] GPU 0 task=ppo_eval_e09_c088_g0 kind=evaluate_subsets start
2026-08-09 10:26:45,151 | fedcaps-worker-0 | INFO | [TASK] GPU 0 task=ppo_eval_e09_c088_g0 kind=evaluate_subsets complete seconds=17.78
2026-08-09 10:26:45,216 | fedcaps-worker-0 | INFO | [TASK] GPU 0 task=ppo_eval_e09_c089_g0 kind=evaluate_subsets start
2026-08-09 10:27:03,251 | fedcaps-worker-0 | INFO | [TASK] GPU 0 task=ppo_eval_e09_c089_g0 kind=evaluate_subsets complete seconds=18.03
2026-08-09 10:27:03,311 | fedcaps-worker-0 | INFO | [TASK] GPU 0 task=ppo_eval_e09_c090_g0 kind=evaluate_subsets start
2026-08-09 10:27:21,004 | fedcaps-worker-0 | INFO | [TASK] GPU 0 task=ppo_eval_e09_c090_g0 kind=evaluate_subsets complete seconds=17.69
2026-08-09 10:27:21,117 | fedcaps-worker-0 | INFO | [TASK] GPU 0 task=ppo_eval_e10_c091_g0 kind=evaluate_subsets start
2026-08-09 10:27:39,372 | fedcaps-worker-0 | INFO | [TASK] GPU 0 task=ppo_eval_e10_c091_g0 kind=evaluate_subsets complete seconds=18.26
2026-08-09 10:27:39,431 | fedcaps-worker-0 | INFO | [TASK] GPU 0 task=ppo_eval_e10_c092_g0 kind=evaluate_subsets start
2026-08-09 10:27:57,391 | fedcaps-worker-0 | INFO | [TASK] GPU 0 task=ppo_eval_e10_c092_g0 kind=evaluate_subsets complete seconds=17.96
2026-08-09 10:27:57,449 | fedcaps-worker-0 | INFO | [TASK] GPU 0 task=ppo_eval_e10_c093_g0 kind=evaluate_subsets start
2026-08-09 10:28:14,992 | fedcaps-worker-0 | INFO | [TASK] GPU 0 task=ppo_eval_e10_c093_g0 kind=evaluate_subsets complete seconds=17.54
2026-08-09 10:28:15,051 | fedcaps-worker-0 | INFO | [TASK] GPU 0 task=ppo_eval_e10_c094_g0 kind=evaluate_subsets start
2026-08-09 10:28:32,964 | fedcaps-worker-0 | INFO | [TASK] GPU 0 task=ppo_eval_e10_c094_g0 kind=evaluate_subsets complete seconds=17.91
2026-08-09 10:28:33,024 | fedcaps-worker-0 | INFO | [TASK] GPU 0 task=ppo_eval_e10_c095_g0 kind=evaluate_subsets start
2026-08-09 10:28:51,083 | fedcaps-worker-0 | INFO | [TASK] GPU 0 task=ppo_eval_e10_c095_g0 kind=evaluate_subsets complete seconds=18.06
2026-08-09 10:28:51,148 | fedcaps-worker-0 | INFO | [TASK] GPU 0 task=ppo_eval_e10_c096_g0 kind=evaluate_subsets start
2026-08-09 10:29:09,101 | fedcaps-worker-0 | INFO | [TASK] GPU 0 task=ppo_eval_e10_c096_g0 kind=evaluate_subsets complete seconds=17.95
2026-08-09 10:29:09,164 | fedcaps-worker-0 | INFO | [TASK] GPU 0 task=ppo_eval_e10_c097_g0 kind=evaluate_subsets start
2026-08-09 10:29:27,064 | fedcaps-worker-0 | INFO | [TASK] GPU 0 task=ppo_eval_e10_c097_g0 kind=evaluate_subsets complete seconds=17.90
2026-08-09 10:29:27,128 | fedcaps-worker-0 | INFO | [TASK] GPU 0 task=ppo_eval_e10_c098_g0 kind=evaluate_subsets start
2026-08-09 10:29:45,159 | fedcaps-worker-0 | INFO | [TASK] GPU 0 task=ppo_eval_e10_c098_g0 kind=evaluate_subsets complete seconds=18.03
2026-08-09 10:29:45,219 | fedcaps-worker-0 | INFO | [TASK] GPU 0 task=ppo_eval_e10_c099_g0 kind=evaluate_subsets start
2026-08-09 10:30:03,205 | fedcaps-worker-0 | INFO | [TASK] GPU 0 task=ppo_eval_e10_c099_g0 kind=evaluate_subsets complete seconds=17.99
2026-08-09 10:30:03,268 | fedcaps-worker-0 | INFO | [TASK] GPU 0 task=ppo_eval_e10_c100_g0 kind=evaluate_subsets start
2026-08-09 10:30:20,966 | fedcaps-worker-0 | INFO | [TASK] GPU 0 task=ppo_eval_e10_c100_g0 kind=evaluate_subsets complete seconds=17.70
2026-08-09 10:30:21,158 | fedcaps-worker-0 | INFO | [TASK] GPU 0 task=final_cache_g0 kind=initialize_cache start
2026-08-09 10:30:21,158 | fedcaps-worker-0 | INFO | [STAGE cache] GPU 0 releasing phase=search clients=[2, 3, 4, 5, 6] before rebalance
2026-08-09 10:30:22,572 | fedcaps-worker-0 | INFO | GPU 0 cache phase=final_training clients=[3, 4, 6, 7, 9, 10] planned=2,167,691,020 actual=2,167,691,020 budget=10,945,226,342
2026-08-09 10:30:22,573 | fedcaps-worker-0 | INFO | [TASK] GPU 0 task=final_cache_g0 kind=initialize_cache complete seconds=1.42
2026-08-09 10:30:22,859 | fedcaps-worker-0 | INFO | [TASK] GPU 0 task=round_001_train_g0 kind=train_final start
2026-08-09 10:30:53,858 | fedcaps-worker-0 | INFO | [STAGE final-train] GPU 0 round=1 client=3 steps=3642 train_rows=3728450 loss=0.403726 seconds=31.00
2026-08-09 10:31:09,632 | fedcaps-worker-0 | INFO | [STAGE final-train] GPU 0 round=1 client=4 steps=1876 train_rows=1920254 loss=0.270060 seconds=15.77
2026-08-09 10:31:32,008 | fedcaps-worker-0 | INFO | [STAGE final-train] GPU 0 round=1 client=6 steps=2624 train_rows=2686617 loss=0.046929 seconds=22.38
2026-08-09 10:31:47,497 | fedcaps-worker-0 | INFO | [STAGE final-train] GPU 0 round=1 client=7 steps=1783 train_rows=1824975 loss=0.474915 seconds=15.49
2026-08-09 10:32:23,953 | fedcaps-worker-0 | INFO | [STAGE final-train] GPU 0 round=1 client=9 steps=4253 train_rows=4354192 loss=0.321499 seconds=36.46
2026-08-09 10:32:56,251 | fedcaps-worker-0 | INFO | [STAGE final-train] GPU 0 round=1 client=10 steps=3873 train_rows=3965607 loss=0.350420 seconds=32.30
2026-08-09 10:32:56,260 | fedcaps-worker-0 | INFO | [TASK] GPU 0 task=round_001_train_g0 kind=train_final complete seconds=153.40
2026-08-09 10:32:56,556 | fedcaps-worker-0 | INFO | [TASK] GPU 0 task=round_001_test_g0 kind=test_final start
2026-08-09 10:33:00,645 | fedcaps-worker-0 | INFO | GPU 0 global-test cache mode=gpu_full rows=9,003,649 auxiliary_bytes=1,044,423,284
2026-08-09 10:33:00,645 | fedcaps-worker-0 | INFO | [STAGE final-test] GPU 0 client=1 family=transformer start test_rows=9,003,649 selected_features=8
2026-08-09 10:33:20,968 | fedcaps-worker-0 | INFO | [STAGE final-test] GPU 0 client=1 complete accuracy=0.002087 macro_f1=0.000123 weighted_f1=0.000009 seconds=20.32
2026-08-09 10:33:20,968 | fedcaps-worker-0 | INFO | [STAGE final-test] GPU 0 client=2 family=transformer start test_rows=9,003,649 selected_features=8
2026-08-09 10:33:41,173 | fedcaps-worker-0 | INFO | [STAGE final-test] GPU 0 client=2 complete accuracy=0.516336 macro_f1=0.161042 weighted_f1=0.423243 seconds=20.20
2026-08-09 10:33:41,173 | fedcaps-worker-0 | INFO | [STAGE final-test] GPU 0 client=3 family=transformer start test_rows=9,003,649 selected_features=8
2026-08-09 10:34:04,933 | fedcaps-worker-0 | INFO | [STAGE final-test] GPU 0 client=3 complete accuracy=0.189398 macro_f1=0.083485 weighted_f1=0.088877 seconds=23.76
2026-08-09 10:34:04,933 | fedcaps-worker-0 | INFO | [STAGE final-test] GPU 0 client=4 family=transformer start test_rows=9,003,649 selected_features=8
2026-08-09 10:34:26,928 | fedcaps-worker-0 | INFO | [STAGE final-test] GPU 0 client=4 complete accuracy=0.105453 macro_f1=0.012739 weighted_f1=0.023026 seconds=21.99
2026-08-09 10:34:26,928 | fedcaps-worker-0 | INFO | [STAGE final-test] GPU 0 client=5 family=transformer start test_rows=9,003,649 selected_features=8
2026-08-09 10:34:47,800 | fedcaps-worker-0 | INFO | [STAGE final-test] GPU 0 client=5 complete accuracy=0.335987 macro_f1=0.057144 weighted_f1=0.227744 seconds=20.87
2026-08-09 10:34:47,805 | fedcaps-worker-0 | INFO | [TASK] GPU 0 task=round_001_test_g0 kind=test_final complete seconds=111.25
2026-08-09 10:34:48,015 | fedcaps-worker-0 | INFO | [TASK] GPU 0 task=round_002_train_g0 kind=train_final start
2026-08-09 10:35:20,029 | fedcaps-worker-0 | INFO | [STAGE final-train] GPU 0 round=2 client=3 steps=3642 train_rows=3728450 loss=0.195777 seconds=32.01
2026-08-09 10:35:37,367 | fedcaps-worker-0 | INFO | [STAGE final-train] GPU 0 round=2 client=4 steps=1876 train_rows=1920254 loss=0.137284 seconds=17.34
2026-08-09 10:36:01,660 | fedcaps-worker-0 | INFO | [STAGE final-train] GPU 0 round=2 client=6 steps=2624 train_rows=2686617 loss=0.022104 seconds=24.29
2026-08-09 10:36:17,518 | fedcaps-worker-0 | INFO | [STAGE final-train] GPU 0 round=2 client=7 steps=1783 train_rows=1824975 loss=0.401158 seconds=15.86
2026-08-09 10:36:56,242 | fedcaps-worker-0 | INFO | [STAGE final-train] GPU 0 round=2 client=9 steps=4253 train_rows=4354192 loss=0.223615 seconds=38.72
2026-08-09 10:37:28,119 | fedcaps-worker-0 | INFO | [STAGE final-train] GPU 0 round=2 client=10 steps=3873 train_rows=3965607 loss=0.101456 seconds=31.88
2026-08-09 10:37:28,130 | fedcaps-worker-0 | INFO | [TASK] GPU 0 task=round_002_train_g0 kind=train_final complete seconds=160.11
2026-08-09 10:37:28,389 | fedcaps-worker-0 | INFO | [TASK] GPU 0 task=round_002_test_g0 kind=test_final start
2026-08-09 10:37:28,389 | fedcaps-worker-0 | INFO | [STAGE final-test] GPU 0 client=1 family=transformer start test_rows=9,003,649 selected_features=8
2026-08-09 10:37:48,699 | fedcaps-worker-0 | INFO | [STAGE final-test] GPU 0 client=1 complete accuracy=0.002087 macro_f1=0.000123 weighted_f1=0.000009 seconds=20.31
2026-08-09 10:37:48,700 | fedcaps-worker-0 | INFO | [STAGE final-test] GPU 0 client=2 family=transformer start test_rows=9,003,649 selected_features=8
2026-08-09 10:38:08,771 | fedcaps-worker-0 | INFO | [STAGE final-test] GPU 0 client=2 complete accuracy=0.538201 macro_f1=0.192948 weighted_f1=0.445657 seconds=20.07
2026-08-09 10:38:08,771 | fedcaps-worker-0 | INFO | [STAGE final-test] GPU 0 client=3 family=transformer start test_rows=9,003,649 selected_features=8
2026-08-09 10:38:29,217 | fedcaps-worker-0 | INFO | [STAGE final-test] GPU 0 client=3 complete accuracy=0.204144 macro_f1=0.106813 weighted_f1=0.100009 seconds=20.45
2026-08-09 10:38:29,218 | fedcaps-worker-0 | INFO | [STAGE final-test] GPU 0 client=4 family=transformer start test_rows=9,003,649 selected_features=8
2026-08-09 10:38:50,146 | fedcaps-worker-0 | INFO | [STAGE final-test] GPU 0 client=4 complete accuracy=0.108429 macro_f1=0.013471 weighted_f1=0.023370 seconds=20.93
2026-08-09 10:38:50,147 | fedcaps-worker-0 | INFO | [STAGE final-test] GPU 0 client=5 family=transformer start test_rows=9,003,649 selected_features=8
2026-08-09 10:39:10,365 | fedcaps-worker-0 | INFO | [STAGE final-test] GPU 0 client=5 complete accuracy=0.336441 macro_f1=0.058727 weighted_f1=0.230054 seconds=20.22
2026-08-09 10:39:10,370 | fedcaps-worker-0 | INFO | [TASK] GPU 0 task=round_002_test_g0 kind=test_final complete seconds=101.98
2026-08-09 10:39:10,591 | fedcaps-worker-0 | INFO | [TASK] GPU 0 task=round_003_train_g0 kind=train_final start
2026-08-09 10:39:40,785 | fedcaps-worker-0 | INFO | [STAGE final-train] GPU 0 round=3 client=3 steps=3642 train_rows=3728450 loss=0.160239 seconds=30.19
2026-08-09 10:39:57,552 | fedcaps-worker-0 | INFO | [STAGE final-train] GPU 0 round=3 client=4 steps=1876 train_rows=1920254 loss=0.081168 seconds=16.77
2026-08-09 10:40:20,018 | fedcaps-worker-0 | INFO | [STAGE final-train] GPU 0 round=3 client=6 steps=2624 train_rows=2686617 loss=0.017240 seconds=22.47
2026-08-09 10:40:35,172 | fedcaps-worker-0 | INFO | [STAGE final-train] GPU 0 round=3 client=7 steps=1783 train_rows=1824975 loss=0.374239 seconds=15.15
2026-08-09 10:41:10,781 | fedcaps-worker-0 | INFO | [STAGE final-train] GPU 0 round=3 client=9 steps=4253 train_rows=4354192 loss=0.180826 seconds=35.61
2026-08-09 10:41:42,675 | fedcaps-worker-0 | INFO | [STAGE final-train] GPU 0 round=3 client=10 steps=3873 train_rows=3965607 loss=0.071879 seconds=31.89
2026-08-09 10:41:42,684 | fedcaps-worker-0 | INFO | [TASK] GPU 0 task=round_003_train_g0 kind=train_final complete seconds=152.09
2026-08-09 10:41:42,944 | fedcaps-worker-0 | INFO | [TASK] GPU 0 task=round_003_test_g0 kind=test_final start
2026-08-09 10:41:42,945 | fedcaps-worker-0 | INFO | [STAGE final-test] GPU 0 client=1 family=transformer start test_rows=9,003,649 selected_features=8
2026-08-09 10:42:02,732 | fedcaps-worker-0 | INFO | [STAGE final-test] GPU 0 client=1 complete accuracy=0.010766 macro_f1=0.003048 weighted_f1=0.001588 seconds=19.79
2026-08-09 10:42:02,732 | fedcaps-worker-0 | INFO | [STAGE final-test] GPU 0 client=2 family=transformer start test_rows=9,003,649 selected_features=8
2026-08-09 10:42:22,841 | fedcaps-worker-0 | INFO | [STAGE final-test] GPU 0 client=2 complete accuracy=0.550125 macro_f1=0.205899 weighted_f1=0.457040 seconds=20.11
2026-08-09 10:42:22,842 | fedcaps-worker-0 | INFO | [STAGE final-test] GPU 0 client=3 family=transformer start test_rows=9,003,649 selected_features=8
2026-08-09 10:42:42,991 | fedcaps-worker-0 | INFO | [STAGE final-test] GPU 0 client=3 complete accuracy=0.222055 macro_f1=0.147176 weighted_f1=0.120403 seconds=20.15
2026-08-09 10:42:42,991 | fedcaps-worker-0 | INFO | [STAGE final-test] GPU 0 client=4 family=transformer start test_rows=9,003,649 selected_features=8
2026-08-09 10:43:03,014 | fedcaps-worker-0 | INFO | [STAGE final-test] GPU 0 client=4 complete accuracy=0.109442 macro_f1=0.020531 weighted_f1=0.024261 seconds=20.02
2026-08-09 10:43:03,014 | fedcaps-worker-0 | INFO | [STAGE final-test] GPU 0 client=5 family=transformer start test_rows=9,003,649 selected_features=8
2026-08-09 10:43:22,935 | fedcaps-worker-0 | INFO | [STAGE final-test] GPU 0 client=5 complete accuracy=0.337869 macro_f1=0.059808 weighted_f1=0.229337 seconds=19.92
2026-08-09 10:43:22,939 | fedcaps-worker-0 | INFO | [TASK] GPU 0 task=round_003_test_g0 kind=test_final complete seconds=99.99
2026-08-09 10:43:23,139 | fedcaps-worker-0 | INFO | [TASK] GPU 0 task=round_004_train_g0 kind=train_final start
2026-08-09 10:43:53,672 | fedcaps-worker-0 | INFO | [STAGE final-train] GPU 0 round=4 client=3 steps=3642 train_rows=3728450 loss=0.144941 seconds=30.53
2026-08-09 10:44:09,609 | fedcaps-worker-0 | INFO | [STAGE final-train] GPU 0 round=4 client=4 steps=1876 train_rows=1920254 loss=0.068227 seconds=15.94
2026-08-09 10:44:31,641 | fedcaps-worker-0 | INFO | [STAGE final-train] GPU 0 round=4 client=6 steps=2624 train_rows=2686617 loss=0.014628 seconds=22.03
2026-08-09 10:44:46,751 | fedcaps-worker-0 | INFO | [STAGE final-train] GPU 0 round=4 client=7 steps=1783 train_rows=1824975 loss=0.353793 seconds=15.11
2026-08-09 10:45:22,135 | fedcaps-worker-0 | INFO | [STAGE final-train] GPU 0 round=4 client=9 steps=4253 train_rows=4354192 loss=0.165582 seconds=35.38
2026-08-09 10:45:54,010 | fedcaps-worker-0 | INFO | [STAGE final-train] GPU 0 round=4 client=10 steps=3873 train_rows=3965607 loss=0.063735 seconds=31.87
2026-08-09 10:45:54,019 | fedcaps-worker-0 | INFO | [TASK] GPU 0 task=round_004_train_g0 kind=train_final complete seconds=150.88
2026-08-09 10:45:54,278 | fedcaps-worker-0 | INFO | [TASK] GPU 0 task=round_004_test_g0 kind=test_final start
2026-08-09 10:45:54,279 | fedcaps-worker-0 | INFO | [STAGE final-test] GPU 0 client=1 family=transformer start test_rows=9,003,649 selected_features=8
2026-08-09 10:46:14,293 | fedcaps-worker-0 | INFO | [STAGE final-test] GPU 0 client=1 complete accuracy=0.010766 macro_f1=0.002710 weighted_f1=0.001402 seconds=20.01
2026-08-09 10:46:14,293 | fedcaps-worker-0 | INFO | [STAGE final-test] GPU 0 client=2 family=transformer start test_rows=9,003,649 selected_features=8
2026-08-09 10:46:34,764 | fedcaps-worker-0 | INFO | [STAGE final-test] GPU 0 client=2 complete accuracy=0.555292 macro_f1=0.222761 weighted_f1=0.465336 seconds=20.47
2026-08-09 10:46:34,764 | fedcaps-worker-0 | INFO | [STAGE final-test] GPU 0 client=3 family=transformer start test_rows=9,003,649 selected_features=8
2026-08-09 10:46:55,364 | fedcaps-worker-0 | INFO | [STAGE final-test] GPU 0 client=3 complete accuracy=0.223999 macro_f1=0.155788 weighted_f1=0.121170 seconds=20.60
2026-08-09 10:46:55,364 | fedcaps-worker-0 | INFO | [STAGE final-test] GPU 0 client=4 family=transformer start test_rows=9,003,649 selected_features=8
2026-08-09 10:47:15,591 | fedcaps-worker-0 | INFO | [STAGE final-test] GPU 0 client=4 complete accuracy=0.109502 macro_f1=0.020113 weighted_f1=0.024359 seconds=20.23
2026-08-09 10:47:15,591 | fedcaps-worker-0 | INFO | [STAGE final-test] GPU 0 client=5 family=transformer start test_rows=9,003,649 selected_features=8
2026-08-09 10:47:35,633 | fedcaps-worker-0 | INFO | [STAGE final-test] GPU 0 client=5 complete accuracy=0.338473 macro_f1=0.063171 weighted_f1=0.230550 seconds=20.04
2026-08-09 10:47:35,637 | fedcaps-worker-0 | INFO | [TASK] GPU 0 task=round_004_test_g0 kind=test_final complete seconds=101.36
2026-08-09 10:47:35,845 | fedcaps-worker-0 | INFO | [TASK] GPU 0 task=round_005_train_g0 kind=train_final start
2026-08-09 10:48:05,525 | fedcaps-worker-0 | INFO | [STAGE final-train] GPU 0 round=5 client=3 steps=3642 train_rows=3728450 loss=0.135107 seconds=29.68
2026-08-09 10:48:21,483 | fedcaps-worker-0 | INFO | [STAGE final-train] GPU 0 round=5 client=4 steps=1876 train_rows=1920254 loss=0.061457 seconds=15.96
2026-08-09 10:48:43,270 | fedcaps-worker-0 | INFO | [STAGE final-train] GPU 0 round=5 client=6 steps=2624 train_rows=2686617 loss=0.012809 seconds=21.79
2026-08-09 10:48:58,346 | fedcaps-worker-0 | INFO | [STAGE final-train] GPU 0 round=5 client=7 steps=1783 train_rows=1824975 loss=0.341726 seconds=15.08
2026-08-09 10:49:34,463 | fedcaps-worker-0 | INFO | [STAGE final-train] GPU 0 round=5 client=9 steps=4253 train_rows=4354192 loss=0.158551 seconds=36.12
2026-08-09 10:50:06,689 | fedcaps-worker-0 | INFO | [STAGE final-train] GPU 0 round=5 client=10 steps=3873 train_rows=3965607 loss=0.059002 seconds=32.23
2026-08-09 10:50:06,698 | fedcaps-worker-0 | INFO | [TASK] GPU 0 task=round_005_train_g0 kind=train_final complete seconds=150.85
2026-08-09 10:50:06,972 | fedcaps-worker-0 | INFO | [TASK] GPU 0 task=round_005_test_g0 kind=test_final start
2026-08-09 10:50:06,973 | fedcaps-worker-0 | INFO | [STAGE final-test] GPU 0 client=1 family=transformer start test_rows=9,003,649 selected_features=8
2026-08-09 10:50:27,169 | fedcaps-worker-0 | INFO | [STAGE final-test] GPU 0 client=1 complete accuracy=0.011037 macro_f1=0.001852 weighted_f1=0.000924 seconds=20.20
2026-08-09 10:50:27,170 | fedcaps-worker-0 | INFO | [STAGE final-test] GPU 0 client=2 family=transformer start test_rows=9,003,649 selected_features=8
2026-08-09 10:50:47,365 | fedcaps-worker-0 | INFO | [STAGE final-test] GPU 0 client=2 complete accuracy=0.558536 macro_f1=0.221784 weighted_f1=0.468036 seconds=20.20
2026-08-09 10:50:47,365 | fedcaps-worker-0 | INFO | [STAGE final-test] GPU 0 client=3 family=transformer start test_rows=9,003,649 selected_features=8
2026-08-09 10:51:07,721 | fedcaps-worker-0 | INFO | [STAGE final-test] GPU 0 client=3 complete accuracy=0.221895 macro_f1=0.158775 weighted_f1=0.120386 seconds=20.36
2026-08-09 10:51:07,721 | fedcaps-worker-0 | INFO | [STAGE final-test] GPU 0 client=4 family=transformer start test_rows=9,003,649 selected_features=8
2026-08-09 10:51:29,136 | fedcaps-worker-0 | INFO | [STAGE final-test] GPU 0 client=4 complete accuracy=0.109728 macro_f1=0.022111 weighted_f1=0.024743 seconds=21.41
2026-08-09 10:51:29,136 | fedcaps-worker-0 | INFO | [STAGE final-test] GPU 0 client=5 family=transformer start test_rows=9,003,649 selected_features=8
2026-08-09 10:51:49,304 | fedcaps-worker-0 | INFO | [STAGE final-test] GPU 0 client=5 complete accuracy=0.342908 macro_f1=0.079438 weighted_f1=0.237238 seconds=20.17
2026-08-09 10:51:49,308 | fedcaps-worker-0 | INFO | [TASK] GPU 0 task=round_005_test_g0 kind=test_final complete seconds=102.34
2026-08-09 10:51:49,679 | fedcaps-worker-0 | INFO | [TASK] GPU 0 task=round_006_train_g0 kind=train_final start
2026-08-09 10:52:19,505 | fedcaps-worker-0 | INFO | [STAGE final-train] GPU 0 round=6 client=3 steps=3642 train_rows=3728450 loss=0.127609 seconds=29.83
2026-08-09 10:52:35,509 | fedcaps-worker-0 | INFO | [STAGE final-train] GPU 0 round=6 client=4 steps=1876 train_rows=1920254 loss=0.057032 seconds=16.00
2026-08-09 10:52:57,622 | fedcaps-worker-0 | INFO | [STAGE final-train] GPU 0 round=6 client=6 steps=2624 train_rows=2686617 loss=0.011566 seconds=22.11
2026-08-09 10:53:12,627 | fedcaps-worker-0 | INFO | [STAGE final-train] GPU 0 round=6 client=7 steps=1783 train_rows=1824975 loss=0.334610 seconds=15.00
2026-08-09 10:53:49,012 | fedcaps-worker-0 | INFO | [STAGE final-train] GPU 0 round=6 client=9 steps=4253 train_rows=4354192 loss=0.153643 seconds=36.39
2026-08-09 10:54:20,672 | fedcaps-worker-0 | INFO | [STAGE final-train] GPU 0 round=6 client=10 steps=3873 train_rows=3965607 loss=0.055409 seconds=31.66
2026-08-09 10:54:20,682 | fedcaps-worker-0 | INFO | [TASK] GPU 0 task=round_006_train_g0 kind=train_final complete seconds=151.00
2026-08-09 10:54:20,952 | fedcaps-worker-0 | INFO | [TASK] GPU 0 task=round_006_test_g0 kind=test_final start
2026-08-09 10:54:20,953 | fedcaps-worker-0 | INFO | [STAGE final-test] GPU 0 client=1 family=transformer start test_rows=9,003,649 selected_features=8
2026-08-09 10:54:41,333 | fedcaps-worker-0 | INFO | [STAGE final-test] GPU 0 client=1 complete accuracy=0.011922 macro_f1=0.001903 weighted_f1=0.000949 seconds=20.38
2026-08-09 10:54:41,333 | fedcaps-worker-0 | INFO | [STAGE final-test] GPU 0 client=2 family=transformer start test_rows=9,003,649 selected_features=8
2026-08-09 10:55:01,658 | fedcaps-worker-0 | INFO | [STAGE final-test] GPU 0 client=2 complete accuracy=0.559453 macro_f1=0.227221 weighted_f1=0.464435 seconds=20.32
2026-08-09 10:55:01,658 | fedcaps-worker-0 | INFO | [STAGE final-test] GPU 0 client=3 family=transformer start test_rows=9,003,649 selected_features=8
2026-08-09 10:55:21,950 | fedcaps-worker-0 | INFO | [STAGE final-test] GPU 0 client=3 complete accuracy=0.224716 macro_f1=0.165314 weighted_f1=0.122740 seconds=20.29
2026-08-09 10:55:21,950 | fedcaps-worker-0 | INFO | [STAGE final-test] GPU 0 client=4 family=transformer start test_rows=9,003,649 selected_features=8
2026-08-09 10:55:42,083 | fedcaps-worker-0 | INFO | [STAGE final-test] GPU 0 client=4 complete accuracy=0.109723 macro_f1=0.021475 weighted_f1=0.028414 seconds=20.13
2026-08-09 10:55:42,083 | fedcaps-worker-0 | INFO | [STAGE final-test] GPU 0 client=5 family=transformer start test_rows=9,003,649 selected_features=8
2026-08-09 10:56:02,278 | fedcaps-worker-0 | INFO | [STAGE final-test] GPU 0 client=5 complete accuracy=0.344173 macro_f1=0.075429 weighted_f1=0.239383 seconds=20.19
2026-08-09 10:56:02,282 | fedcaps-worker-0 | INFO | [TASK] GPU 0 task=round_006_test_g0 kind=test_final complete seconds=101.33
2026-08-09 10:56:02,488 | fedcaps-worker-0 | INFO | [TASK] GPU 0 task=round_007_train_g0 kind=train_final start
2026-08-09 10:56:32,717 | fedcaps-worker-0 | INFO | [STAGE final-train] GPU 0 round=7 client=3 steps=3642 train_rows=3728450 loss=0.121707 seconds=30.23
2026-08-09 10:56:48,679 | fedcaps-worker-0 | INFO | [STAGE final-train] GPU 0 round=7 client=4 steps=1876 train_rows=1920254 loss=0.053336 seconds=15.96
2026-08-09 10:57:10,699 | fedcaps-worker-0 | INFO | [STAGE final-train] GPU 0 round=7 client=6 steps=2624 train_rows=2686617 loss=0.010826 seconds=22.02
2026-08-09 10:57:25,881 | fedcaps-worker-0 | INFO | [STAGE final-train] GPU 0 round=7 client=7 steps=1783 train_rows=1824975 loss=0.328263 seconds=15.18
2026-08-09 10:58:02,332 | fedcaps-worker-0 | INFO | [STAGE final-train] GPU 0 round=7 client=9 steps=4253 train_rows=4354192 loss=0.150240 seconds=36.45
2026-08-09 10:58:34,788 | fedcaps-worker-0 | INFO | [STAGE final-train] GPU 0 round=7 client=10 steps=3873 train_rows=3965607 loss=0.052331 seconds=32.46
2026-08-09 10:58:34,798 | fedcaps-worker-0 | INFO | [TASK] GPU 0 task=round_007_train_g0 kind=train_final complete seconds=152.31
2026-08-09 10:58:35,052 | fedcaps-worker-0 | INFO | [TASK] GPU 0 task=round_007_test_g0 kind=test_final start
2026-08-09 10:58:35,052 | fedcaps-worker-0 | INFO | [STAGE final-test] GPU 0 client=1 family=transformer start test_rows=9,003,649 selected_features=8
2026-08-09 10:58:55,615 | fedcaps-worker-0 | INFO | [STAGE final-test] GPU 0 client=1 complete accuracy=0.012200 macro_f1=0.001920 weighted_f1=0.000958 seconds=20.56
2026-08-09 10:58:55,615 | fedcaps-worker-0 | INFO | [STAGE final-test] GPU 0 client=2 family=transformer start test_rows=9,003,649 selected_features=8
2026-08-09 10:59:16,338 | fedcaps-worker-0 | INFO | [STAGE final-test] GPU 0 client=2 complete accuracy=0.562677 macro_f1=0.230265 weighted_f1=0.466680 seconds=20.72
2026-08-09 10:59:16,338 | fedcaps-worker-0 | INFO | [STAGE final-test] GPU 0 client=3 family=transformer start test_rows=9,003,649 selected_features=8
2026-08-09 10:59:36,434 | fedcaps-worker-0 | INFO | [STAGE final-test] GPU 0 client=3 complete accuracy=0.228620 macro_f1=0.176148 weighted_f1=0.126215 seconds=20.10
2026-08-09 10:59:36,434 | fedcaps-worker-0 | INFO | [STAGE final-test] GPU 0 client=4 family=transformer start test_rows=9,003,649 selected_features=8
2026-08-09 10:59:56,224 | fedcaps-worker-0 | INFO | [STAGE final-test] GPU 0 client=4 complete accuracy=0.109714 macro_f1=0.021279 weighted_f1=0.028440 seconds=19.79
2026-08-09 10:59:56,225 | fedcaps-worker-0 | INFO | [STAGE final-test] GPU 0 client=5 family=transformer start test_rows=9,003,649 selected_features=8
2026-08-09 11:00:16,464 | fedcaps-worker-0 | INFO | [STAGE final-test] GPU 0 client=5 complete accuracy=0.347953 macro_f1=0.072228 weighted_f1=0.245614 seconds=20.24
2026-08-09 11:00:16,470 | fedcaps-worker-0 | INFO | [TASK] GPU 0 task=round_007_test_g0 kind=test_final complete seconds=101.42
2026-08-09 11:00:16,662 | fedcaps-worker-0 | INFO | [TASK] GPU 0 task=round_008_train_g0 kind=train_final start
2026-08-09 11:00:47,306 | fedcaps-worker-0 | INFO | [STAGE final-train] GPU 0 round=8 client=3 steps=3642 train_rows=3728450 loss=0.116444 seconds=30.64
2026-08-09 11:01:03,427 | fedcaps-worker-0 | INFO | [STAGE final-train] GPU 0 round=8 client=4 steps=1876 train_rows=1920254 loss=0.050689 seconds=16.12
2026-08-09 11:01:25,391 | fedcaps-worker-0 | INFO | [STAGE final-train] GPU 0 round=8 client=6 steps=2624 train_rows=2686617 loss=0.010367 seconds=21.96
2026-08-09 11:01:40,386 | fedcaps-worker-0 | INFO | [STAGE final-train] GPU 0 round=8 client=7 steps=1783 train_rows=1824975 loss=0.322792 seconds=14.99
2026-08-09 11:02:16,276 | fedcaps-worker-0 | INFO | [STAGE final-train] GPU 0 round=8 client=9 steps=4253 train_rows=4354192 loss=0.147630 seconds=35.89
2026-08-09 11:02:48,310 | fedcaps-worker-0 | INFO | [STAGE final-train] GPU 0 round=8 client=10 steps=3873 train_rows=3965607 loss=0.048613 seconds=32.03
2026-08-09 11:02:48,320 | fedcaps-worker-0 | INFO | [TASK] GPU 0 task=round_008_train_g0 kind=train_final complete seconds=151.66
2026-08-09 11:02:48,589 | fedcaps-worker-0 | INFO | [TASK] GPU 0 task=round_008_test_g0 kind=test_final start
2026-08-09 11:02:48,589 | fedcaps-worker-0 | INFO | [STAGE final-test] GPU 0 client=1 family=transformer start test_rows=9,003,649 selected_features=8
2026-08-09 11:03:08,315 | fedcaps-worker-0 | INFO | [STAGE final-test] GPU 0 client=1 complete accuracy=0.012216 macro_f1=0.001904 weighted_f1=0.000949 seconds=19.73
2026-08-09 11:03:08,315 | fedcaps-worker-0 | INFO | [STAGE final-test] GPU 0 client=2 family=transformer start test_rows=9,003,649 selected_features=8
2026-08-09 11:03:28,771 | fedcaps-worker-0 | INFO | [STAGE final-test] GPU 0 client=2 complete accuracy=0.576823 macro_f1=0.255459 weighted_f1=0.488764 seconds=20.46
2026-08-09 11:03:28,771 | fedcaps-worker-0 | INFO | [STAGE final-test] GPU 0 client=3 family=transformer start test_rows=9,003,649 selected_features=8
2026-08-09 11:03:48,782 | fedcaps-worker-0 | INFO | [STAGE final-test] GPU 0 client=3 complete accuracy=0.226673 macro_f1=0.175498 weighted_f1=0.125304 seconds=20.01
2026-08-09 11:03:48,783 | fedcaps-worker-0 | INFO | [STAGE final-test] GPU 0 client=4 family=transformer start test_rows=9,003,649 selected_features=8
2026-08-09 11:04:08,985 | fedcaps-worker-0 | INFO | [STAGE final-test] GPU 0 client=4 complete accuracy=0.109914 macro_f1=0.023620 weighted_f1=0.028586 seconds=20.20
2026-08-09 11:04:08,985 | fedcaps-worker-0 | INFO | [STAGE final-test] GPU 0 client=5 family=transformer start test_rows=9,003,649 selected_features=8
2026-08-09 11:04:29,065 | fedcaps-worker-0 | INFO | [STAGE final-test] GPU 0 client=5 complete accuracy=0.353222 macro_f1=0.079408 weighted_f1=0.246244 seconds=20.08
2026-08-09 11:04:29,069 | fedcaps-worker-0 | INFO | [TASK] GPU 0 task=round_008_test_g0 kind=test_final complete seconds=100.48
2026-08-09 11:04:29,271 | fedcaps-worker-0 | INFO | [TASK] GPU 0 task=round_009_train_g0 kind=train_final start
2026-08-09 11:04:59,454 | fedcaps-worker-0 | INFO | [STAGE final-train] GPU 0 round=9 client=3 steps=3642 train_rows=3728450 loss=0.112079 seconds=30.18
2026-08-09 11:05:15,641 | fedcaps-worker-0 | INFO | [STAGE final-train] GPU 0 round=9 client=4 steps=1876 train_rows=1920254 loss=0.048544 seconds=16.19
2026-08-09 11:05:38,028 | fedcaps-worker-0 | INFO | [STAGE final-train] GPU 0 round=9 client=6 steps=2624 train_rows=2686617 loss=0.010001 seconds=22.39
2026-08-09 11:05:53,066 | fedcaps-worker-0 | INFO | [STAGE final-train] GPU 0 round=9 client=7 steps=1783 train_rows=1824975 loss=0.317753 seconds=15.04
2026-08-09 11:06:29,249 | fedcaps-worker-0 | INFO | [STAGE final-train] GPU 0 round=9 client=9 steps=4253 train_rows=4354192 loss=0.145655 seconds=36.18
2026-08-09 11:07:00,651 | fedcaps-worker-0 | INFO | [STAGE final-train] GPU 0 round=9 client=10 steps=3873 train_rows=3965607 loss=0.045177 seconds=31.40
2026-08-09 11:07:00,661 | fedcaps-worker-0 | INFO | [TASK] GPU 0 task=round_009_train_g0 kind=train_final complete seconds=151.39
2026-08-09 11:07:00,920 | fedcaps-worker-0 | INFO | [TASK] GPU 0 task=round_009_test_g0 kind=test_final start
2026-08-09 11:07:00,921 | fedcaps-worker-0 | INFO | [STAGE final-test] GPU 0 client=1 family=transformer start test_rows=9,003,649 selected_features=8
2026-08-09 11:07:21,234 | fedcaps-worker-0 | INFO | [STAGE final-test] GPU 0 client=1 complete accuracy=0.012216 macro_f1=0.001891 weighted_f1=0.000941 seconds=20.31
2026-08-09 11:07:21,235 | fedcaps-worker-0 | INFO | [STAGE final-test] GPU 0 client=2 family=transformer start test_rows=9,003,649 selected_features=8
2026-08-09 11:07:41,684 | fedcaps-worker-0 | INFO | [STAGE final-test] GPU 0 client=2 complete accuracy=0.579326 macro_f1=0.256848 weighted_f1=0.491095 seconds=20.45
2026-08-09 11:07:41,685 | fedcaps-worker-0 | INFO | [STAGE final-test] GPU 0 client=3 family=transformer start test_rows=9,003,649 selected_features=8
2026-08-09 11:08:02,651 | fedcaps-worker-0 | INFO | [STAGE final-test] GPU 0 client=3 complete accuracy=0.229000 macro_f1=0.178565 weighted_f1=0.126607 seconds=20.97
2026-08-09 11:08:02,651 | fedcaps-worker-0 | INFO | [STAGE final-test] GPU 0 client=4 family=transformer start test_rows=9,003,649 selected_features=8
2026-08-09 11:08:22,590 | fedcaps-worker-0 | INFO | [STAGE final-test] GPU 0 client=4 complete accuracy=0.109978 macro_f1=0.023740 weighted_f1=0.028719 seconds=19.94
2026-08-09 11:08:22,590 | fedcaps-worker-0 | INFO | [STAGE final-test] GPU 0 client=5 family=transformer start test_rows=9,003,649 selected_features=8
2026-08-09 11:08:42,605 | fedcaps-worker-0 | INFO | [STAGE final-test] GPU 0 client=5 complete accuracy=0.354080 macro_f1=0.077519 weighted_f1=0.247534 seconds=20.02
2026-08-09 11:08:42,610 | fedcaps-worker-0 | INFO | [TASK] GPU 0 task=round_009_test_g0 kind=test_final complete seconds=101.69
2026-08-09 11:08:42,816 | fedcaps-worker-0 | INFO | [TASK] GPU 0 task=round_010_train_g0 kind=train_final start
2026-08-09 11:09:12,425 | fedcaps-worker-0 | INFO | [STAGE final-train] GPU 0 round=10 client=3 steps=3642 train_rows=3728450 loss=0.108291 seconds=29.61
2026-08-09 11:09:28,656 | fedcaps-worker-0 | INFO | [STAGE final-train] GPU 0 round=10 client=4 steps=1876 train_rows=1920254 loss=0.047150 seconds=16.23
2026-08-09 11:09:50,768 | fedcaps-worker-0 | INFO | [STAGE final-train] GPU 0 round=10 client=6 steps=2624 train_rows=2686617 loss=0.009655 seconds=22.11
2026-08-09 11:10:06,210 | fedcaps-worker-0 | INFO | [STAGE final-train] GPU 0 round=10 client=7 steps=1783 train_rows=1824975 loss=0.313540 seconds=15.44
2026-08-09 11:10:41,793 | fedcaps-worker-0 | INFO | [STAGE final-train] GPU 0 round=10 client=9 steps=4253 train_rows=4354192 loss=0.144172 seconds=35.58
2026-08-09 11:11:14,066 | fedcaps-worker-0 | INFO | [STAGE final-train] GPU 0 round=10 client=10 steps=3873 train_rows=3965607 loss=0.042775 seconds=32.27
2026-08-09 11:11:14,076 | fedcaps-worker-0 | INFO | [TASK] GPU 0 task=round_010_train_g0 kind=train_final complete seconds=151.26
2026-08-09 11:11:14,324 | fedcaps-worker-0 | INFO | [TASK] GPU 0 task=round_010_test_g0 kind=test_final start
2026-08-09 11:11:14,324 | fedcaps-worker-0 | INFO | [STAGE final-test] GPU 0 client=1 family=transformer start test_rows=9,003,649 selected_features=8
2026-08-09 11:11:34,562 | fedcaps-worker-0 | INFO | [STAGE final-test] GPU 0 client=1 complete accuracy=0.012216 macro_f1=0.001874 weighted_f1=0.000932 seconds=20.24
2026-08-09 11:11:34,563 | fedcaps-worker-0 | INFO | [STAGE final-test] GPU 0 client=2 family=transformer start test_rows=9,003,649 selected_features=8
2026-08-09 11:11:54,767 | fedcaps-worker-0 | INFO | [STAGE final-test] GPU 0 client=2 complete accuracy=0.579621 macro_f1=0.257893 weighted_f1=0.491361 seconds=20.20
2026-08-09 11:11:54,767 | fedcaps-worker-0 | INFO | [STAGE final-test] GPU 0 client=3 family=transformer start test_rows=9,003,649 selected_features=8
2026-08-09 11:12:15,142 | fedcaps-worker-0 | INFO | [STAGE final-test] GPU 0 client=3 complete accuracy=0.229672 macro_f1=0.181059 weighted_f1=0.127458 seconds=20.38
2026-08-09 11:12:15,143 | fedcaps-worker-0 | INFO | [STAGE final-test] GPU 0 client=4 family=transformer start test_rows=9,003,649 selected_features=8
2026-08-09 11:12:35,525 | fedcaps-worker-0 | INFO | [STAGE final-test] GPU 0 client=4 complete accuracy=0.109978 macro_f1=0.023755 weighted_f1=0.028772 seconds=20.38
2026-08-09 11:12:35,525 | fedcaps-worker-0 | INFO | [STAGE final-test] GPU 0 client=5 family=transformer start test_rows=9,003,649 selected_features=8
2026-08-09 11:12:55,579 | fedcaps-worker-0 | INFO | [STAGE final-test] GPU 0 client=5 complete accuracy=0.352747 macro_f1=0.079256 weighted_f1=0.251403 seconds=20.05
2026-08-09 11:12:55,584 | fedcaps-worker-0 | INFO | [TASK] GPU 0 task=round_010_test_g0 kind=test_final complete seconds=101.26
