2026-08-10 11:22:14,554 | INFO | gpu_worker_0 | Worker 0 started on cuda:0
2026-08-10 11:22:14,558 | INFO | gpu_worker_0 | Starting task benchmark_gpu_0 (benchmark)
2026-08-10 11:22:19,368 | INFO | gpu_worker_0 | Starting task initialize_gpu_0 (initialize)
2026-08-10 11:22:35,743 | INFO | gpu_worker_0 | Starting task round_001_gpu_0 (train_round)
2026-08-10 11:25:25,616 | INFO | gpu_worker_0 | Starting task client_test_round_001_gpu_0 (evaluate_clients)
2026-08-10 11:26:08,625 | INFO | gpu_worker_0 | Starting task round_002_gpu_0 (train_round)
2026-08-10 11:29:00,774 | INFO | gpu_worker_0 | Starting task client_test_round_002_gpu_0 (evaluate_clients)
2026-08-10 11:29:43,657 | INFO | gpu_worker_0 | Starting task round_003_gpu_0 (train_round)
2026-08-10 11:32:37,507 | INFO | gpu_worker_0 | Starting task client_test_round_003_gpu_0 (evaluate_clients)
2026-08-10 11:33:20,401 | INFO | gpu_worker_0 | Starting task round_004_gpu_0 (train_round)
2026-08-10 11:36:14,530 | INFO | gpu_worker_0 | Starting task client_test_round_004_gpu_0 (evaluate_clients)
2026-08-10 11:36:57,394 | INFO | gpu_worker_0 | Starting task round_005_gpu_0 (train_round)
2026-08-10 11:39:52,024 | INFO | gpu_worker_0 | Starting task client_test_round_005_gpu_0 (evaluate_clients)
2026-08-10 11:40:34,670 | INFO | gpu_worker_0 | Starting task round_006_gpu_0 (train_round)
2026-08-10 11:43:29,397 | INFO | gpu_worker_0 | Starting task client_test_round_006_gpu_0 (evaluate_clients)
2026-08-10 11:44:12,237 | INFO | gpu_worker_0 | Starting task round_007_gpu_0 (train_round)
2026-08-10 11:47:05,658 | INFO | gpu_worker_0 | Starting task client_test_round_007_gpu_0 (evaluate_clients)
2026-08-10 11:47:48,580 | INFO | gpu_worker_0 | Starting task round_008_gpu_0 (train_round)
2026-08-10 11:50:43,083 | INFO | gpu_worker_0 | Starting task client_test_round_008_gpu_0 (evaluate_clients)
2026-08-10 11:51:26,032 | INFO | gpu_worker_0 | Starting task round_009_gpu_0 (train_round)
2026-08-10 11:54:22,851 | INFO | gpu_worker_0 | Starting task client_test_round_009_gpu_0 (evaluate_clients)
2026-08-10 11:55:05,727 | INFO | gpu_worker_0 | Starting task round_010_gpu_0 (train_round)
2026-08-10 11:58:03,437 | INFO | gpu_worker_0 | Starting task client_test_round_010_gpu_0 (evaluate_clients)
2026-08-10 11:58:47,942 | INFO | gpu_worker_0 | Starting task shutdown_gpu_0 (shutdown)
2026-08-10 11:58:47,942 | INFO | gpu_worker_0 | Worker 0 shutting down
