2026-08-10 11:22:14,552 | INFO | gpu_worker_1 | Worker 1 started on cuda:1
2026-08-10 11:22:14,558 | INFO | gpu_worker_1 | Starting task benchmark_gpu_1 (benchmark)
2026-08-10 11:22:19,368 | INFO | gpu_worker_1 | Starting task initialize_gpu_1 (initialize)
2026-08-10 11:22:35,803 | INFO | gpu_worker_1 | Starting task round_001_gpu_1 (train_round)
2026-08-10 11:25:25,626 | INFO | gpu_worker_1 | Starting task client_test_round_001_gpu_1 (evaluate_clients)
2026-08-10 11:26:08,675 | INFO | gpu_worker_1 | Starting task round_002_gpu_1 (train_round)
2026-08-10 11:29:00,776 | INFO | gpu_worker_1 | Starting task client_test_round_002_gpu_1 (evaluate_clients)
2026-08-10 11:29:43,708 | INFO | gpu_worker_1 | Starting task round_003_gpu_1 (train_round)
2026-08-10 11:32:37,509 | INFO | gpu_worker_1 | Starting task client_test_round_003_gpu_1 (evaluate_clients)
2026-08-10 11:33:20,459 | INFO | gpu_worker_1 | Starting task round_004_gpu_1 (train_round)
2026-08-10 11:36:14,533 | INFO | gpu_worker_1 | Starting task client_test_round_004_gpu_1 (evaluate_clients)
2026-08-10 11:36:57,443 | INFO | gpu_worker_1 | Starting task round_005_gpu_1 (train_round)
2026-08-10 11:39:52,026 | INFO | gpu_worker_1 | Starting task client_test_round_005_gpu_1 (evaluate_clients)
2026-08-10 11:40:34,718 | INFO | gpu_worker_1 | Starting task round_006_gpu_1 (train_round)
2026-08-10 11:43:29,398 | INFO | gpu_worker_1 | Starting task client_test_round_006_gpu_1 (evaluate_clients)
2026-08-10 11:44:12,292 | INFO | gpu_worker_1 | Starting task round_007_gpu_1 (train_round)
2026-08-10 11:47:05,660 | INFO | gpu_worker_1 | Starting task client_test_round_007_gpu_1 (evaluate_clients)
2026-08-10 11:47:48,632 | INFO | gpu_worker_1 | Starting task round_008_gpu_1 (train_round)
2026-08-10 11:50:43,084 | INFO | gpu_worker_1 | Starting task client_test_round_008_gpu_1 (evaluate_clients)
2026-08-10 11:51:26,083 | INFO | gpu_worker_1 | Starting task round_009_gpu_1 (train_round)
2026-08-10 11:54:22,853 | INFO | gpu_worker_1 | Starting task client_test_round_009_gpu_1 (evaluate_clients)
2026-08-10 11:55:05,774 | INFO | gpu_worker_1 | Starting task round_010_gpu_1 (train_round)
2026-08-10 11:58:03,439 | INFO | gpu_worker_1 | Starting task client_test_round_010_gpu_1 (evaluate_clients)
2026-08-10 11:58:47,942 | INFO | gpu_worker_1 | Starting task shutdown_gpu_1 (shutdown)
2026-08-10 11:58:47,942 | INFO | gpu_worker_1 | Worker 1 shutting down
