2026-08-10 09:21:52,768 | INFO | gpu_worker_1 | Worker 1 started on cuda:1
2026-08-10 09:21:52,773 | INFO | gpu_worker_1 | Starting task benchmark_gpu_1 (benchmark)
2026-08-10 09:29:52,743 | INFO | gpu_worker_1 | Starting task initialize_gpu_1 (initialize)
2026-08-10 09:30:12,682 | INFO | gpu_worker_1 | Starting task round_001_gpu_1 (train_round)
2026-08-10 09:34:54,397 | INFO | gpu_worker_1 | Starting task client_test_round_001_gpu_1 (evaluate_clients)
2026-08-10 09:37:36,522 | INFO | gpu_worker_1 | Starting task server_test_round_001_gpu_1 (evaluate_server)
2026-08-10 09:37:52,942 | INFO | gpu_worker_1 | Starting task round_002_gpu_1 (train_round)
2026-08-10 09:42:32,589 | INFO | gpu_worker_1 | Starting task client_test_round_002_gpu_1 (evaluate_clients)
2026-08-10 09:45:14,860 | INFO | gpu_worker_1 | Starting task server_test_round_002_gpu_1 (evaluate_server)
2026-08-10 09:45:31,150 | INFO | gpu_worker_1 | Starting task round_003_gpu_1 (train_round)
2026-08-10 09:50:09,747 | INFO | gpu_worker_1 | Starting task client_test_round_003_gpu_1 (evaluate_clients)
2026-08-10 09:52:52,283 | INFO | gpu_worker_1 | Starting task server_test_round_003_gpu_1 (evaluate_server)
2026-08-10 09:53:08,600 | INFO | gpu_worker_1 | Starting task round_004_gpu_1 (train_round)
2026-08-10 09:57:47,609 | INFO | gpu_worker_1 | Starting task client_test_round_004_gpu_1 (evaluate_clients)
2026-08-10 10:00:30,092 | INFO | gpu_worker_1 | Starting task server_test_round_004_gpu_1 (evaluate_server)
2026-08-10 10:00:46,412 | INFO | gpu_worker_1 | Starting task round_005_gpu_1 (train_round)
2026-08-10 10:05:25,274 | INFO | gpu_worker_1 | Starting task client_test_round_005_gpu_1 (evaluate_clients)
2026-08-10 10:08:07,679 | INFO | gpu_worker_1 | Starting task server_test_round_005_gpu_1 (evaluate_server)
2026-08-10 10:08:24,013 | INFO | gpu_worker_1 | Starting task round_006_gpu_1 (train_round)
2026-08-10 10:13:02,320 | INFO | gpu_worker_1 | Starting task client_test_round_006_gpu_1 (evaluate_clients)
2026-08-10 10:15:44,448 | INFO | gpu_worker_1 | Starting task server_test_round_006_gpu_1 (evaluate_server)
2026-08-10 10:16:00,741 | INFO | gpu_worker_1 | Starting task round_007_gpu_1 (train_round)
2026-08-10 10:20:39,169 | INFO | gpu_worker_1 | Starting task client_test_round_007_gpu_1 (evaluate_clients)
2026-08-10 10:23:21,623 | INFO | gpu_worker_1 | Starting task server_test_round_007_gpu_1 (evaluate_server)
2026-08-10 10:23:37,935 | INFO | gpu_worker_1 | Starting task round_008_gpu_1 (train_round)
2026-08-10 10:28:16,585 | INFO | gpu_worker_1 | Starting task client_test_round_008_gpu_1 (evaluate_clients)
2026-08-10 10:30:58,916 | INFO | gpu_worker_1 | Starting task server_test_round_008_gpu_1 (evaluate_server)
2026-08-10 10:31:15,245 | INFO | gpu_worker_1 | Starting task round_009_gpu_1 (train_round)
2026-08-10 10:35:53,531 | INFO | gpu_worker_1 | Starting task client_test_round_009_gpu_1 (evaluate_clients)
2026-08-10 10:38:35,731 | INFO | gpu_worker_1 | Starting task server_test_round_009_gpu_1 (evaluate_server)
2026-08-10 10:38:52,053 | INFO | gpu_worker_1 | Starting task round_010_gpu_1 (train_round)
2026-08-10 10:43:30,053 | INFO | gpu_worker_1 | Starting task client_test_round_010_gpu_1 (evaluate_clients)
2026-08-10 10:46:12,404 | INFO | gpu_worker_1 | Starting task server_test_round_010_gpu_1 (evaluate_server)
2026-08-10 10:46:30,542 | INFO | gpu_worker_1 | Starting task shutdown_gpu_1 (shutdown)
2026-08-10 10:46:30,542 | INFO | gpu_worker_1 | Worker 1 shutting down
