2026-08-10 17:19:45,701 | INFO | gpu_worker_0 | Worker 0 started on cuda:0
2026-08-10 17:19:45,706 | INFO | gpu_worker_0 | Starting task benchmark_gpu_0 (benchmark)
2026-08-10 17:19:52,328 | INFO | gpu_worker_0 | Starting task initialize_gpu_0 (initialize)
2026-08-10 17:20:08,922 | INFO | gpu_worker_0 | Starting task round_001_gpu_0 (train_round)
2026-08-10 17:31:12,972 | INFO | gpu_worker_0 | Starting task client_test_round_001_gpu_0 (evaluate_clients)
2026-08-10 17:33:49,081 | INFO | gpu_worker_0 | Starting task round_002_gpu_0 (train_round)
2026-08-10 17:44:54,032 | INFO | gpu_worker_0 | Starting task client_test_round_002_gpu_0 (evaluate_clients)
2026-08-10 17:47:29,840 | INFO | gpu_worker_0 | Starting task round_003_gpu_0 (train_round)
2026-08-10 17:58:34,947 | INFO | gpu_worker_0 | Starting task client_test_round_003_gpu_0 (evaluate_clients)
2026-08-10 18:01:11,248 | INFO | gpu_worker_0 | Starting task round_004_gpu_0 (train_round)
2026-08-10 18:12:16,877 | INFO | gpu_worker_0 | Starting task client_test_round_004_gpu_0 (evaluate_clients)
2026-08-10 18:14:52,823 | INFO | gpu_worker_0 | Starting task round_005_gpu_0 (train_round)
2026-08-10 18:25:55,984 | INFO | gpu_worker_0 | Starting task client_test_round_005_gpu_0 (evaluate_clients)
2026-08-10 18:28:31,700 | INFO | gpu_worker_0 | Starting task round_006_gpu_0 (train_round)
2026-08-10 18:39:35,058 | INFO | gpu_worker_0 | Starting task client_test_round_006_gpu_0 (evaluate_clients)
2026-08-10 18:42:10,837 | INFO | gpu_worker_0 | Starting task round_007_gpu_0 (train_round)
2026-08-10 18:53:13,386 | INFO | gpu_worker_0 | Starting task client_test_round_007_gpu_0 (evaluate_clients)
2026-08-10 18:55:49,402 | INFO | gpu_worker_0 | Starting task round_008_gpu_0 (train_round)
2026-08-10 19:06:45,958 | INFO | gpu_worker_0 | Starting task client_test_round_008_gpu_0 (evaluate_clients)
2026-08-10 19:09:21,847 | INFO | gpu_worker_0 | Starting task round_009_gpu_0 (train_round)
2026-08-10 19:20:16,816 | INFO | gpu_worker_0 | Starting task client_test_round_009_gpu_0 (evaluate_clients)
2026-08-10 19:22:52,623 | INFO | gpu_worker_0 | Starting task round_010_gpu_0 (train_round)
2026-08-10 19:33:50,123 | INFO | gpu_worker_0 | Starting task client_test_round_010_gpu_0 (evaluate_clients)
2026-08-10 19:36:28,006 | INFO | gpu_worker_0 | Starting task shutdown_gpu_0 (shutdown)
2026-08-10 19:36:28,007 | INFO | gpu_worker_0 | Worker 0 shutting down
