2026-08-09 05:41:41,006 | fedcaps-coordinator | INFO | Starting task10_fedcaps_10c_gru scenario=10 clients GRU
2026-08-09 05:41:41,006 | fedcaps-coordinator | INFO | Configuration clients=10 batch=1024 MARLFS_epochs=300 permutations=25 PPO_epochs=10 PPO_steps=1000 rounds=10
2026-08-09 05:41:41,019 | fedcaps-coordinator | INFO | [STAGE data] Validating input contract under /kaggle/input/datasets/odixe0502/data-for-10clients
2026-08-09 05:41:41,063 | fedcaps-coordinator | INFO | [STAGE data] Preparing client 1/10
2026-08-09 05:41:41,347 | fedcaps-coordinator | INFO | Converted 31,520 rows from client_1_train.csv
2026-08-09 05:41:41,466 | fedcaps-coordinator | INFO | [STAGE data] Client 1 ready rows=31,520 final_train=31,520 local_validation=0 search_pool=31,520 cv_folds=5 seconds=0.40
2026-08-09 05:41:41,466 | fedcaps-coordinator | INFO | [STAGE data] Preparing client 2/10
2026-08-09 05:41:54,270 | fedcaps-coordinator | INFO | Converted 2,211,589 rows from client_2_train.csv
2026-08-09 05:41:54,718 | fedcaps-coordinator | INFO | [STAGE data] Client 2 ready rows=2,211,589 final_train=2,211,589 local_validation=0 search_pool=100,000 cv_folds=5 seconds=13.25
2026-08-09 05:41:54,718 | fedcaps-coordinator | INFO | [STAGE data] Preparing client 3/10
2026-08-09 05:42:13,690 | fedcaps-coordinator | INFO | Converted 3,728,450 rows from client_3_train.csv
2026-08-09 05:42:14,277 | fedcaps-coordinator | INFO | [STAGE data] Client 3 ready rows=3,728,450 final_train=3,728,450 local_validation=0 search_pool=100,000 cv_folds=5 seconds=19.56
2026-08-09 05:42:14,278 | fedcaps-coordinator | INFO | [STAGE data] Preparing client 4/10
2026-08-09 05:42:23,655 | fedcaps-coordinator | INFO | Converted 1,920,254 rows from client_4_train.csv
2026-08-09 05:42:24,027 | fedcaps-coordinator | INFO | [STAGE data] Client 4 ready rows=1,920,254 final_train=1,920,254 local_validation=0 search_pool=100,000 cv_folds=5 seconds=9.75
2026-08-09 05:42:24,027 | fedcaps-coordinator | INFO | [STAGE data] Preparing client 5/10
2026-08-09 05:42:36,444 | fedcaps-coordinator | INFO | Converted 2,531,881 rows from client_5_train.csv
2026-08-09 05:42:36,888 | fedcaps-coordinator | INFO | [STAGE data] Client 5 ready rows=2,531,881 final_train=2,531,881 local_validation=0 search_pool=100,000 cv_folds=5 seconds=12.86
2026-08-09 05:42:36,888 | fedcaps-coordinator | INFO | [STAGE data] Preparing client 6/10
2026-08-09 05:42:49,798 | fedcaps-coordinator | INFO | Converted 2,686,617 rows from client_6_train.csv
2026-08-09 05:42:50,255 | fedcaps-coordinator | INFO | [STAGE data] Client 6 ready rows=2,686,617 final_train=2,686,617 local_validation=0 search_pool=100,000 cv_folds=5 seconds=13.37
2026-08-09 05:42:50,256 | fedcaps-coordinator | INFO | [STAGE data] Preparing client 7/10
2026-08-09 05:42:59,089 | fedcaps-coordinator | INFO | Converted 1,824,975 rows from client_7_train.csv
2026-08-09 05:42:59,492 | fedcaps-coordinator | INFO | [STAGE data] Client 7 ready rows=1,824,975 final_train=1,824,975 local_validation=0 search_pool=100,000 cv_folds=5 seconds=9.24
2026-08-09 05:42:59,492 | fedcaps-coordinator | INFO | [STAGE data] Preparing client 8/10
2026-08-09 05:44:00,280 | fedcaps-coordinator | INFO | Converted 12,759,509 rows from client_8_train.csv
2026-08-09 05:44:02,022 | fedcaps-coordinator | INFO | [STAGE data] Client 8 ready rows=12,759,509 final_train=12,759,509 local_validation=0 search_pool=100,000 cv_folds=5 seconds=62.53
2026-08-09 05:44:02,023 | fedcaps-coordinator | INFO | [STAGE data] Preparing client 9/10
2026-08-09 05:44:23,692 | fedcaps-coordinator | INFO | Converted 4,354,192 rows from client_9_train.csv
2026-08-09 05:44:24,344 | fedcaps-coordinator | INFO | [STAGE data] Client 9 ready rows=4,354,192 final_train=4,354,192 local_validation=0 search_pool=100,000 cv_folds=5 seconds=22.32
2026-08-09 05:44:24,345 | fedcaps-coordinator | INFO | [STAGE data] Preparing client 10/10
2026-08-09 05:44:44,075 | fedcaps-coordinator | INFO | Converted 3,965,607 rows from client_10_train.csv
2026-08-09 05:44:44,675 | fedcaps-coordinator | INFO | [STAGE data] Client 10 ready rows=3,965,607 final_train=3,965,607 local_validation=0 search_pool=100,000 cv_folds=5 seconds=20.33
2026-08-09 05:45:29,825 | fedcaps-coordinator | INFO | Converted 9,003,649 rows from global_test_data.csv
2026-08-09 05:46:21,134 | fedcaps-coordinator | INFO | [STAGE data] Complete local_rows=36,014,594 global_test_rows=9,003,649 seconds=280.12
2026-08-09 05:46:21,313 | fedcaps-coordinator | INFO | [STAGE benchmark] Start active_families=['gru'] stream_candidates=[1, 2]
2026-08-09 05:46:29,199 | fedcaps-coordinator | INFO | [STAGE benchmark] Complete search_assignment_gpu0=[2, 3, 4, 5, 6] search_assignment_gpu1=[1, 7, 8, 9, 10] predicted_by_phase={'search': {'predicted_load_seconds': {'0': 3779.9664187431335, '1': 3330.0711154937744}, 'predicted_makespan_seconds': 3779.9664187431335, 'predicted_idle_seconds': {'0': 0.0, '1': 449.89530324935913}, 'work_units': {'1': 64000.0, '2': 198000.0, '3': 198000.0, '4': 198000.0, '5': 198000.0, '6': 198000.0, '7': 198000.0, '8': 198000.0, '9': 198000.0, '10': 198000.0}}, 'final_training': {'predicted_load_seconds': {'0': 749.3181968688965, '1': 760.1306931781769}, 'predicted_makespan_seconds': 760.1306931781769, 'predicted_idle_seconds': {'0': 10.812496309280391, '1': 0.0}, 'work_units': {'1': 310.0, '2': 21600.0, '3': 36420.0, '4': 18760.0, '5': 24730.0, '6': 26240.0, '7': 17830.0, '8': 124610.0, '9': 42530.0, '10': 38730.0}}, 'evaluation': {'predicted_load_seconds': {'0': 1905.3657909393312, '1': 1868.452752184868}, 'predicted_makespan_seconds': 1905.3657909393312, 'predicted_idle_seconds': {'0': 0.0, '1': 36.91303875446329}, 'work_units': {'1': 87930.0, '2': 87930.0, '3': 87930.0, '4': 87930.0, '5': 87930.0, '6': 87930.0, '7': 87930.0, '8': 87930.0, '9': 87930.0, '10': 87930.0}}} stream_runtime={'0': {'gru': 2}, '1': {'gru': 2}} stream_benchmark_recommendation={'0': {'gru': 2}, '1': {'gru': 2}}
2026-08-09 05:46:40,774 | fedcaps-coordinator | INFO | [STAGE cache] Complete telemetry={'search': {'0': {'gpu_id': 0, 'phase': 'search', 'owned_client_ids': [2, 3, 4, 5, 6], 'cache_budget_bytes': 10945226342, 'planned_cache_bytes': 1537139756, 'actual_cache_bytes': 1537139756, 'auxiliary_cache_bytes': 0, 'test_cache_hits': 0, 'test_cache_misses': 0, 'resident_model_pool_sizes': {}, 'cache_hits': 0, 'cache_misses': 0, 'evictions': 0, 'fallbacks': 0, 'allocated_bytes': 1635215360, 'reserved_bytes': 2720006144, 'max_allocated_bytes': 1635215360, 'max_reserved_bytes': 2720006144}, '1': {'gpu_id': 1, 'phase': 'search', 'owned_client_ids': [1, 7, 8, 9, 10], 'cache_budget_bytes': 10945226342, 'planned_cache_bytes': 2677813948, 'actual_cache_bytes': 2677813948, 'auxiliary_cache_bytes': 0, 'test_cache_hits': 0, 'test_cache_misses': 0, 'resident_model_pool_sizes': {}, 'cache_hits': 0, 'cache_misses': 0, 'evictions': 0, 'fallbacks': 0, 'allocated_bytes': 2776401920, 'reserved_bytes': 3858759680, 'max_allocated_bytes': 2776401920, 'max_reserved_bytes': 3858759680}}, 'final_training': {}} seconds=19.46
2026-08-09 05:46:40,774 | fedcaps-coordinator | INFO | [STAGE MARLFS] Dispatching collectors to both GPUs
2026-08-09 06:27:15,229 | fedcaps-coordinator | INFO | [STAGE MARLFS] Collection complete records=3,000 worker_seconds={'0': 2434.307671396, '1': 2159.128796907}
2026-08-09 06:27:15,229 | fedcaps-coordinator | INFO | [STAGE augmentation] Start permutations_per_record=25
2026-08-09 06:27:24,898 | fedcaps-coordinator | INFO | [STAGE augmentation] Complete augmented_records=75,000 seconds=9.67
2026-08-09 06:27:24,898 | fedcaps-coordinator | INFO | [STAGE encoder] Dispatching server encoder-decoder training to GPU 0
2026-08-09 06:38:27,122 | fedcaps-coordinator | INFO | [STAGE encoder] Result best_epoch=13 best_validation_loss=0.000000 invariance_error=0.000007629 seconds=660.69
2026-08-09 06:38:30,661 | fedcaps-coordinator | INFO | [STAGE PPO] Start seeds=25 epochs=10 steps_per_epoch=1000 feedback_interval=100 batch=512
2026-08-09 06:38:38,904 | fedcaps-coordinator | INFO | [STAGE PPO] calibration candidate=1 epoch=1 step=100 subset=6 weighted_micro_f1=0.488535 weighted_macro_f1=0.018381 reward=0.680787 communication_bytes=160
2026-08-09 06:38:46,842 | fedcaps-coordinator | INFO | [STAGE PPO] calibration candidate=2 epoch=1 step=200 subset=6 weighted_micro_f1=0.500552 weighted_macro_f1=0.021879 reward=0.646354 communication_bytes=160
2026-08-09 06:38:54,966 | fedcaps-coordinator | INFO | [STAGE PPO] calibration candidate=3 epoch=1 step=300 subset=7 weighted_micro_f1=0.514440 weighted_macro_f1=0.023011 reward=0.688337 communication_bytes=180
2026-08-09 06:39:03,026 | fedcaps-coordinator | INFO | [STAGE PPO] calibration candidate=4 epoch=1 step=400 subset=8 weighted_micro_f1=0.488454 weighted_macro_f1=0.018884 reward=0.609760 communication_bytes=200
2026-08-09 06:39:11,396 | fedcaps-coordinator | INFO | [STAGE PPO] calibration candidate=5 epoch=1 step=500 subset=8 weighted_micro_f1=0.488567 weighted_macro_f1=0.020113 reward=0.626334 communication_bytes=200
2026-08-09 06:39:19,737 | fedcaps-coordinator | INFO | [STAGE PPO] calibration candidate=6 epoch=1 step=600 subset=8 weighted_micro_f1=0.504983 weighted_macro_f1=0.021007 reward=0.612176 communication_bytes=200
2026-08-09 06:39:27,980 | fedcaps-coordinator | INFO | [STAGE PPO] calibration candidate=7 epoch=1 step=700 subset=8 weighted_micro_f1=0.488331 weighted_macro_f1=0.018984 reward=0.637069 communication_bytes=200
2026-08-09 06:39:36,367 | fedcaps-coordinator | INFO | [STAGE PPO] calibration candidate=8 epoch=1 step=800 subset=9 weighted_micro_f1=0.488741 weighted_macro_f1=0.018549 reward=0.561432 communication_bytes=220
2026-08-09 06:39:44,779 | fedcaps-coordinator | INFO | [STAGE PPO] calibration candidate=9 epoch=1 step=900 subset=9 weighted_micro_f1=0.485841 weighted_macro_f1=0.020238 reward=0.624584 communication_bytes=220
2026-08-09 06:39:52,969 | fedcaps-coordinator | INFO | [STAGE PPO] calibration candidate=10 epoch=1 step=1000 subset=9 weighted_micro_f1=0.488097 weighted_macro_f1=0.018389 reward=0.571722 communication_bytes=220
2026-08-09 06:39:53,037 | fedcaps-coordinator | INFO | PPO epoch 1 best reward 0.688337 weighted Micro-F1 0.514440 subset 7
2026-08-09 06:40:01,437 | fedcaps-coordinator | INFO | [STAGE PPO] calibration candidate=11 epoch=2 step=1100 subset=9 weighted_micro_f1=0.492021 weighted_macro_f1=0.019304 reward=0.543495 communication_bytes=220
2026-08-09 06:40:09,524 | fedcaps-coordinator | INFO | [STAGE PPO] calibration candidate=12 epoch=2 step=1200 subset=9 weighted_micro_f1=0.520300 weighted_macro_f1=0.024766 reward=0.554328 communication_bytes=220
2026-08-09 06:40:17,625 | fedcaps-coordinator | INFO | [STAGE PPO] calibration candidate=13 epoch=2 step=1300 subset=9 weighted_micro_f1=0.490274 weighted_macro_f1=0.018848 reward=0.598267 communication_bytes=220
2026-08-09 06:40:25,832 | fedcaps-coordinator | INFO | [STAGE PPO] calibration candidate=14 epoch=2 step=1400 subset=10 weighted_micro_f1=0.488660 weighted_macro_f1=0.018437 reward=0.519172 communication_bytes=240
2026-08-09 06:40:34,109 | fedcaps-coordinator | INFO | [STAGE PPO] calibration candidate=15 epoch=2 step=1500 subset=10 weighted_micro_f1=0.557898 weighted_macro_f1=0.027080 reward=0.524888 communication_bytes=240
2026-08-09 06:40:42,468 | fedcaps-coordinator | INFO | [STAGE PPO] calibration candidate=16 epoch=2 step=1600 subset=10 weighted_micro_f1=0.554288 weighted_macro_f1=0.027983 reward=0.523672 communication_bytes=240
2026-08-09 06:40:50,622 | fedcaps-coordinator | INFO | [STAGE PPO] calibration candidate=17 epoch=2 step=1700 subset=10 weighted_micro_f1=0.490102 weighted_macro_f1=0.018733 reward=0.527875 communication_bytes=240
2026-08-09 06:40:58,668 | fedcaps-coordinator | INFO | [STAGE PPO] calibration candidate=18 epoch=2 step=1800 subset=10 weighted_micro_f1=0.488721 weighted_macro_f1=0.018422 reward=0.558321 communication_bytes=240
2026-08-09 06:41:06,802 | fedcaps-coordinator | INFO | [STAGE PPO] calibration candidate=19 epoch=2 step=1900 subset=10 weighted_micro_f1=0.490670 weighted_macro_f1=0.020974 reward=0.540735 communication_bytes=240
2026-08-09 06:41:14,940 | fedcaps-coordinator | INFO | [STAGE PPO] calibration candidate=20 epoch=2 step=2000 subset=10 weighted_micro_f1=0.489410 weighted_macro_f1=0.018642 reward=0.529604 communication_bytes=240
2026-08-09 06:41:15,008 | fedcaps-coordinator | INFO | PPO epoch 2 best reward 0.598267 weighted Micro-F1 0.490274 subset 9
2026-08-09 06:41:23,615 | fedcaps-coordinator | INFO | [STAGE PPO] calibration candidate=21 epoch=3 step=2100 subset=10 weighted_micro_f1=0.548323 weighted_macro_f1=0.027347 reward=0.536568 communication_bytes=240
2026-08-09 06:41:31,863 | fedcaps-coordinator | INFO | [STAGE PPO] calibration candidate=22 epoch=3 step=2200 subset=10 weighted_micro_f1=0.483140 weighted_macro_f1=0.019636 reward=0.534938 communication_bytes=240
2026-08-09 06:41:39,981 | fedcaps-coordinator | INFO | [STAGE PPO] calibration candidate=23 epoch=3 step=2300 subset=10 weighted_micro_f1=0.557604 weighted_macro_f1=0.027154 reward=0.541338 communication_bytes=240
2026-08-09 06:41:47,972 | fedcaps-coordinator | INFO | [STAGE PPO] calibration candidate=24 epoch=3 step=2400 subset=11 weighted_micro_f1=0.488467 weighted_macro_f1=0.020652 reward=0.515673 communication_bytes=260
2026-08-09 06:41:56,145 | fedcaps-coordinator | INFO | [STAGE PPO] calibration candidate=25 epoch=3 step=2500 subset=11 weighted_micro_f1=0.493357 weighted_macro_f1=0.019713 reward=0.487771 communication_bytes=260
2026-08-09 06:42:04,299 | fedcaps-coordinator | INFO | [STAGE PPO] calibration candidate=26 epoch=3 step=2600 subset=6 weighted_micro_f1=0.488546 weighted_macro_f1=0.018383 reward=0.684964 communication_bytes=160
2026-08-09 06:42:12,495 | fedcaps-coordinator | INFO | [STAGE PPO] calibration candidate=27 epoch=3 step=2700 subset=6 weighted_micro_f1=0.488536 weighted_macro_f1=0.018381 reward=0.684494 communication_bytes=160
2026-08-09 06:42:20,808 | fedcaps-coordinator | INFO | [STAGE PPO] calibration candidate=28 epoch=3 step=2800 subset=6 weighted_micro_f1=0.488530 weighted_macro_f1=0.018380 reward=0.684223 communication_bytes=160
2026-08-09 06:42:29,055 | fedcaps-coordinator | INFO | [STAGE PPO] calibration candidate=29 epoch=3 step=2900 subset=6 weighted_micro_f1=0.500560 weighted_macro_f1=0.021949 reward=0.685050 communication_bytes=160
2026-08-09 06:42:37,124 | fedcaps-coordinator | INFO | [STAGE PPO] calibration candidate=30 epoch=3 step=3000 subset=6 weighted_micro_f1=0.500522 weighted_macro_f1=0.021922 reward=0.683511 communication_bytes=160
2026-08-09 06:42:37,185 | fedcaps-coordinator | INFO | PPO epoch 3 best reward 0.685050 weighted Micro-F1 0.500560 subset 6
2026-08-09 06:42:45,336 | fedcaps-coordinator | INFO | [STAGE PPO] calibration candidate=31 epoch=4 step=3100 subset=6 weighted_micro_f1=0.488524 weighted_macro_f1=0.018378 reward=0.682881 communication_bytes=160
2026-08-09 06:42:53,437 | fedcaps-coordinator | INFO | [STAGE PPO] calibration candidate=32 epoch=4 step=3200 subset=6 weighted_micro_f1=0.488526 weighted_macro_f1=0.018379 reward=0.683482 communication_bytes=160
2026-08-09 06:43:01,815 | fedcaps-coordinator | INFO | [STAGE PPO] calibration candidate=33 epoch=4 step=3300 subset=6 weighted_micro_f1=0.488531 weighted_macro_f1=0.018380 reward=0.683867 communication_bytes=160
2026-08-09 06:43:09,870 | fedcaps-coordinator | INFO | [STAGE PPO] calibration candidate=34 epoch=4 step=3400 subset=6 weighted_micro_f1=0.488543 weighted_macro_f1=0.018383 reward=0.684061 communication_bytes=160
2026-08-09 06:43:18,031 | fedcaps-coordinator | INFO | [STAGE PPO] calibration candidate=35 epoch=4 step=3500 subset=6 weighted_micro_f1=0.500482 weighted_macro_f1=0.021855 reward=0.683024 communication_bytes=160
2026-08-09 06:43:26,121 | fedcaps-coordinator | INFO | [STAGE PPO] calibration candidate=36 epoch=4 step=3600 subset=6 weighted_micro_f1=0.500557 weighted_macro_f1=0.021899 reward=0.684424 communication_bytes=160
2026-08-09 06:43:34,187 | fedcaps-coordinator | INFO | [STAGE PPO] calibration candidate=37 epoch=4 step=3700 subset=6 weighted_micro_f1=0.488534 weighted_macro_f1=0.018381 reward=0.684881 communication_bytes=160
2026-08-09 06:43:42,354 | fedcaps-coordinator | INFO | [STAGE PPO] calibration candidate=38 epoch=4 step=3800 subset=6 weighted_micro_f1=0.500498 weighted_macro_f1=0.021909 reward=0.684739 communication_bytes=160
2026-08-09 06:43:50,474 | fedcaps-coordinator | INFO | [STAGE PPO] calibration candidate=39 epoch=4 step=3900 subset=6 weighted_micro_f1=0.488535 weighted_macro_f1=0.018381 reward=0.682493 communication_bytes=160
2026-08-09 06:43:58,389 | fedcaps-coordinator | INFO | [STAGE PPO] calibration candidate=40 epoch=4 step=4000 subset=6 weighted_micro_f1=0.488536 weighted_macro_f1=0.018381 reward=0.683596 communication_bytes=160
2026-08-09 06:43:58,460 | fedcaps-coordinator | INFO | PPO epoch 4 best reward 0.684881 weighted Micro-F1 0.488534 subset 6
2026-08-09 06:44:06,687 | fedcaps-coordinator | INFO | [STAGE PPO] calibration candidate=41 epoch=5 step=4100 subset=6 weighted_micro_f1=0.500530 weighted_macro_f1=0.021925 reward=0.684644 communication_bytes=160
2026-08-09 06:44:14,867 | fedcaps-coordinator | INFO | [STAGE PPO] calibration candidate=42 epoch=5 step=4200 subset=6 weighted_micro_f1=0.488530 weighted_macro_f1=0.018380 reward=0.686380 communication_bytes=160
2026-08-09 06:44:22,981 | fedcaps-coordinator | INFO | [STAGE PPO] calibration candidate=43 epoch=5 step=4300 subset=6 weighted_micro_f1=0.488521 weighted_macro_f1=0.018378 reward=0.684562 communication_bytes=160
2026-08-09 06:44:31,197 | fedcaps-coordinator | INFO | [STAGE PPO] calibration candidate=44 epoch=5 step=4400 subset=6 weighted_micro_f1=0.488525 weighted_macro_f1=0.018379 reward=0.683551 communication_bytes=160
2026-08-09 06:44:39,376 | fedcaps-coordinator | INFO | [STAGE PPO] calibration candidate=45 epoch=5 step=4500 subset=6 weighted_micro_f1=0.500517 weighted_macro_f1=0.021891 reward=0.684486 communication_bytes=160
2026-08-09 06:44:47,650 | fedcaps-coordinator | INFO | [STAGE PPO] calibration candidate=46 epoch=5 step=4600 subset=6 weighted_micro_f1=0.488492 weighted_macro_f1=0.018371 reward=0.682723 communication_bytes=160
2026-08-09 06:44:55,772 | fedcaps-coordinator | INFO | [STAGE PPO] calibration candidate=47 epoch=5 step=4700 subset=6 weighted_micro_f1=0.488542 weighted_macro_f1=0.018382 reward=0.683832 communication_bytes=160
2026-08-09 06:45:04,139 | fedcaps-coordinator | INFO | [STAGE PPO] calibration candidate=48 epoch=5 step=4800 subset=6 weighted_micro_f1=0.488540 weighted_macro_f1=0.018382 reward=0.684362 communication_bytes=160
2026-08-09 06:45:12,173 | fedcaps-coordinator | INFO | [STAGE PPO] calibration candidate=49 epoch=5 step=4900 subset=6 weighted_micro_f1=0.500556 weighted_macro_f1=0.021908 reward=0.684835 communication_bytes=160
2026-08-09 06:45:20,530 | fedcaps-coordinator | INFO | [STAGE PPO] calibration candidate=50 epoch=5 step=5000 subset=6 weighted_micro_f1=0.488531 weighted_macro_f1=0.018380 reward=0.683885 communication_bytes=160
2026-08-09 06:45:20,595 | fedcaps-coordinator | INFO | PPO epoch 5 best reward 0.686380 weighted Micro-F1 0.488530 subset 6
2026-08-09 06:45:28,668 | fedcaps-coordinator | INFO | [STAGE PPO] calibration candidate=51 epoch=6 step=5100 subset=6 weighted_micro_f1=0.500545 weighted_macro_f1=0.021935 reward=0.684924 communication_bytes=160
2026-08-09 06:45:36,877 | fedcaps-coordinator | INFO | [STAGE PPO] calibration candidate=52 epoch=6 step=5200 subset=6 weighted_micro_f1=0.488532 weighted_macro_f1=0.018380 reward=0.684119 communication_bytes=160
2026-08-09 06:45:45,188 | fedcaps-coordinator | INFO | [STAGE PPO] calibration candidate=53 epoch=6 step=5300 subset=6 weighted_micro_f1=0.488524 weighted_macro_f1=0.018378 reward=0.684027 communication_bytes=160
2026-08-09 06:45:53,240 | fedcaps-coordinator | INFO | [STAGE PPO] calibration candidate=54 epoch=6 step=5400 subset=6 weighted_micro_f1=0.500457 weighted_macro_f1=0.021951 reward=0.685266 communication_bytes=160
2026-08-09 06:46:01,191 | fedcaps-coordinator | INFO | [STAGE PPO] calibration candidate=55 epoch=6 step=5500 subset=6 weighted_micro_f1=0.500539 weighted_macro_f1=0.021916 reward=0.683776 communication_bytes=160
2026-08-09 06:46:09,354 | fedcaps-coordinator | INFO | [STAGE PPO] calibration candidate=56 epoch=6 step=5600 subset=6 weighted_micro_f1=0.488535 weighted_macro_f1=0.018381 reward=0.683511 communication_bytes=160
2026-08-09 06:46:17,580 | fedcaps-coordinator | INFO | [STAGE PPO] calibration candidate=57 epoch=6 step=5700 subset=6 weighted_micro_f1=0.488526 weighted_macro_f1=0.018379 reward=0.684075 communication_bytes=160
2026-08-09 06:46:25,699 | fedcaps-coordinator | INFO | [STAGE PPO] calibration candidate=58 epoch=6 step=5800 subset=6 weighted_micro_f1=0.500535 weighted_macro_f1=0.021897 reward=0.682599 communication_bytes=160
2026-08-09 06:46:34,082 | fedcaps-coordinator | INFO | [STAGE PPO] calibration candidate=59 epoch=6 step=5900 subset=6 weighted_micro_f1=0.500504 weighted_macro_f1=0.021918 reward=0.684166 communication_bytes=160
2026-08-09 06:46:42,320 | fedcaps-coordinator | INFO | [STAGE PPO] calibration candidate=60 epoch=6 step=6000 subset=6 weighted_micro_f1=0.488529 weighted_macro_f1=0.018379 reward=0.684515 communication_bytes=160
2026-08-09 06:46:42,382 | fedcaps-coordinator | INFO | PPO epoch 6 best reward 0.685266 weighted Micro-F1 0.500457 subset 6
2026-08-09 06:46:50,640 | fedcaps-coordinator | INFO | [STAGE PPO] calibration candidate=61 epoch=7 step=6100 subset=6 weighted_micro_f1=0.500563 weighted_macro_f1=0.021879 reward=0.685125 communication_bytes=160
2026-08-09 06:46:58,794 | fedcaps-coordinator | INFO | [STAGE PPO] calibration candidate=62 epoch=7 step=6200 subset=6 weighted_micro_f1=0.500520 weighted_macro_f1=0.021891 reward=0.683886 communication_bytes=160
2026-08-09 06:47:06,830 | fedcaps-coordinator | INFO | [STAGE PPO] calibration candidate=63 epoch=7 step=6300 subset=6 weighted_micro_f1=0.488547 weighted_macro_f1=0.018384 reward=0.681580 communication_bytes=160
2026-08-09 06:47:14,850 | fedcaps-coordinator | INFO | [STAGE PPO] calibration candidate=64 epoch=7 step=6400 subset=6 weighted_micro_f1=0.500531 weighted_macro_f1=0.021894 reward=0.683300 communication_bytes=160
2026-08-09 06:47:23,037 | fedcaps-coordinator | INFO | [STAGE PPO] calibration candidate=65 epoch=7 step=6500 subset=6 weighted_micro_f1=0.488534 weighted_macro_f1=0.018381 reward=0.691849 communication_bytes=160
2026-08-09 06:47:31,431 | fedcaps-coordinator | INFO | [STAGE PPO] calibration candidate=66 epoch=7 step=6600 subset=6 weighted_micro_f1=0.500518 weighted_macro_f1=0.021930 reward=0.682347 communication_bytes=160
2026-08-09 06:47:39,575 | fedcaps-coordinator | INFO | [STAGE PPO] calibration candidate=67 epoch=7 step=6700 subset=6 weighted_micro_f1=0.488525 weighted_macro_f1=0.018379 reward=0.664685 communication_bytes=160
2026-08-09 06:47:47,753 | fedcaps-coordinator | INFO | [STAGE PPO] calibration candidate=68 epoch=7 step=6800 subset=6 weighted_micro_f1=0.488542 weighted_macro_f1=0.018382 reward=0.673263 communication_bytes=160
2026-08-09 06:47:55,687 | fedcaps-coordinator | INFO | [STAGE PPO] calibration candidate=69 epoch=7 step=6900 subset=6 weighted_micro_f1=0.500498 weighted_macro_f1=0.021869 reward=0.682600 communication_bytes=160
2026-08-09 06:48:03,724 | fedcaps-coordinator | INFO | [STAGE PPO] calibration candidate=70 epoch=7 step=7000 subset=6 weighted_micro_f1=0.500508 weighted_macro_f1=0.021890 reward=0.684242 communication_bytes=160
2026-08-09 06:48:03,788 | fedcaps-coordinator | INFO | PPO epoch 7 best reward 0.691849 weighted Micro-F1 0.488534 subset 6
2026-08-09 06:48:11,882 | fedcaps-coordinator | INFO | [STAGE PPO] calibration candidate=71 epoch=8 step=7100 subset=6 weighted_micro_f1=0.488546 weighted_macro_f1=0.018383 reward=0.663758 communication_bytes=160
2026-08-09 06:48:20,027 | fedcaps-coordinator | INFO | [STAGE PPO] calibration candidate=72 epoch=8 step=7200 subset=6 weighted_micro_f1=0.488508 weighted_macro_f1=0.018375 reward=0.686117 communication_bytes=160
2026-08-09 06:48:28,186 | fedcaps-coordinator | INFO | [STAGE PPO] calibration candidate=73 epoch=8 step=7300 subset=6 weighted_micro_f1=0.500505 weighted_macro_f1=0.021870 reward=0.688402 communication_bytes=160
2026-08-09 06:48:36,193 | fedcaps-coordinator | INFO | [STAGE PPO] calibration candidate=74 epoch=8 step=7400 subset=6 weighted_micro_f1=0.500510 weighted_macro_f1=0.021956 reward=0.683390 communication_bytes=160
2026-08-09 06:48:44,311 | fedcaps-coordinator | INFO | [STAGE PPO] calibration candidate=75 epoch=8 step=7500 subset=6 weighted_micro_f1=0.500578 weighted_macro_f1=0.021962 reward=0.682588 communication_bytes=160
2026-08-09 06:48:52,431 | fedcaps-coordinator | INFO | [STAGE PPO] calibration candidate=76 epoch=8 step=7600 subset=6 weighted_micro_f1=0.488528 weighted_macro_f1=0.018379 reward=0.705494 communication_bytes=160
2026-08-09 06:49:00,499 | fedcaps-coordinator | INFO | [STAGE PPO] calibration candidate=77 epoch=8 step=7700 subset=6 weighted_micro_f1=0.500527 weighted_macro_f1=0.021870 reward=0.676358 communication_bytes=160
2026-08-09 06:49:08,663 | fedcaps-coordinator | INFO | [STAGE PPO] calibration candidate=78 epoch=8 step=7800 subset=6 weighted_micro_f1=0.488539 weighted_macro_f1=0.018382 reward=0.684222 communication_bytes=160
2026-08-09 06:49:16,770 | fedcaps-coordinator | INFO | [STAGE PPO] calibration candidate=79 epoch=8 step=7900 subset=6 weighted_micro_f1=0.500511 weighted_macro_f1=0.021907 reward=0.670764 communication_bytes=160
2026-08-09 06:49:24,831 | fedcaps-coordinator | INFO | [STAGE PPO] calibration candidate=80 epoch=8 step=8000 subset=6 weighted_micro_f1=0.488527 weighted_macro_f1=0.018379 reward=0.685298 communication_bytes=160
2026-08-09 06:49:24,895 | fedcaps-coordinator | INFO | PPO epoch 8 best reward 0.705494 weighted Micro-F1 0.488528 subset 6
2026-08-09 06:49:32,966 | fedcaps-coordinator | INFO | [STAGE PPO] calibration candidate=81 epoch=9 step=8100 subset=6 weighted_micro_f1=0.500535 weighted_macro_f1=0.021876 reward=0.666561 communication_bytes=160
2026-08-09 06:49:41,121 | fedcaps-coordinator | INFO | [STAGE PPO] calibration candidate=82 epoch=9 step=8200 subset=6 weighted_micro_f1=0.500544 weighted_macro_f1=0.021915 reward=0.688795 communication_bytes=160
2026-08-09 06:49:49,235 | fedcaps-coordinator | INFO | [STAGE PPO] calibration candidate=83 epoch=9 step=8300 subset=6 weighted_micro_f1=0.488537 weighted_macro_f1=0.018381 reward=0.690236 communication_bytes=160
2026-08-09 06:49:57,198 | fedcaps-coordinator | INFO | [STAGE PPO] calibration candidate=84 epoch=9 step=8400 subset=6 weighted_micro_f1=0.488538 weighted_macro_f1=0.018382 reward=0.680275 communication_bytes=160
2026-08-09 06:50:05,470 | fedcaps-coordinator | INFO | [STAGE PPO] calibration candidate=85 epoch=9 step=8500 subset=6 weighted_micro_f1=0.488554 weighted_macro_f1=0.018385 reward=0.686137 communication_bytes=160
2026-08-09 06:50:13,695 | fedcaps-coordinator | INFO | [STAGE PPO] calibration candidate=86 epoch=9 step=8600 subset=6 weighted_micro_f1=0.500492 weighted_macro_f1=0.021859 reward=0.703614 communication_bytes=160
2026-08-09 06:50:21,790 | fedcaps-coordinator | INFO | [STAGE PPO] calibration candidate=87 epoch=9 step=8700 subset=6 weighted_micro_f1=0.488529 weighted_macro_f1=0.018379 reward=0.680168 communication_bytes=160
2026-08-09 06:50:30,039 | fedcaps-coordinator | INFO | [STAGE PPO] calibration candidate=88 epoch=9 step=8800 subset=6 weighted_micro_f1=0.488541 weighted_macro_f1=0.018382 reward=0.685989 communication_bytes=160
2026-08-09 06:50:38,130 | fedcaps-coordinator | INFO | [STAGE PPO] calibration candidate=89 epoch=9 step=8900 subset=6 weighted_micro_f1=0.488541 weighted_macro_f1=0.018382 reward=0.683041 communication_bytes=160
2026-08-09 06:50:46,171 | fedcaps-coordinator | INFO | [STAGE PPO] calibration candidate=90 epoch=9 step=9000 subset=6 weighted_micro_f1=0.488543 weighted_macro_f1=0.018383 reward=0.684422 communication_bytes=160
2026-08-09 06:50:46,238 | fedcaps-coordinator | INFO | PPO epoch 9 best reward 0.703614 weighted Micro-F1 0.500492 subset 6
2026-08-09 06:50:54,440 | fedcaps-coordinator | INFO | [STAGE PPO] calibration candidate=91 epoch=10 step=9100 subset=6 weighted_micro_f1=0.500550 weighted_macro_f1=0.021905 reward=0.703209 communication_bytes=160
2026-08-09 06:51:02,687 | fedcaps-coordinator | INFO | [STAGE PPO] calibration candidate=92 epoch=10 step=9200 subset=6 weighted_micro_f1=0.488538 weighted_macro_f1=0.018382 reward=0.680536 communication_bytes=160
2026-08-09 06:51:10,756 | fedcaps-coordinator | INFO | [STAGE PPO] calibration candidate=93 epoch=10 step=9300 subset=6 weighted_micro_f1=0.500489 weighted_macro_f1=0.021913 reward=0.687921 communication_bytes=160
2026-08-09 06:51:18,927 | fedcaps-coordinator | INFO | [STAGE PPO] calibration candidate=94 epoch=10 step=9400 subset=6 weighted_micro_f1=0.500504 weighted_macro_f1=0.021870 reward=0.681501 communication_bytes=160
2026-08-09 06:51:26,871 | fedcaps-coordinator | INFO | [STAGE PPO] calibration candidate=95 epoch=10 step=9500 subset=6 weighted_micro_f1=0.500545 weighted_macro_f1=0.021955 reward=0.685337 communication_bytes=160
2026-08-09 06:51:35,049 | fedcaps-coordinator | INFO | [STAGE PPO] calibration candidate=96 epoch=10 step=9600 subset=6 weighted_micro_f1=0.488530 weighted_macro_f1=0.018380 reward=0.680389 communication_bytes=160
2026-08-09 06:51:43,382 | fedcaps-coordinator | INFO | [STAGE PPO] calibration candidate=97 epoch=10 step=9700 subset=6 weighted_micro_f1=0.488542 weighted_macro_f1=0.018382 reward=0.686033 communication_bytes=160
2026-08-09 06:51:51,610 | fedcaps-coordinator | INFO | [STAGE PPO] calibration candidate=98 epoch=10 step=9800 subset=6 weighted_micro_f1=0.500531 weighted_macro_f1=0.021900 reward=0.685813 communication_bytes=160
2026-08-09 06:51:59,791 | fedcaps-coordinator | INFO | [STAGE PPO] calibration candidate=99 epoch=10 step=9900 subset=6 weighted_micro_f1=0.500542 weighted_macro_f1=0.021886 reward=0.683004 communication_bytes=160
2026-08-09 06:52:07,979 | fedcaps-coordinator | INFO | [STAGE PPO] calibration candidate=100 epoch=10 step=10000 subset=6 weighted_micro_f1=0.488541 weighted_macro_f1=0.018382 reward=0.684570 communication_bytes=160
2026-08-09 06:52:08,051 | fedcaps-coordinator | INFO | PPO epoch 10 best reward 0.703209 weighted Micro-F1 0.500550 subset 6
2026-08-09 06:52:08,051 | fedcaps-coordinator | INFO | [STAGE PPO] Complete selected_subset=6 best_reward=0.705494 weighted_micro_f1=0.488528 candidates=100 seconds=817.39
2026-08-09 06:52:08,129 | fedcaps-coordinator | INFO | [STAGE selection] Selected feature_count=6 ids=[6, 8, 9, 17, 18, 24] names=['TCP', 'Protocol Type', 'Rate', 'HTTP', 'rst_count', 'DNS'] reward=0.705494 weighted_micro_f1=0.488528
2026-08-09 06:52:08,130 | fedcaps-coordinator | INFO | [STAGE cache] Rebalancing ownership for final training GPU0=[1, 2, 4, 5, 6, 9, 10] GPU1=[3, 7, 8]
2026-08-09 06:52:09,666 | fedcaps-coordinator | INFO | [STAGE final] Start 10 personalized rounds; one full-data local epoch per round
2026-08-09 06:54:16,511 | fedcaps-coordinator | INFO | [STAGE final] round=1/10 mean_train_loss=1.056096 mean_accuracy=0.180298 mean_macro_f1=0.026593 seconds=126.85
2026-08-09 06:56:19,915 | fedcaps-coordinator | INFO | [STAGE final] round=2/10 mean_train_loss=0.706328 mean_accuracy=0.192369 mean_macro_f1=0.031611 seconds=123.40
2026-08-09 06:58:24,198 | fedcaps-coordinator | INFO | [STAGE final] round=3/10 mean_train_loss=0.556017 mean_accuracy=0.195364 mean_macro_f1=0.035364 seconds=124.28
2026-08-09 07:00:27,433 | fedcaps-coordinator | INFO | [STAGE final] round=4/10 mean_train_loss=0.482005 mean_accuracy=0.204878 mean_macro_f1=0.039065 seconds=123.23
2026-08-09 07:02:30,533 | fedcaps-coordinator | INFO | [STAGE final] round=5/10 mean_train_loss=0.435490 mean_accuracy=0.214184 mean_macro_f1=0.043458 seconds=123.10
2026-08-09 07:04:34,011 | fedcaps-coordinator | INFO | [STAGE final] round=6/10 mean_train_loss=0.405956 mean_accuracy=0.221554 mean_macro_f1=0.049320 seconds=123.48
2026-08-09 07:06:36,737 | fedcaps-coordinator | INFO | [STAGE final] round=7/10 mean_train_loss=0.385847 mean_accuracy=0.224102 mean_macro_f1=0.052509 seconds=122.73
2026-08-09 07:08:40,222 | fedcaps-coordinator | INFO | [STAGE final] round=8/10 mean_train_loss=0.370321 mean_accuracy=0.225806 mean_macro_f1=0.055454 seconds=123.48
2026-08-09 07:10:42,426 | fedcaps-coordinator | INFO | [STAGE final] round=9/10 mean_train_loss=0.355969 mean_accuracy=0.226697 mean_macro_f1=0.056878 seconds=122.20
2026-08-09 07:12:44,691 | fedcaps-coordinator | INFO | [STAGE final] round=10/10 mean_train_loss=0.341325 mean_accuracy=0.230270 mean_macro_f1=0.061635 seconds=122.26
2026-08-09 07:12:47,353 | fedcaps-coordinator | INFO | Completed task10_fedcaps_10c_gru selected_features=6 evaluation_rows=100 seconds=5466.35 output_dir=/kaggle/working/task10_fedcaps_10c_gru
