2026-08-10 07:58:47,262 | INFO | MainProcess | Prepared client 1: train=28,368 validation=3,152
2026-08-10 07:59:01,266 | INFO | MainProcess | Prepared client 2: train=1,990,431 validation=221,158
2026-08-10 07:59:22,061 | INFO | MainProcess | Prepared client 3: train=3,355,604 validation=372,846
2026-08-10 07:59:32,502 | INFO | MainProcess | Prepared client 4: train=1,728,229 validation=192,025
2026-08-10 07:59:46,779 | INFO | MainProcess | Prepared client 5: train=2,278,693 validation=253,188
2026-08-10 08:00:01,262 | INFO | MainProcess | Prepared client 6: train=2,417,955 validation=268,662
2026-08-10 08:00:11,022 | INFO | MainProcess | Prepared client 7: train=1,642,476 validation=182,499
2026-08-10 08:01:19,066 | INFO | MainProcess | Prepared client 8: train=11,483,556 validation=1,275,953
2026-08-10 08:01:43,003 | INFO | MainProcess | Prepared client 9: train=3,918,771 validation=435,421
2026-08-10 08:02:05,125 | INFO | MainProcess | Prepared client 10: train=3,569,043 validation=396,564
2026-08-10 08:09:01,901 | INFO | MainProcess | Client assignment: {0: [3, 7, 8], 1: [1, 2, 4, 5, 6, 9, 10]}
2026-08-10 08:10:56,238 | INFO | MainProcess | Completed round 1/10
2026-08-10 08:12:52,213 | INFO | MainProcess | Completed round 2/10
2026-08-10 08:14:47,068 | INFO | MainProcess | Completed round 3/10
2026-08-10 08:16:41,850 | INFO | MainProcess | Completed round 4/10
2026-08-10 08:18:35,986 | INFO | MainProcess | Completed round 5/10
2026-08-10 08:20:30,525 | INFO | MainProcess | Completed round 6/10
2026-08-10 08:22:25,093 | INFO | MainProcess | Completed round 7/10
2026-08-10 08:24:20,491 | INFO | MainProcess | Completed round 8/10
2026-08-10 08:26:15,230 | INFO | MainProcess | Completed round 9/10
2026-08-10 08:28:10,409 | INFO | MainProcess | Completed round 10/10
2026-08-10 08:28:12,387 | INFO | MainProcess | Pipeline complete in 1310.26 seconds
