2026-08-10 08:06:25,362 | INFO | gpu_worker_0 | Worker 0 started on cuda:0
2026-08-10 08:06:25,370 | INFO | gpu_worker_0 | Starting task benchmark_gpu_0 (benchmark)
2026-08-10 08:06:31,604 | INFO | gpu_worker_0 | Starting task server_pretrain (pretrain)
2026-08-10 08:08:42,122 | INFO | gpu_worker_0 | Starting task initialize_gpu_0 (initialize)
2026-08-10 08:09:01,951 | INFO | gpu_worker_0 | Starting task round_001_gpu_0 (train_round)
2026-08-10 08:10:26,771 | INFO | gpu_worker_0 | Starting task client_test_round_001_gpu_0 (evaluate_clients)
2026-08-10 08:10:53,474 | INFO | gpu_worker_0 | Starting task server_test_round_001_gpu_0 (evaluate_server)
2026-08-10 08:10:56,273 | INFO | gpu_worker_0 | Starting task round_002_gpu_0 (train_round)
2026-08-10 08:12:21,583 | INFO | gpu_worker_0 | Starting task client_test_round_002_gpu_0 (evaluate_clients)
2026-08-10 08:12:49,423 | INFO | gpu_worker_0 | Starting task server_test_round_002_gpu_0 (evaluate_server)
2026-08-10 08:12:52,248 | INFO | gpu_worker_0 | Starting task round_003_gpu_0 (train_round)
2026-08-10 08:14:16,395 | INFO | gpu_worker_0 | Starting task client_test_round_003_gpu_0 (evaluate_clients)
2026-08-10 08:14:44,277 | INFO | gpu_worker_0 | Starting task server_test_round_003_gpu_0 (evaluate_server)
2026-08-10 08:14:47,107 | INFO | gpu_worker_0 | Starting task round_004_gpu_0 (train_round)
2026-08-10 08:16:11,175 | INFO | gpu_worker_0 | Starting task client_test_round_004_gpu_0 (evaluate_clients)
2026-08-10 08:16:39,050 | INFO | gpu_worker_0 | Starting task server_test_round_004_gpu_0 (evaluate_server)
2026-08-10 08:16:41,886 | INFO | gpu_worker_0 | Starting task round_005_gpu_0 (train_round)
2026-08-10 08:18:05,345 | INFO | gpu_worker_0 | Starting task client_test_round_005_gpu_0 (evaluate_clients)
2026-08-10 08:18:33,194 | INFO | gpu_worker_0 | Starting task server_test_round_005_gpu_0 (evaluate_server)
2026-08-10 08:18:36,020 | INFO | gpu_worker_0 | Starting task round_006_gpu_0 (train_round)
2026-08-10 08:19:59,854 | INFO | gpu_worker_0 | Starting task client_test_round_006_gpu_0 (evaluate_clients)
2026-08-10 08:20:27,722 | INFO | gpu_worker_0 | Starting task server_test_round_006_gpu_0 (evaluate_server)
2026-08-10 08:20:30,559 | INFO | gpu_worker_0 | Starting task round_007_gpu_0 (train_round)
2026-08-10 08:21:54,428 | INFO | gpu_worker_0 | Starting task client_test_round_007_gpu_0 (evaluate_clients)
2026-08-10 08:22:22,288 | INFO | gpu_worker_0 | Starting task server_test_round_007_gpu_0 (evaluate_server)
2026-08-10 08:22:25,135 | INFO | gpu_worker_0 | Starting task round_008_gpu_0 (train_round)
2026-08-10 08:23:49,861 | INFO | gpu_worker_0 | Starting task client_test_round_008_gpu_0 (evaluate_clients)
2026-08-10 08:24:17,688 | INFO | gpu_worker_0 | Starting task server_test_round_008_gpu_0 (evaluate_server)
2026-08-10 08:24:20,527 | INFO | gpu_worker_0 | Starting task round_009_gpu_0 (train_round)
2026-08-10 08:25:44,566 | INFO | gpu_worker_0 | Starting task client_test_round_009_gpu_0 (evaluate_clients)
2026-08-10 08:26:12,420 | INFO | gpu_worker_0 | Starting task server_test_round_009_gpu_0 (evaluate_server)
2026-08-10 08:26:15,338 | INFO | gpu_worker_0 | Starting task round_010_gpu_0 (train_round)
2026-08-10 08:27:39,709 | INFO | gpu_worker_0 | Starting task client_test_round_010_gpu_0 (evaluate_clients)
2026-08-10 08:28:07,579 | INFO | gpu_worker_0 | Starting task server_test_round_010_gpu_0 (evaluate_server)
2026-08-10 08:28:12,390 | INFO | gpu_worker_0 | Starting task shutdown_gpu_0 (shutdown)
2026-08-10 08:28:12,390 | INFO | gpu_worker_0 | Worker 0 shutting down
