2026-08-10 08:06:25,360 | INFO | gpu_worker_1 | Worker 1 started on cuda:1
2026-08-10 08:06:25,370 | INFO | gpu_worker_1 | Starting task benchmark_gpu_1 (benchmark)
2026-08-10 08:08:42,122 | INFO | gpu_worker_1 | Starting task initialize_gpu_1 (initialize)
2026-08-10 08:09:01,992 | INFO | gpu_worker_1 | Starting task round_001_gpu_1 (train_round)
2026-08-10 08:10:26,760 | INFO | gpu_worker_1 | Starting task client_test_round_001_gpu_1 (evaluate_clients)
2026-08-10 08:10:53,474 | INFO | gpu_worker_1 | Starting task server_test_round_001_gpu_1 (evaluate_server)
2026-08-10 08:10:56,293 | INFO | gpu_worker_1 | Starting task round_002_gpu_1 (train_round)
2026-08-10 08:12:21,583 | INFO | gpu_worker_1 | Starting task client_test_round_002_gpu_1 (evaluate_clients)
2026-08-10 08:12:49,423 | INFO | gpu_worker_1 | Starting task server_test_round_002_gpu_1 (evaluate_server)
2026-08-10 08:12:52,269 | INFO | gpu_worker_1 | Starting task round_003_gpu_1 (train_round)
2026-08-10 08:14:16,395 | INFO | gpu_worker_1 | Starting task client_test_round_003_gpu_1 (evaluate_clients)
2026-08-10 08:14:44,278 | INFO | gpu_worker_1 | Starting task server_test_round_003_gpu_1 (evaluate_server)
2026-08-10 08:14:47,128 | INFO | gpu_worker_1 | Starting task round_004_gpu_1 (train_round)
2026-08-10 08:16:11,177 | INFO | gpu_worker_1 | Starting task client_test_round_004_gpu_1 (evaluate_clients)
2026-08-10 08:16:39,051 | INFO | gpu_worker_1 | Starting task server_test_round_004_gpu_1 (evaluate_server)
2026-08-10 08:16:41,904 | INFO | gpu_worker_1 | Starting task round_005_gpu_1 (train_round)
2026-08-10 08:18:05,345 | INFO | gpu_worker_1 | Starting task client_test_round_005_gpu_1 (evaluate_clients)
2026-08-10 08:18:33,193 | INFO | gpu_worker_1 | Starting task server_test_round_005_gpu_1 (evaluate_server)
2026-08-10 08:18:36,045 | INFO | gpu_worker_1 | Starting task round_006_gpu_1 (train_round)
2026-08-10 08:19:59,856 | INFO | gpu_worker_1 | Starting task client_test_round_006_gpu_1 (evaluate_clients)
2026-08-10 08:20:27,723 | INFO | gpu_worker_1 | Starting task server_test_round_006_gpu_1 (evaluate_server)
2026-08-10 08:20:30,578 | INFO | gpu_worker_1 | Starting task round_007_gpu_1 (train_round)
2026-08-10 08:21:54,428 | INFO | gpu_worker_1 | Starting task client_test_round_007_gpu_1 (evaluate_clients)
2026-08-10 08:22:22,288 | INFO | gpu_worker_1 | Starting task server_test_round_007_gpu_1 (evaluate_server)
2026-08-10 08:22:25,157 | INFO | gpu_worker_1 | Starting task round_008_gpu_1 (train_round)
2026-08-10 08:23:49,863 | INFO | gpu_worker_1 | Starting task client_test_round_008_gpu_1 (evaluate_clients)
2026-08-10 08:24:17,688 | INFO | gpu_worker_1 | Starting task server_test_round_008_gpu_1 (evaluate_server)
2026-08-10 08:24:20,548 | INFO | gpu_worker_1 | Starting task round_009_gpu_1 (train_round)
2026-08-10 08:25:44,563 | INFO | gpu_worker_1 | Starting task client_test_round_009_gpu_1 (evaluate_clients)
2026-08-10 08:26:12,422 | INFO | gpu_worker_1 | Starting task server_test_round_009_gpu_1 (evaluate_server)
2026-08-10 08:26:15,359 | INFO | gpu_worker_1 | Starting task round_010_gpu_1 (train_round)
2026-08-10 08:27:39,709 | INFO | gpu_worker_1 | Starting task client_test_round_010_gpu_1 (evaluate_clients)
2026-08-10 08:28:07,578 | INFO | gpu_worker_1 | Starting task server_test_round_010_gpu_1 (evaluate_server)
2026-08-10 08:28:12,390 | INFO | gpu_worker_1 | Starting task shutdown_gpu_1 (shutdown)
2026-08-10 08:28:12,390 | INFO | gpu_worker_1 | Worker 1 shutting down
