2026-08-08 22:58:59,684 | INFO | gpu_worker_0 | Worker 0 started on cuda:0
2026-08-08 22:58:59,685 | INFO | gpu_worker_0 | Starting task benchmark_gpu_0 (benchmark)
2026-08-08 22:59:03,874 | INFO | gpu_worker_0 | Starting task initialize_gpu_0 (initialize)
2026-08-08 22:59:20,735 | INFO | gpu_worker_0 | Starting task round_001_gpu_0 (train_round)
2026-08-08 23:01:28,323 | INFO | gpu_worker_0 | Starting task server_test_round_001_gpu_0 (evaluate_server)
2026-08-08 23:01:31,624 | INFO | gpu_worker_0 | Starting task round_002_gpu_0 (train_round)
2026-08-08 23:03:35,776 | INFO | gpu_worker_0 | Starting task server_test_round_002_gpu_0 (evaluate_server)
2026-08-08 23:03:38,945 | INFO | gpu_worker_0 | Starting task round_003_gpu_0 (train_round)
2026-08-08 23:05:45,128 | INFO | gpu_worker_0 | Starting task server_test_round_003_gpu_0 (evaluate_server)
2026-08-08 23:05:48,301 | INFO | gpu_worker_0 | Starting task round_004_gpu_0 (train_round)
2026-08-08 23:07:54,652 | INFO | gpu_worker_0 | Starting task server_test_round_004_gpu_0 (evaluate_server)
2026-08-08 23:07:57,828 | INFO | gpu_worker_0 | Starting task round_005_gpu_0 (train_round)
2026-08-08 23:10:03,731 | INFO | gpu_worker_0 | Starting task server_test_round_005_gpu_0 (evaluate_server)
2026-08-08 23:10:07,017 | INFO | gpu_worker_0 | Starting task round_006_gpu_0 (train_round)
2026-08-08 23:12:14,967 | INFO | gpu_worker_0 | Starting task server_test_round_006_gpu_0 (evaluate_server)
2026-08-08 23:12:18,175 | INFO | gpu_worker_0 | Starting task round_007_gpu_0 (train_round)
2026-08-08 23:14:25,130 | INFO | gpu_worker_0 | Starting task server_test_round_007_gpu_0 (evaluate_server)
2026-08-08 23:14:28,322 | INFO | gpu_worker_0 | Starting task round_008_gpu_0 (train_round)
2026-08-08 23:16:35,642 | INFO | gpu_worker_0 | Starting task server_test_round_008_gpu_0 (evaluate_server)
2026-08-08 23:16:38,834 | INFO | gpu_worker_0 | Starting task round_009_gpu_0 (train_round)
2026-08-08 23:18:45,877 | INFO | gpu_worker_0 | Starting task server_test_round_009_gpu_0 (evaluate_server)
2026-08-08 23:18:49,043 | INFO | gpu_worker_0 | Starting task round_010_gpu_0 (train_round)
2026-08-08 23:20:56,567 | INFO | gpu_worker_0 | Starting task server_test_round_010_gpu_0 (evaluate_server)
2026-08-08 23:21:01,355 | INFO | gpu_worker_0 | Starting task shutdown_gpu_0 (shutdown)
2026-08-08 23:21:01,355 | INFO | gpu_worker_0 | Worker 0 shutting down
