2026-08-10 09:21:52,773 | INFO | gpu_worker_0 | Worker 0 started on cuda:0
2026-08-10 09:21:52,774 | INFO | gpu_worker_0 | Starting task benchmark_gpu_0 (benchmark)
2026-08-10 09:21:59,055 | INFO | gpu_worker_0 | Starting task server_pretrain (pretrain)
2026-08-10 09:29:52,744 | INFO | gpu_worker_0 | Starting task initialize_gpu_0 (initialize)
2026-08-10 09:30:12,760 | INFO | gpu_worker_0 | Starting task round_001_gpu_0 (train_round)
2026-08-10 09:34:54,392 | INFO | gpu_worker_0 | Starting task client_test_round_001_gpu_0 (evaluate_clients)
2026-08-10 09:37:36,523 | INFO | gpu_worker_0 | Starting task server_test_round_001_gpu_0 (evaluate_server)
2026-08-10 09:37:53,012 | INFO | gpu_worker_0 | Starting task round_002_gpu_0 (train_round)
2026-08-10 09:42:32,590 | INFO | gpu_worker_0 | Starting task client_test_round_002_gpu_0 (evaluate_clients)
2026-08-10 09:45:14,857 | INFO | gpu_worker_0 | Starting task server_test_round_002_gpu_0 (evaluate_server)
2026-08-10 09:45:31,217 | INFO | gpu_worker_0 | Starting task round_003_gpu_0 (train_round)
2026-08-10 09:50:09,751 | INFO | gpu_worker_0 | Starting task client_test_round_003_gpu_0 (evaluate_clients)
2026-08-10 09:52:52,283 | INFO | gpu_worker_0 | Starting task server_test_round_003_gpu_0 (evaluate_server)
2026-08-10 09:53:08,670 | INFO | gpu_worker_0 | Starting task round_004_gpu_0 (train_round)
2026-08-10 09:57:47,611 | INFO | gpu_worker_0 | Starting task client_test_round_004_gpu_0 (evaluate_clients)
2026-08-10 10:00:30,093 | INFO | gpu_worker_0 | Starting task server_test_round_004_gpu_0 (evaluate_server)
2026-08-10 10:00:46,479 | INFO | gpu_worker_0 | Starting task round_005_gpu_0 (train_round)
2026-08-10 10:05:25,277 | INFO | gpu_worker_0 | Starting task client_test_round_005_gpu_0 (evaluate_clients)
2026-08-10 10:08:07,679 | INFO | gpu_worker_0 | Starting task server_test_round_005_gpu_0 (evaluate_server)
2026-08-10 10:08:24,081 | INFO | gpu_worker_0 | Starting task round_006_gpu_0 (train_round)
2026-08-10 10:13:02,323 | INFO | gpu_worker_0 | Starting task client_test_round_006_gpu_0 (evaluate_clients)
2026-08-10 10:15:44,447 | INFO | gpu_worker_0 | Starting task server_test_round_006_gpu_0 (evaluate_server)
2026-08-10 10:16:00,811 | INFO | gpu_worker_0 | Starting task round_007_gpu_0 (train_round)
2026-08-10 10:20:39,169 | INFO | gpu_worker_0 | Starting task client_test_round_007_gpu_0 (evaluate_clients)
2026-08-10 10:23:21,623 | INFO | gpu_worker_0 | Starting task server_test_round_007_gpu_0 (evaluate_server)
2026-08-10 10:23:37,999 | INFO | gpu_worker_0 | Starting task round_008_gpu_0 (train_round)
2026-08-10 10:28:16,587 | INFO | gpu_worker_0 | Starting task client_test_round_008_gpu_0 (evaluate_clients)
2026-08-10 10:30:58,916 | INFO | gpu_worker_0 | Starting task server_test_round_008_gpu_0 (evaluate_server)
2026-08-10 10:31:15,306 | INFO | gpu_worker_0 | Starting task round_009_gpu_0 (train_round)
2026-08-10 10:35:53,533 | INFO | gpu_worker_0 | Starting task client_test_round_009_gpu_0 (evaluate_clients)
2026-08-10 10:38:35,730 | INFO | gpu_worker_0 | Starting task server_test_round_009_gpu_0 (evaluate_server)
2026-08-10 10:38:52,116 | INFO | gpu_worker_0 | Starting task round_010_gpu_0 (train_round)
2026-08-10 10:43:30,058 | INFO | gpu_worker_0 | Starting task client_test_round_010_gpu_0 (evaluate_clients)
2026-08-10 10:46:12,403 | INFO | gpu_worker_0 | Starting task server_test_round_010_gpu_0 (evaluate_server)
2026-08-10 10:46:30,542 | INFO | gpu_worker_0 | Starting task shutdown_gpu_0 (shutdown)
2026-08-10 10:46:30,542 | INFO | gpu_worker_0 | Worker 0 shutting down
