2026-08-10 15:52:20,980 | INFO | gpu_worker_0 | Worker 0 started on cuda:0
2026-08-10 15:52:20,991 | INFO | gpu_worker_0 | Starting task benchmark_gpu_0 (benchmark)
2026-08-10 15:52:28,525 | INFO | gpu_worker_0 | Starting task initialize_gpu_0 (initialize)
2026-08-10 15:52:45,171 | INFO | gpu_worker_0 | Starting task round_001_gpu_0 (train_round)
2026-08-10 15:55:56,862 | INFO | gpu_worker_0 | Starting task client_test_round_001_gpu_0 (evaluate_clients)
2026-08-10 15:56:27,686 | INFO | gpu_worker_0 | Starting task round_002_gpu_0 (train_round)
2026-08-10 15:59:41,562 | INFO | gpu_worker_0 | Starting task client_test_round_002_gpu_0 (evaluate_clients)
2026-08-10 16:00:10,862 | INFO | gpu_worker_0 | Starting task round_003_gpu_0 (train_round)
2026-08-10 16:03:21,562 | INFO | gpu_worker_0 | Starting task client_test_round_003_gpu_0 (evaluate_clients)
2026-08-10 16:03:50,617 | INFO | gpu_worker_0 | Starting task round_004_gpu_0 (train_round)
2026-08-10 16:07:03,059 | INFO | gpu_worker_0 | Starting task client_test_round_004_gpu_0 (evaluate_clients)
2026-08-10 16:07:32,113 | INFO | gpu_worker_0 | Starting task round_005_gpu_0 (train_round)
2026-08-10 16:10:44,765 | INFO | gpu_worker_0 | Starting task client_test_round_005_gpu_0 (evaluate_clients)
2026-08-10 16:11:13,385 | INFO | gpu_worker_0 | Starting task round_006_gpu_0 (train_round)
2026-08-10 16:14:27,684 | INFO | gpu_worker_0 | Starting task client_test_round_006_gpu_0 (evaluate_clients)
2026-08-10 16:14:57,200 | INFO | gpu_worker_0 | Starting task round_007_gpu_0 (train_round)
2026-08-10 16:18:08,821 | INFO | gpu_worker_0 | Starting task client_test_round_007_gpu_0 (evaluate_clients)
2026-08-10 16:18:38,260 | INFO | gpu_worker_0 | Starting task round_008_gpu_0 (train_round)
2026-08-10 16:21:51,447 | INFO | gpu_worker_0 | Starting task client_test_round_008_gpu_0 (evaluate_clients)
2026-08-10 16:22:20,184 | INFO | gpu_worker_0 | Starting task round_009_gpu_0 (train_round)
2026-08-10 16:25:31,670 | INFO | gpu_worker_0 | Starting task client_test_round_009_gpu_0 (evaluate_clients)
2026-08-10 16:26:00,961 | INFO | gpu_worker_0 | Starting task round_010_gpu_0 (train_round)
2026-08-10 16:29:13,316 | INFO | gpu_worker_0 | Starting task client_test_round_010_gpu_0 (evaluate_clients)
2026-08-10 16:29:44,991 | INFO | gpu_worker_0 | Starting task shutdown_gpu_0 (shutdown)
2026-08-10 16:29:44,991 | INFO | gpu_worker_0 | Worker 0 shutting down
