2026-08-08 22:01:01,295 | INFO | gpu_worker_1 | Worker 1 started on cuda:1
2026-08-08 22:01:01,296 | INFO | gpu_worker_1 | Starting task benchmark_gpu_1 (benchmark)
2026-08-08 22:01:07,722 | INFO | gpu_worker_1 | Starting task initialize_gpu_1 (initialize)
2026-08-08 22:01:24,624 | INFO | gpu_worker_1 | Starting task round_001_gpu_1 (train_round)
2026-08-08 22:03:44,076 | INFO | gpu_worker_1 | Starting task server_test_round_001_gpu_1 (evaluate_server)
2026-08-08 22:03:48,643 | INFO | gpu_worker_1 | Starting task round_002_gpu_1 (train_round)
2026-08-08 22:06:08,134 | INFO | gpu_worker_1 | Starting task server_test_round_002_gpu_1 (evaluate_server)
2026-08-08 22:06:12,431 | INFO | gpu_worker_1 | Starting task round_003_gpu_1 (train_round)
2026-08-08 22:08:33,119 | INFO | gpu_worker_1 | Starting task server_test_round_003_gpu_1 (evaluate_server)
2026-08-08 22:08:37,389 | INFO | gpu_worker_1 | Starting task round_004_gpu_1 (train_round)
2026-08-08 22:10:58,172 | INFO | gpu_worker_1 | Starting task server_test_round_004_gpu_1 (evaluate_server)
2026-08-08 22:11:02,470 | INFO | gpu_worker_1 | Starting task round_005_gpu_1 (train_round)
2026-08-08 22:13:24,469 | INFO | gpu_worker_1 | Starting task server_test_round_005_gpu_1 (evaluate_server)
2026-08-08 22:13:28,759 | INFO | gpu_worker_1 | Starting task round_006_gpu_1 (train_round)
2026-08-08 22:15:53,605 | INFO | gpu_worker_1 | Starting task server_test_round_006_gpu_1 (evaluate_server)
2026-08-08 22:15:57,867 | INFO | gpu_worker_1 | Starting task round_007_gpu_1 (train_round)
2026-08-08 22:18:20,618 | INFO | gpu_worker_1 | Starting task server_test_round_007_gpu_1 (evaluate_server)
2026-08-08 22:18:24,897 | INFO | gpu_worker_1 | Starting task round_008_gpu_1 (train_round)
2026-08-08 22:20:45,621 | INFO | gpu_worker_1 | Starting task server_test_round_008_gpu_1 (evaluate_server)
2026-08-08 22:20:49,893 | INFO | gpu_worker_1 | Starting task round_009_gpu_1 (train_round)
2026-08-08 22:23:10,504 | INFO | gpu_worker_1 | Starting task server_test_round_009_gpu_1 (evaluate_server)
2026-08-08 22:23:14,745 | INFO | gpu_worker_1 | Starting task round_010_gpu_1 (train_round)
2026-08-08 22:25:33,337 | INFO | gpu_worker_1 | Starting task server_test_round_010_gpu_1 (evaluate_server)
2026-08-08 22:25:39,284 | INFO | gpu_worker_1 | Starting task shutdown_gpu_1 (shutdown)
2026-08-08 22:25:39,284 | INFO | gpu_worker_1 | Worker 1 shutting down
