2026-08-10 15:52:20,984 | INFO | gpu_worker_1 | Worker 1 started on cuda:1
2026-08-10 15:52:20,991 | INFO | gpu_worker_1 | Starting task benchmark_gpu_1 (benchmark)
2026-08-10 15:52:28,525 | INFO | gpu_worker_1 | Starting task initialize_gpu_1 (initialize)
2026-08-10 15:52:45,140 | INFO | gpu_worker_1 | Starting task round_001_gpu_1 (train_round)
2026-08-10 15:55:56,868 | INFO | gpu_worker_1 | Starting task client_test_round_001_gpu_1 (evaluate_clients)
2026-08-10 15:56:27,662 | INFO | gpu_worker_1 | Starting task round_002_gpu_1 (train_round)
2026-08-10 15:59:41,562 | INFO | gpu_worker_1 | Starting task client_test_round_002_gpu_1 (evaluate_clients)
2026-08-10 16:00:10,840 | INFO | gpu_worker_1 | Starting task round_003_gpu_1 (train_round)
2026-08-10 16:03:21,561 | INFO | gpu_worker_1 | Starting task client_test_round_003_gpu_1 (evaluate_clients)
2026-08-10 16:03:50,595 | INFO | gpu_worker_1 | Starting task round_004_gpu_1 (train_round)
2026-08-10 16:07:03,061 | INFO | gpu_worker_1 | Starting task client_test_round_004_gpu_1 (evaluate_clients)
2026-08-10 16:07:32,093 | INFO | gpu_worker_1 | Starting task round_005_gpu_1 (train_round)
2026-08-10 16:10:44,765 | INFO | gpu_worker_1 | Starting task client_test_round_005_gpu_1 (evaluate_clients)
2026-08-10 16:11:13,363 | INFO | gpu_worker_1 | Starting task round_006_gpu_1 (train_round)
2026-08-10 16:14:27,683 | INFO | gpu_worker_1 | Starting task client_test_round_006_gpu_1 (evaluate_clients)
2026-08-10 16:14:57,179 | INFO | gpu_worker_1 | Starting task round_007_gpu_1 (train_round)
2026-08-10 16:18:08,821 | INFO | gpu_worker_1 | Starting task client_test_round_007_gpu_1 (evaluate_clients)
2026-08-10 16:18:38,241 | INFO | gpu_worker_1 | Starting task round_008_gpu_1 (train_round)
2026-08-10 16:21:51,446 | INFO | gpu_worker_1 | Starting task client_test_round_008_gpu_1 (evaluate_clients)
2026-08-10 16:22:20,163 | INFO | gpu_worker_1 | Starting task round_009_gpu_1 (train_round)
2026-08-10 16:25:31,669 | INFO | gpu_worker_1 | Starting task client_test_round_009_gpu_1 (evaluate_clients)
2026-08-10 16:26:00,938 | INFO | gpu_worker_1 | Starting task round_010_gpu_1 (train_round)
2026-08-10 16:29:13,315 | INFO | gpu_worker_1 | Starting task client_test_round_010_gpu_1 (evaluate_clients)
2026-08-10 16:29:44,991 | INFO | gpu_worker_1 | Starting task shutdown_gpu_1 (shutdown)
2026-08-10 16:29:44,991 | INFO | gpu_worker_1 | Worker 1 shutting down
